Trial status: 400 TERMINATED
Current time: 2025-11-19 12:38:20. Total running time: 14min 41s
Logical resource usage: 2.0/10 CPUs, 1.0/4 GPUs (0.0/1.0 accelerator_type:G)
╭─────────────────────────────────────────────────────────────────────────────────────────────────────────────────────────────────╮
│ Trial name                       status       config                   iter     total time (s)       loss        acc       bacc │
├─────────────────────────────────────────────────────────────────────────────────────────────────────────────────────────────────┤
│ exploitation_train_85dbf_00000   TERMINATED   ...lookahead': True}        4           10.4767    0.368901   0.804074   0.828563 │
│ exploitation_train_85dbf_00001   TERMINATED   ...lookahead': True}        4           10.6578    0.367291   0.809192   0.828584 │
│ exploitation_train_85dbf_00002   TERMINATED   ...ookahead': False}        2            4.97402   0.382327   0.83376    0.821043 │
│ exploitation_train_85dbf_00003   TERMINATED   ...ookahead': False}        4            5.52904   0.576812   0.854028   0.825979 │
│ exploitation_train_85dbf_00004   TERMINATED   ...lookahead': True}        1            2.24129   0.598156   0.847784   0.792069 │
│ exploitation_train_85dbf_00005   TERMINATED   ...lookahead': True}        1            2.33271   0.598156   0.847784   0.792069 │
│ exploitation_train_85dbf_00006   TERMINATED   ...ookahead': False}        2            4.02387   0.389616   0.831815   0.819448 │
│ exploitation_train_85dbf_00007   TERMINATED   ...lookahead': True}        2            4.43083   0.383359   0.825673   0.821653 │
│ exploitation_train_85dbf_00008   TERMINATED   ...lookahead': True}        2            4.32846   0.377869   0.82383    0.821101 │
│ exploitation_train_85dbf_00009   TERMINATED   ...ookahead': False}        2            5.02174   0.382453   0.827618   0.819981 │
│ exploitation_train_85dbf_00010   TERMINATED   ...ookahead': False}        2            3.94898   0.383193   0.826594   0.819109 │
│ exploitation_train_85dbf_00011   TERMINATED   ...lookahead': True}        4            7.59716   0.379894   0.825468   0.823347 │
│ exploitation_train_85dbf_00012   TERMINATED   ...lookahead': True}        4            7.36751   0.383767   0.825468   0.822487 │
│ exploitation_train_85dbf_00013   TERMINATED   ...lookahead': True}        4            9.52477   0.376134   0.815539   0.823969 │
│ exploitation_train_85dbf_00014   TERMINATED   ...lookahead': True}        2            4.31353   0.377733   0.822602   0.821552 │
│ exploitation_train_85dbf_00015   TERMINATED   ...lookahead': True}        1            1.73218   0.425989   0.822295   0.818847 │
│ exploitation_train_85dbf_00016   TERMINATED   ...lookahead': True}        1            1.90591   0.380166   0.819941   0.818179 │
│ exploitation_train_85dbf_00017   TERMINATED   ...lookahead': True}        1            1.91566   0.380166   0.819941   0.818179 │
│ exploitation_train_85dbf_00018   TERMINATED   ...ookahead': False}        1            2.4353    0.392799   0.836012   0.815991 │
│ exploitation_train_85dbf_00019   TERMINATED   ...lookahead': True}        2            3.32201   0.390381   0.831303   0.821104 │
│ exploitation_train_85dbf_00020   TERMINATED   ...lookahead': True}        2            4.515     0.391348   0.828335   0.821058 │
│ exploitation_train_85dbf_00021   TERMINATED   ...lookahead': True}        4            7.6088    0.368881   0.804688   0.828673 │
│ exploitation_train_85dbf_00022   TERMINATED   ...lookahead': True}        4            8.64156   0.375117   0.828539   0.824138 │
│ exploitation_train_85dbf_00023   TERMINATED   ...lookahead': True}        4            9.54499   0.375484   0.808476   0.827792 │
│ exploitation_train_85dbf_00024   TERMINATED   ...lookahead': True}        4            9.75504   0.37738    0.828642   0.828066 │
│ exploitation_train_85dbf_00025   TERMINATED   ...lookahead': True}        1            2.85432   0.451282   0.854642   0.779428 │
│ exploitation_train_85dbf_00026   TERMINATED   ...lookahead': True}        1            2.92811   0.451282   0.854642   0.779428 │
│ exploitation_train_85dbf_00027   TERMINATED   ...lookahead': True}        2            3.25104   0.382874   0.826185   0.821091 │
│ exploitation_train_85dbf_00028   TERMINATED   ...lookahead': True}        1            2.11164   0.429465   0.821886   0.819017 │
│ exploitation_train_85dbf_00029   TERMINATED   ...lookahead': True}        1            2.54396   0.429465   0.821886   0.819017 │
│ exploitation_train_85dbf_00030   TERMINATED   ...lookahead': True}        4            8.36146   0.376534   0.825264   0.824498 │
│ exploitation_train_85dbf_00031   TERMINATED   ...ookahead': False}        1            2.32434   0.387736   0.829768   0.817749 │
│ exploitation_train_85dbf_00032   TERMINATED   ...lookahead': True}        2            3.1761    0.401127   0.825366   0.82076  │
│ exploitation_train_85dbf_00033   TERMINATED   ...lookahead': True}        4            9.11131   0.378175   0.8225     0.824006 │
│ exploitation_train_85dbf_00034   TERMINATED   ...lookahead': True}        4            8.99187   0.376172   0.817484   0.823758 │
│ exploitation_train_85dbf_00035   TERMINATED   ...lookahead': True}        4            8.6921    0.376424   0.821374   0.823174 │
│ exploitation_train_85dbf_00036   TERMINATED   ...ookahead': False}        1            2.16479   0.385495   0.826287   0.818686 │
│ exploitation_train_85dbf_00037   TERMINATED   ...ookahead': False}        1            2.80224   0.411523   0.835295   0.815813 │
│ exploitation_train_85dbf_00038   TERMINATED   ...lookahead': True}        4            9.51593   0.378545   0.821067   0.82574  │
│ exploitation_train_85dbf_00039   TERMINATED   ...lookahead': True}        2            4.77578   0.376917   0.822807   0.821822 │
│ exploitation_train_85dbf_00040   TERMINATED   ...lookahead': True}        4            7.42252   0.377671   0.818405   0.822299 │
│ exploitation_train_85dbf_00041   TERMINATED   ...ookahead': False}        4            9.24236   0.415514   0.845941   0.824818 │
│ exploitation_train_85dbf_00042   TERMINATED   ...ookahead': False}        4            9.29376   0.402962   0.824752   0.823534 │
│ exploitation_train_85dbf_00043   TERMINATED   ...lookahead': True}        4           13.0463    0.373935   0.832736   0.824622 │
│ exploitation_train_85dbf_00044   TERMINATED   ...ookahead': False}        1            2.62885   0.382094   0.821681   0.819762 │
│ exploitation_train_85dbf_00045   TERMINATED   ...lookahead': True}        1            2.2077    0.378195   0.817586   0.819563 │
│ exploitation_train_85dbf_00046   TERMINATED   ...ookahead': False}        1            2.83227   0.390452   0.83161    0.816908 │
│ exploitation_train_85dbf_00047   TERMINATED   ...ookahead': False}        2            4.01527   0.396993   0.827106   0.82025  │
│ exploitation_train_85dbf_00048   TERMINATED   ...lookahead': True}        4            7.09411   0.376697   0.821067   0.823669 │
│ exploitation_train_85dbf_00049   TERMINATED   ...lookahead': True}        4            6.9879    0.375825   0.819326   0.823369 │
│ exploitation_train_85dbf_00050   TERMINATED   ...lookahead': True}        4           10.2931    0.37603    0.8355     0.824666 │
│ exploitation_train_85dbf_00051   TERMINATED   ...lookahead': True}        4           10.2069    0.371468   0.814618   0.827184 │
│ exploitation_train_85dbf_00052   TERMINATED   ...ookahead': False}        1            2.89146   0.417609   0.824649   0.816584 │
│ exploitation_train_85dbf_00053   TERMINATED   ...ookahead': False}        1            2.97426   0.386213   0.831201   0.81576  │
│ exploitation_train_85dbf_00054   TERMINATED   ...ookahead': False}        1            2.76804   0.386213   0.831201   0.81576  │
│ exploitation_train_85dbf_00055   TERMINATED   ...ookahead': False}        1            2.29234   0.382122   0.822397   0.818035 │
│ exploitation_train_85dbf_00056   TERMINATED   ...ookahead': False}        1            1.90837   0.587232   0.842256   0.803532 │
│ exploitation_train_85dbf_00057   TERMINATED   ...lookahead': True}        4            9.10393   0.400677   0.821886   0.8229   │
│ exploitation_train_85dbf_00058   TERMINATED   ...lookahead': True}        4            9.52191   0.376408   0.817586   0.823813 │
│ exploitation_train_85dbf_00059   TERMINATED   ...lookahead': True}        2            4.61145   0.377575   0.819941   0.820377 │
│ exploitation_train_85dbf_00060   TERMINATED   ...lookahead': True}        2            5.02678   0.378429   0.821988   0.821874 │
│ exploitation_train_85dbf_00061   TERMINATED   ...lookahead': True}        4           13.5582    0.380714   0.822704   0.824951 │
│ exploitation_train_85dbf_00062   TERMINATED   ...lookahead': True}        4            7.75812   0.399298   0.818303   0.825988 │
│ exploitation_train_85dbf_00063   TERMINATED   ...ookahead': False}        1            2.29046   0.38444    0.829358   0.815135 │
│ exploitation_train_85dbf_00064   TERMINATED   ...ookahead': False}        1            2.23492   0.391451   0.823216   0.819452 │
│ exploitation_train_85dbf_00065   TERMINATED   ...ookahead': False}        1            2.37088   0.391451   0.823216   0.819452 │
│ exploitation_train_85dbf_00066   TERMINATED   ...lookahead': True}        1            2.21089   0.378709   0.821783   0.819243 │
│ exploitation_train_85dbf_00067   TERMINATED   ...lookahead': True}        1            2.27136   0.378709   0.821783   0.819243 │
│ exploitation_train_85dbf_00068   TERMINATED   ...lookahead': True}        4            7.91493   0.37936    0.814311   0.825776 │
│ exploitation_train_85dbf_00069   TERMINATED   ...lookahead': True}        2            3.93378   0.378102   0.81472    0.822809 │
│ exploitation_train_85dbf_00070   TERMINATED   ...ookahead': False}        1            2.18413   0.40518    0.829051   0.816252 │
│ exploitation_train_85dbf_00071   TERMINATED   ...lookahead': True}        2            4.14348   0.376977   0.820964   0.820904 │
│ exploitation_train_85dbf_00072   TERMINATED   ...lookahead': True}        4            7.77526   0.377408   0.820248   0.826062 │
│ exploitation_train_85dbf_00073   TERMINATED   ...ookahead': False}        1            2.27019   0.383602   0.820043   0.819125 │
│ exploitation_train_85dbf_00074   TERMINATED   ...ookahead': False}        1            2.26244   0.417387   0.829461   0.816082 │
│ exploitation_train_85dbf_00075   TERMINATED   ...ookahead': False}        1            2.21589   0.417387   0.829461   0.816082 │
│ exploitation_train_85dbf_00076   TERMINATED   ...lookahead': True}        2            4.21486   0.377384   0.815948   0.822308 │
│ exploitation_train_85dbf_00077   TERMINATED   ...lookahead': True}        4            9.97837   0.37716    0.806531   0.826739 │
│ exploitation_train_85dbf_00078   TERMINATED   ...lookahead': True}        4           10.1468    0.378767   0.822704   0.825653 │
│ exploitation_train_85dbf_00079   TERMINATED   ...lookahead': True}        1            3.01251   0.442166   0.856178   0.781903 │
│ exploitation_train_85dbf_00080   TERMINATED   ...ookahead': False}        2            4.5       0.384742   0.829358   0.820584 │
│ exploitation_train_85dbf_00081   TERMINATED   ...lookahead': True}        2            5.1129    0.380258   0.826697   0.821594 │
│ exploitation_train_85dbf_00082   TERMINATED   ...ookahead': False}        1            2.77075   0.385187   0.82639    0.819046 │
│ exploitation_train_85dbf_00083   TERMINATED   ...lookahead': True}        1            3.03462   0.415675   0.852493   0.800001 │
│ exploitation_train_85dbf_00084   TERMINATED   ...lookahead': True}        2            4.93689   0.377565   0.818712   0.820303 │
│ exploitation_train_85dbf_00085   TERMINATED   ...lookahead': True}        1            2.26125   0.379684   0.819326   0.818361 │
│ exploitation_train_85dbf_00086   TERMINATED   ...lookahead': True}        2            4.36603   0.37717    0.821271   0.822196 │
│ exploitation_train_85dbf_00087   TERMINATED   ...lookahead': True}        2            4.47526   0.377736   0.821271   0.821692 │
│ exploitation_train_85dbf_00088   TERMINATED   ...lookahead': True}        2            3.87954   0.377367   0.813594   0.821922 │
│ exploitation_train_85dbf_00089   TERMINATED   ...lookahead': True}        2            4.03219   0.377364   0.813594   0.821922 │
│ exploitation_train_85dbf_00090   TERMINATED   ...ookahead': False}        1            2.04343   0.390258   0.82639    0.815382 │
│ exploitation_train_85dbf_00091   TERMINATED   ...lookahead': True}        1            2.49008   0.380953   0.820862   0.819371 │
│ exploitation_train_85dbf_00092   TERMINATED   ...ookahead': False}        1            2.0325    0.40413    0.82987    0.816204 │
│ exploitation_train_85dbf_00093   TERMINATED   ...lookahead': True}        2            3.98487   0.381633   0.819224   0.821732 │
│ exploitation_train_85dbf_00094   TERMINATED   ...lookahead': True}        1            1.86232   0.597235   0.848603   0.799936 │
│ exploitation_train_85dbf_00095   TERMINATED   ...ookahead': False}        2            4.74743   0.393149   0.81124    0.822252 │
│ exploitation_train_85dbf_00096   TERMINATED   ...ookahead': False}        2            4.05308   0.377344   0.82383    0.820738 │
│ exploitation_train_85dbf_00097   TERMINATED   ...lookahead': True}        2            5.11726   0.382065   0.824035   0.821644 │
│ exploitation_train_85dbf_00098   TERMINATED   ...lookahead': True}        2            4.82405   0.380325   0.824035   0.822083 │
│ exploitation_train_85dbf_00099   TERMINATED   ...ookahead': False}        1            2.82293   0.3848     0.82639    0.819486 │
│ exploitation_train_85dbf_00100   TERMINATED   ...lookahead': True}        1            3.89326   0.448613   0.860272   0.781517 │
│ exploitation_train_85dbf_00101   TERMINATED   ...lookahead': True}        1            1.86129   0.378416   0.826492   0.819407 │
│ exploitation_train_85dbf_00102   TERMINATED   ...ookahead': False}        1            1.74378   0.383104   0.821374   0.818681 │
│ exploitation_train_85dbf_00103   TERMINATED   ...lookahead': True}        4            9.18481   0.379009   0.816256   0.82561  │
│ exploitation_train_85dbf_00104   TERMINATED   ...lookahead': True}        4            7.81338   0.37655    0.817382   0.825653 │
│ exploitation_train_85dbf_00105   TERMINATED   ...lookahead': True}        2            4.92312   0.378259   0.813799   0.821177 │
│ exploitation_train_85dbf_00106   TERMINATED   ...lookahead': True}        2            4.85338   0.378101   0.817689   0.820088 │
│ exploitation_train_85dbf_00107   TERMINATED   ...lookahead': True}        1            2.95356   0.447166   0.855256   0.778513 │
│ exploitation_train_85dbf_00108   TERMINATED   ...lookahead': True}        1            2.9889    0.447166   0.855256   0.778513 │
│ exploitation_train_85dbf_00109   TERMINATED   ...lookahead': True}        1            2.81258   0.4402     0.854949   0.783148 │
│ exploitation_train_85dbf_00110   TERMINATED   ...lookahead': True}        2            4.84511   0.378053   0.815641   0.82004  │
│ exploitation_train_85dbf_00111   TERMINATED   ...lookahead': True}        4            9.17392   0.377674   0.823319   0.822815 │
│ exploitation_train_85dbf_00112   TERMINATED   ...ookahead': False}        1            2.65077   0.386596   0.822909   0.817931 │
│ exploitation_train_85dbf_00113   TERMINATED   ...lookahead': True}        1            3.22233   0.410275   0.851059   0.800232 │
│ exploitation_train_85dbf_00114   TERMINATED   ...lookahead': True}        1            3.1642    0.410275   0.851059   0.800232 │
│ exploitation_train_85dbf_00115   TERMINATED   ...lookahead': True}        2            4.95924   0.376766   0.821374   0.821062 │
│ exploitation_train_85dbf_00116   TERMINATED   ...lookahead': True}        4            8.04252   0.377063   0.819941   0.824995 │
│ exploitation_train_85dbf_00117   TERMINATED   ...lookahead': True}        2            3.99386   0.378539   0.819838   0.821043 │
│ exploitation_train_85dbf_00118   TERMINATED   ...lookahead': True}        4           13.2221    0.37759    0.807247   0.825915 │
│ exploitation_train_85dbf_00119   TERMINATED   ...lookahead': True}        2            4.18871   0.376678   0.820145   0.822124 │
│ exploitation_train_85dbf_00120   TERMINATED   ...ookahead': False}        1            2.36812   0.380304   0.819736   0.81951  │
│ exploitation_train_85dbf_00121   TERMINATED   ...lookahead': True}        4            9.84199   0.37478    0.799058   0.827611 │
│ exploitation_train_85dbf_00122   TERMINATED   ...lookahead': True}        4            5.27426   0.382641   0.8225     0.825724 │
│ exploitation_train_85dbf_00123   TERMINATED   ...lookahead': True}        4            5.41793   0.373624   0.822295   0.826846 │
│ exploitation_train_85dbf_00124   TERMINATED   ...lookahead': True}        1            2.84997   0.381667   0.819122   0.818959 │
│ exploitation_train_85dbf_00125   TERMINATED   ...lookahead': True}        4            7.81073   0.380045   0.816665   0.824082 │
│ exploitation_train_85dbf_00126   TERMINATED   ...ookahead': False}        1            2.62109   0.385916   0.830996   0.814892 │
│ exploitation_train_85dbf_00127   TERMINATED   ...ookahead': False}        1            2.15464   0.385916   0.830996   0.814892 │
│ exploitation_train_85dbf_00128   TERMINATED   ...lookahead': True}        1            2.67416   0.378835   0.821476   0.819041 │
│ exploitation_train_85dbf_00129   TERMINATED   ...lookahead': True}        4            7.20715   0.375937   0.817484   0.824949 │
│ exploitation_train_85dbf_00130   TERMINATED   ...lookahead': True}        2            3.77001   0.377085   0.817484   0.821996 │
│ exploitation_train_85dbf_00131   TERMINATED   ...ookahead': False}        1            2.74945   0.388607   0.830075   0.817072 │
│ exploitation_train_85dbf_00132   TERMINATED   ...lookahead': True}        2            4.46433   0.394556   0.823626   0.821774 │
│ exploitation_train_85dbf_00133   TERMINATED   ...lookahead': True}        4           10.4283    0.371297   0.81687    0.825821 │
│ exploitation_train_85dbf_00134   TERMINATED   ...lookahead': True}        1            3.7097    0.442181   0.855052   0.779551 │
│ exploitation_train_85dbf_00135   TERMINATED   ...lookahead': True}        1            3.52622   0.438273   0.855564   0.784871 │
│ exploitation_train_85dbf_00136   TERMINATED   ...lookahead': True}        1            3.86684   0.45004    0.855666   0.777609 │
│ exploitation_train_85dbf_00137   TERMINATED   ...lookahead': True}        2            3.90851   0.395408   0.818917   0.821857 │
│ exploitation_train_85dbf_00138   TERMINATED   ...lookahead': True}        4           10.4101    0.374919   0.817996   0.82367  │
│ exploitation_train_85dbf_00139   TERMINATED   ...lookahead': True}        1            2.68919   0.379396   0.819429   0.818575 │
│ exploitation_train_85dbf_00140   TERMINATED   ...lookahead': True}        4            7.77552   0.378562   0.816665   0.82394  │
│ exploitation_train_85dbf_00141   TERMINATED   ...lookahead': True}        2            4.06802   0.379075   0.813185   0.821506 │
│ exploitation_train_85dbf_00142   TERMINATED   ...lookahead': True}        1            3.83403   0.403074   0.770396   0.818151 │
│ exploitation_train_85dbf_00143   TERMINATED   ...lookahead': True}        4           12.5622    0.372291   0.82035    0.827546 │
│ exploitation_train_85dbf_00144   TERMINATED   ...lookahead': True}        4            5.46065   0.3753     0.827516   0.82482  │
│ exploitation_train_85dbf_00145   TERMINATED   ...lookahead': True}        1            2.85556   0.380856   0.823523   0.819508 │
│ exploitation_train_85dbf_00146   TERMINATED   ...lookahead': True}        1            2.83614   0.380856   0.823523   0.819508 │
│ exploitation_train_85dbf_00147   TERMINATED   ...lookahead': True}        2            4.82315   0.37576    0.816767   0.821999 │
│ exploitation_train_85dbf_00148   TERMINATED   ...lookahead': True}        4            7.42498   0.374158   0.821783   0.825317 │
│ exploitation_train_85dbf_00149   TERMINATED   ...lookahead': True}        4            7.47089   0.379719   0.822193   0.823323 │
│ exploitation_train_85dbf_00150   TERMINATED   ...lookahead': True}        2            4.47342   0.377393   0.822704   0.821629 │
│ exploitation_train_85dbf_00151   TERMINATED   ...lookahead': True}        1            1.77932   0.39391    0.832327   0.817672 │
│ exploitation_train_85dbf_00152   TERMINATED   ...lookahead': True}        1            3.00828   0.415001   0.852493   0.798389 │
│ exploitation_train_85dbf_00153   TERMINATED   ...lookahead': True}        4            7.06115   0.399109   0.821374   0.824397 │
│ exploitation_train_85dbf_00154   TERMINATED   ...lookahead': True}        2            5.36324   0.376627   0.815539   0.821441 │
│ exploitation_train_85dbf_00155   TERMINATED   ...ookahead': False}        1            2.45464   0.425368   0.82987    0.815618 │
│ exploitation_train_85dbf_00156   TERMINATED   ...lookahead': True}        4           12.6361    0.372673   0.821374   0.826628 │
│ exploitation_train_85dbf_00157   TERMINATED   ...ookahead': False}        1            1.60857   0.389297   0.815539   0.819096 │
│ exploitation_train_85dbf_00158   TERMINATED   ...ookahead': False}        1            1.84683   0.389297   0.815539   0.819096 │
│ exploitation_train_85dbf_00159   TERMINATED   ...lookahead': True}        1            2.42278   0.37838    0.821988   0.819085 │
│ exploitation_train_85dbf_00160   TERMINATED   ...lookahead': True}        1            3.5551    0.447684   0.856075   0.779491 │
│ exploitation_train_85dbf_00161   TERMINATED   ...lookahead': True}        1            3.03559   0.445862   0.855154   0.779032 │
│ exploitation_train_85dbf_00162   TERMINATED   ...ookahead': False}        1            2.51396   0.38154    0.820964   0.81636  │
│ exploitation_train_85dbf_00163   TERMINATED   ...lookahead': True}        4            7.77444   0.380084   0.830587   0.823184 │
│ exploitation_train_85dbf_00164   TERMINATED   ...lookahead': True}        1            2.3219    0.379903   0.824342   0.819606 │
│ exploitation_train_85dbf_00165   TERMINATED   ...ookahead': False}        1            3.192     0.388413   0.819941   0.817153 │
│ exploitation_train_85dbf_00166   TERMINATED   ...lookahead': True}        1            3.8952    0.422792   0.850855   0.79057  │
│ exploitation_train_85dbf_00167   TERMINATED   ...ookahead': False}        4            8.07643   0.382341   0.818405   0.823997 │
│ exploitation_train_85dbf_00168   TERMINATED   ...ookahead': False}        2            4.01636   0.379618   0.818405   0.821259 │
│ exploitation_train_85dbf_00169   TERMINATED   ...lookahead': True}        2            4.01532   0.381605   0.824035   0.820541 │
│ exploitation_train_85dbf_00170   TERMINATED   ...lookahead': True}        2            3.03577   0.377161   0.822602   0.821966 │
│ exploitation_train_85dbf_00171   TERMINATED   ...lookahead': True}        4            5.59339   0.377514   0.822602   0.825779 │
│ exploitation_train_85dbf_00172   TERMINATED   ...lookahead': True}        4           13.2902    0.379366   0.825571   0.82493  │
│ exploitation_train_85dbf_00173   TERMINATED   ...ookahead': False}        4            5.77993   0.381741   0.825571   0.823626 │
│ exploitation_train_85dbf_00174   TERMINATED   ...ookahead': False}        2            3.12022   0.384988   0.827823   0.820868 │
│ exploitation_train_85dbf_00175   TERMINATED   ...lookahead': True}        1            2.88474   0.416105   0.852697   0.79823  │
│ exploitation_train_85dbf_00176   TERMINATED   ...lookahead': True}        4            6.66718   0.371629   0.816256   0.824183 │
│ exploitation_train_85dbf_00177   TERMINATED   ...ookahead': False}        1            2.81128   0.383554   0.817177   0.818561 │
│ exploitation_train_85dbf_00178   TERMINATED   ...ookahead': False}        2            3.89315   0.38333    0.826185   0.820084 │
│ exploitation_train_85dbf_00179   TERMINATED   ...lookahead': True}        4           11.2154    0.373359   0.824854   0.826905 │
│ exploitation_train_85dbf_00180   TERMINATED   ...lookahead': True}        1            2.95662   0.413381   0.852185   0.800239 │
│ exploitation_train_85dbf_00181   TERMINATED   ...ookahead': False}        1            2.42656   0.388548   0.825264   0.819332 │
│ exploitation_train_85dbf_00182   TERMINATED   ...ookahead': False}        1            2.97099   0.389446   0.823933   0.814793 │
│ exploitation_train_85dbf_00183   TERMINATED   ...lookahead': True}        2            3.98589   0.37675    0.819838   0.82075  │
│ exploitation_train_85dbf_00184   TERMINATED   ...lookahead': True}        4            7.75055   0.375612   0.814925   0.824243 │
│ exploitation_train_85dbf_00185   TERMINATED   ...lookahead': True}        1            1.73861   0.379644   0.817382   0.818402 │
│ exploitation_train_85dbf_00186   TERMINATED   ...lookahead': True}        2            4.80264   0.393179   0.814311   0.8221   │
│ exploitation_train_85dbf_00187   TERMINATED   ...lookahead': True}        4            5.59248   0.384112   0.819224   0.825392 │
│ exploitation_train_85dbf_00188   TERMINATED   ...lookahead': True}        4            9.70187   0.375469   0.81083    0.824031 │
│ exploitation_train_85dbf_00189   TERMINATED   ...lookahead': True}        4            5.62213   0.383864   0.814618   0.823791 │
│ exploitation_train_85dbf_00190   TERMINATED   ...lookahead': True}        4            5.41871   0.379157   0.816972   0.826958 │
│ exploitation_train_85dbf_00191   TERMINATED   ...lookahead': True}        4            5.71327   0.396622   0.816972   0.825408 │
│ exploitation_train_85dbf_00192   TERMINATED   ...ookahead': False}        4            8.71046   0.386733   0.81124    0.824857 │
│ exploitation_train_85dbf_00193   TERMINATED   ...ookahead': False}        4            8.70092   0.391103   0.808578   0.823103 │
│ exploitation_train_85dbf_00194   TERMINATED   ...lookahead': True}        1            2.65076   0.377793   0.818405   0.818928 │
│ exploitation_train_85dbf_00195   TERMINATED   ...lookahead': True}        1            2.56009   0.38155    0.826083   0.818405 │
│ exploitation_train_85dbf_00196   TERMINATED   ...lookahead': True}        4            9.73692   0.373128   0.809295   0.828399 │
│ exploitation_train_85dbf_00197   TERMINATED   ...lookahead': True}        4            9.44638   0.372688   0.828744   0.826732 │
│ exploitation_train_85dbf_00198   TERMINATED   ...ookahead': False}        1            2.44638   0.437976   0.810216   0.817796 │
│ exploitation_train_85dbf_00199   TERMINATED   ...ookahead': False}        4            6.73938   0.376933   0.827004   0.823623 │
│ exploitation_train_85dbf_00200   TERMINATED   ...lookahead': True}        4            8.16981   0.39149    0.823523   0.826908 │
│ exploitation_train_85dbf_00201   TERMINATED   ...lookahead': True}        4            5.39159   0.399666   0.818508   0.824712 │
│ exploitation_train_85dbf_00202   TERMINATED   ...ookahead': False}        4            9.25208   0.372751   0.826492   0.825953 │
│ exploitation_train_85dbf_00203   TERMINATED   ...ookahead': False}        2            4.69533   0.380889   0.830279   0.820314 │
│ exploitation_train_85dbf_00204   TERMINATED   ...lookahead': True}        4           10.2941    0.371778   0.8225     0.82501  │
│ exploitation_train_85dbf_00205   TERMINATED   ...ookahead': False}        1            2.31147   0.390109   0.836421   0.813915 │
│ exploitation_train_85dbf_00206   TERMINATED   ...lookahead': True}        4            7.73563   0.422269   0.823523   0.82358  │
│ exploitation_train_85dbf_00207   TERMINATED   ...lookahead': True}        2            3.83843   0.377416   0.819326   0.820596 │
│ exploitation_train_85dbf_00208   TERMINATED   ...lookahead': True}        1            3.19318   0.452537   0.856485   0.776242 │
│ exploitation_train_85dbf_00209   TERMINATED   ...lookahead': True}        1            2.4135    0.381259   0.821578   0.819842 │
│ exploitation_train_85dbf_00210   TERMINATED   ...lookahead': True}        2            4.23096   0.377374   0.817177   0.820906 │
│ exploitation_train_85dbf_00211   TERMINATED   ...lookahead': True}        2            3.97477   0.378575   0.817177   0.822499 │
│ exploitation_train_85dbf_00212   TERMINATED   ...lookahead': True}        1            1.92992   0.381697   0.82076    0.81945  │
│ exploitation_train_85dbf_00213   TERMINATED   ...lookahead': True}        1            2.09598   0.381697   0.82076    0.81945  │
│ exploitation_train_85dbf_00214   TERMINATED   ...ookahead': False}        1            2.10222   0.405237   0.830587   0.817555 │
│ exploitation_train_85dbf_00215   TERMINATED   ...ookahead': False}        1            2.27116   0.405237   0.830587   0.817555 │
│ exploitation_train_85dbf_00216   TERMINATED   ...lookahead': True}        1            3.07272   0.412913   0.850138   0.800359 │
│ exploitation_train_85dbf_00217   TERMINATED   ...lookahead': True}        1            2.15311   0.49083    0.853516   0.74527  │
│ exploitation_train_85dbf_00218   TERMINATED   ...ookahead': False}        1            2.30176   0.565169   0.850855   0.802882 │
│ exploitation_train_85dbf_00219   TERMINATED   ...lookahead': True}        4            7.27402   0.378306   0.818303   0.82376  │
│ exploitation_train_85dbf_00220   TERMINATED   ...lookahead': True}        2            3.96164   0.376919   0.821067   0.822088 │
│ exploitation_train_85dbf_00221   TERMINATED   ...lookahead': True}        1            1.76184   0.381336   0.826492   0.818674 │
│ exploitation_train_85dbf_00222   TERMINATED   ...lookahead': True}        1            1.9344    0.381336   0.826492   0.818674 │
│ exploitation_train_85dbf_00223   TERMINATED   ...ookahead': False}        4            8.98301   0.393524   0.817689   0.823967 │
│ exploitation_train_85dbf_00224   TERMINATED   ...ookahead': False}        1            2.74886   0.386086   0.822397   0.818914 │
│ exploitation_train_85dbf_00225   TERMINATED   ...lookahead': True}        1            2.30861   0.383979   0.828232   0.818499 │
│ exploitation_train_85dbf_00226   TERMINATED   ...lookahead': True}        4            5.77172   0.376287   0.822807   0.825884 │
│ exploitation_train_85dbf_00227   TERMINATED   ...ookahead': False}        2            3.95639   0.413432   0.833555   0.820546 │
│ exploitation_train_85dbf_00228   TERMINATED   ...lookahead': True}        1            1.81173   0.402884   0.83161    0.817055 │
│ exploitation_train_85dbf_00229   TERMINATED   ...ookahead': False}        1            2.6682    0.400936   0.825264   0.819186 │
│ exploitation_train_85dbf_00230   TERMINATED   ...lookahead': True}        1            2.49807   0.380484   0.827516   0.81964  │
│ exploitation_train_85dbf_00231   TERMINATED   ...lookahead': True}        1            2.70557   0.380484   0.827516   0.81964  │
│ exploitation_train_85dbf_00232   TERMINATED   ...lookahead': True}        1            3.22814   0.446742   0.85628    0.77772  │
│ exploitation_train_85dbf_00233   TERMINATED   ...lookahead': True}        2            5.16487   0.376349   0.817996   0.822792 │
│ exploitation_train_85dbf_00234   TERMINATED   ...ookahead': False}        4            8.09169   0.377577   0.826594   0.825262 │
│ exploitation_train_85dbf_00235   TERMINATED   ...ookahead': False}        1            1.8631    0.388935   0.825059   0.81568  │
│ exploitation_train_85dbf_00236   TERMINATED   ...lookahead': True}        1            2.8283    0.423765   0.85239    0.791432 │
│ exploitation_train_85dbf_00237   TERMINATED   ...lookahead': True}        1            2.89417   0.423765   0.85239    0.791432 │
│ exploitation_train_85dbf_00238   TERMINATED   ...lookahead': True}        1            2.43054   0.552215   0.849217   0.807228 │
│ exploitation_train_85dbf_00239   TERMINATED   ...lookahead': True}        1            2.22599   0.432777   0.854233   0.788393 │
│ exploitation_train_85dbf_00240   TERMINATED   ...lookahead': True}        1            2.98444   0.433506   0.854438   0.788528 │
│ exploitation_train_85dbf_00241   TERMINATED   ...lookahead': True}        2            2.86021   0.409233   0.819429   0.822533 │
│ exploitation_train_85dbf_00242   TERMINATED   ...lookahead': True}        1            2.4228    0.380076   0.814515   0.819889 │
│ exploitation_train_85dbf_00243   TERMINATED   ...lookahead': True}        1            2.57873   0.384151   0.820145   0.816554 │
│ exploitation_train_85dbf_00244   TERMINATED   ...lookahead': True}        2            4.30696   0.378559   0.822295   0.822417 │
│ exploitation_train_85dbf_00245   TERMINATED   ...lookahead': True}        1            2.21565   0.380187   0.826697   0.818369 │
│ exploitation_train_85dbf_00246   TERMINATED   ...lookahead': True}        1            2.4202    0.380187   0.826697   0.818369 │
│ exploitation_train_85dbf_00247   TERMINATED   ...lookahead': True}        1            3.97157   0.437954   0.855564   0.78531  │
│ exploitation_train_85dbf_00248   TERMINATED   ...ookahead': False}        1            2.21201   0.386023   0.827004   0.816812 │
│ exploitation_train_85dbf_00249   TERMINATED   ...lookahead': True}        4           10.072     0.379631   0.816972   0.825139 │
│ exploitation_train_85dbf_00250   TERMINATED   ...ookahead': False}        1            2.32048   0.394834   0.829665   0.815337 │
│ exploitation_train_85dbf_00251   TERMINATED   ...ookahead': False}        1            2.01762   0.389375   0.829256   0.817706 │
│ exploitation_train_85dbf_00252   TERMINATED   ...lookahead': True}        4            9.12326   0.373789   0.816256   0.823479 │
│ exploitation_train_85dbf_00253   TERMINATED   ...lookahead': True}        4            9.01417   0.375733   0.808169   0.823154 │
│ exploitation_train_85dbf_00254   TERMINATED   ...lookahead': True}        1            2.24113   0.378375   0.821988   0.819671 │
│ exploitation_train_85dbf_00255   TERMINATED   ...lookahead': True}        2            4.40017   0.381323   0.820043   0.822146 │
│ exploitation_train_85dbf_00256   TERMINATED   ...ookahead': False}        1            2.75042   0.385523   0.823319   0.8182   │
│ exploitation_train_85dbf_00257   TERMINATED   ...lookahead': True}        1            3.80789   0.431713   0.854745   0.788143 │
│ exploitation_train_85dbf_00258   TERMINATED   ...lookahead': True}        1            3.58461   0.431713   0.854745   0.788143 │
│ exploitation_train_85dbf_00259   TERMINATED   ...ookahead': False}        1            2.7991    0.384154   0.826901   0.819383 │
│ exploitation_train_85dbf_00260   TERMINATED   ...ookahead': False}        1            2.31875   0.38441    0.814515   0.819596 │
│ exploitation_train_85dbf_00261   TERMINATED   ...lookahead': True}        1            2.35425   0.38122    0.82598    0.818924 │
│ exploitation_train_85dbf_00262   TERMINATED   ...lookahead': True}        1            2.95312   0.38149    0.819224   0.81932  │
│ exploitation_train_85dbf_00263   TERMINATED   ...lookahead': True}        1            2.92139   0.38149    0.819224   0.81932  │
│ exploitation_train_85dbf_00264   TERMINATED   ...lookahead': True}        1            3.81667   0.40648    0.767735   0.814643 │
│ exploitation_train_85dbf_00265   TERMINATED   ...lookahead': True}        2            4.22255   0.423003   0.824035   0.821742 │
│ exploitation_train_85dbf_00266   TERMINATED   ...lookahead': True}        2            5.15259   0.377843   0.819326   0.821907 │
│ exploitation_train_85dbf_00267   TERMINATED   ...lookahead': True}        1            5.13251   0.407354   0.800287   0.81508  │
│ exploitation_train_85dbf_00268   TERMINATED   ...lookahead': True}        4            7.98426   0.383488   0.826287   0.825947 │
│ exploitation_train_85dbf_00269   TERMINATED   ...lookahead': True}        2            4.20206   0.377223   0.826287   0.820747 │
│ exploitation_train_85dbf_00270   TERMINATED   ...ookahead': False}        1            1.9751    0.391136   0.826697   0.816317 │
│ exploitation_train_85dbf_00271   TERMINATED   ...lookahead': True}        2            5.12602   0.421868   0.82424    0.821738 │
│ exploitation_train_85dbf_00272   TERMINATED   ...ookahead': False}        1            2.41351   0.384051   0.817996   0.819099 │
│ exploitation_train_85dbf_00273   TERMINATED   ...ookahead': False}        1            2.51078   0.384051   0.817996   0.819099 │
│ exploitation_train_85dbf_00274   TERMINATED   ...ookahead': False}        1            2.37747   0.384928   0.827618   0.818681 │
│ exploitation_train_85dbf_00275   TERMINATED   ...lookahead': True}        1            3.57798   0.447225   0.856792   0.782307 │
│ exploitation_train_85dbf_00276   TERMINATED   ...lookahead': True}        1            3.60414   0.447225   0.856792   0.782307 │
│ exploitation_train_85dbf_00277   TERMINATED   ...ookahead': False}        1            2.26363   0.383401   0.825878   0.818857 │
│ exploitation_train_85dbf_00278   TERMINATED   ...lookahead': True}        1            3.88157   0.426874   0.85454    0.791819 │
│ exploitation_train_85dbf_00279   TERMINATED   ...lookahead': True}        1            1.69058   0.591352   0.847272   0.798621 │
│ exploitation_train_85dbf_00280   TERMINATED   ...lookahead': True}        4           10.0474    0.374278   0.833657   0.826535 │
│ exploitation_train_85dbf_00281   TERMINATED   ...lookahead': True}        1            2.22219   0.396297   0.765687   0.817108 │
│ exploitation_train_85dbf_00282   TERMINATED   ...lookahead': True}        1            2.90767   0.390579   0.773365   0.818784 │
│ exploitation_train_85dbf_00283   TERMINATED   ...lookahead': True}        4            6.43753   0.375758   0.821988   0.824582 │
│ exploitation_train_85dbf_00284   TERMINATED   ...lookahead': True}        1            1.92274   0.42012    0.818303   0.818421 │
│ exploitation_train_85dbf_00285   TERMINATED   ...lookahead': True}        2            4.22395   0.384055   0.815129   0.822198 │
│ exploitation_train_85dbf_00286   TERMINATED   ...ookahead': False}        1            2.77606   0.385657   0.830075   0.818391 │
│ exploitation_train_85dbf_00287   TERMINATED   ...ookahead': False}        2            4.59345   0.385916   0.822602   0.821288 │
│ exploitation_train_85dbf_00288   TERMINATED   ...lookahead': True}        2            3.88818   0.377489   0.813696   0.822527 │
│ exploitation_train_85dbf_00289   TERMINATED   ...lookahead': True}        1            2.90486   0.461183   0.857713   0.777929 │
│ exploitation_train_85dbf_00290   TERMINATED   ...ookahead': False}        4            7.40229   0.377686   0.823421   0.825224 │
│ exploitation_train_85dbf_00291   TERMINATED   ...ookahead': False}        4            7.56515   0.378821   0.823421   0.822941 │
│ exploitation_train_85dbf_00292   TERMINATED   ...ookahead': False}        2            4.20164   0.378837   0.819224   0.819906 │
│ exploitation_train_85dbf_00293   TERMINATED   ...ookahead': False}        2            4.78724   0.434531   0.821067   0.82229  │
│ exploitation_train_85dbf_00294   TERMINATED   ...ookahead': False}        2            3.766     0.455123   0.844713   0.820634 │
│ exploitation_train_85dbf_00295   TERMINATED   ...ookahead': False}        1            2.36124   0.399008   0.823728   0.818763 │
│ exploitation_train_85dbf_00296   TERMINATED   ...ookahead': False}        1            2.71088   0.382523   0.824342   0.81858  │
│ exploitation_train_85dbf_00297   TERMINATED   ...ookahead': False}        1            2.34339   0.399008   0.823728   0.818763 │
│ exploitation_train_85dbf_00298   TERMINATED   ...lookahead': True}        4            5.07172   0.377109   0.819019   0.823512 │
│ exploitation_train_85dbf_00299   TERMINATED   ...lookahead': True}        1            1.67836   0.380421   0.819429   0.816816 │
│ exploitation_train_85dbf_00300   TERMINATED   ...lookahead': True}        2            2.69146   0.378176   0.819019   0.82197  │
│ exploitation_train_85dbf_00301   TERMINATED   ...ookahead': False}        1            2.9114    0.455108   0.821578   0.819548 │
│ exploitation_train_85dbf_00302   TERMINATED   ...ookahead': False}        1            2.80673   0.455108   0.821578   0.819548 │
│ exploitation_train_85dbf_00303   TERMINATED   ...lookahead': True}        1            2.04283   0.3884     0.826492   0.818527 │
│ exploitation_train_85dbf_00304   TERMINATED   ...ookahead': False}        1            2.33595   0.385823   0.830894   0.81673  │
│ exploitation_train_85dbf_00305   TERMINATED   ...ookahead': False}        1            2.32297   0.385823   0.830894   0.81673  │
│ exploitation_train_85dbf_00306   TERMINATED   ...lookahead': True}        1            3.22941   0.413527   0.851571   0.79749  │
│ exploitation_train_85dbf_00307   TERMINATED   ...lookahead': True}        1            2.94557   0.4537     0.856382   0.775295 │
│ exploitation_train_85dbf_00308   TERMINATED   ...ookahead': False}        1            1.65394   0.391916   0.825571   0.816456 │
│ exploitation_train_85dbf_00309   TERMINATED   ...ookahead': False}        1            1.81146   0.391916   0.825571   0.816456 │
│ exploitation_train_85dbf_00310   TERMINATED   ...lookahead': True}        1            3.63855   0.4493     0.856997   0.778924 │
│ exploitation_train_85dbf_00311   TERMINATED   ...lookahead': True}        2            4.7757    0.376494   0.814618   0.821715 │
│ exploitation_train_85dbf_00312   TERMINATED   ...ookahead': False}        1            2.48394   0.450762   0.842768   0.809878 │
│ exploitation_train_85dbf_00313   TERMINATED   ...ookahead': False}        1            2.85078   0.383752   0.824035   0.817792 │
│ exploitation_train_85dbf_00314   TERMINATED   ...lookahead': True}        4           10.7498    0.372375   0.813799   0.824334 │
│ exploitation_train_85dbf_00315   TERMINATED   ...ookahead': False}        1            2.17083   0.384738   0.828027   0.818364 │
│ exploitation_train_85dbf_00316   TERMINATED   ...lookahead': True}        4            8.27057   0.375438   0.821169   0.82364  │
│ exploitation_train_85dbf_00317   TERMINATED   ...lookahead': True}        1            2.40984   0.380206   0.824445   0.818354 │
│ exploitation_train_85dbf_00318   TERMINATED   ...lookahead': True}        1            2.80337   0.423296   0.853926   0.790536 │
│ exploitation_train_85dbf_00319   TERMINATED   ...lookahead': True}        4            7.62993   0.381246   0.81687    0.825394 │
│ exploitation_train_85dbf_00320   TERMINATED   ...ookahead': False}        2            2.95942   0.381175   0.827823   0.822467 │
│ exploitation_train_85dbf_00321   TERMINATED   ...ookahead': False}        2            2.943     0.406098   0.827823   0.82259  │
│ exploitation_train_85dbf_00322   TERMINATED   ...lookahead': True}        4            6.02593   0.379385   0.828539   0.824058 │
│ exploitation_train_85dbf_00323   TERMINATED   ...lookahead': True}        4            7.16763   0.383505   0.814413   0.823551 │
│ exploitation_train_85dbf_00324   TERMINATED   ...ookahead': False}        4            7.5267    0.44341    0.819326   0.825377 │
│ exploitation_train_85dbf_00325   TERMINATED   ...ookahead': False}        2            4.05048   0.37809    0.819326   0.822758 │
│ exploitation_train_85dbf_00326   TERMINATED   ...lookahead': True}        1            2.83527   0.424749   0.852697   0.790315 │
│ exploitation_train_85dbf_00327   TERMINATED   ...lookahead': True}        1            2.49039   0.39231    0.82772    0.817723 │
│ exploitation_train_85dbf_00328   TERMINATED   ...ookahead': False}        1            2.46233   0.406291   0.830075   0.816192 │
│ exploitation_train_85dbf_00329   TERMINATED   ...lookahead': True}        4            6.54889   0.372854   0.827413   0.826568 │
│ exploitation_train_85dbf_00330   TERMINATED   ...lookahead': True}        4            6.5482    0.371194   0.813185   0.826568 │
│ exploitation_train_85dbf_00331   TERMINATED   ...lookahead': True}        1            3.5178    0.421873   0.852902   0.793821 │
│ exploitation_train_85dbf_00332   TERMINATED   ...lookahead': True}        1            3.55276   0.421873   0.852902   0.793821 │
│ exploitation_train_85dbf_00333   TERMINATED   ...lookahead': True}        2            3.20953   0.377138   0.815129   0.822345 │
│ exploitation_train_85dbf_00334   TERMINATED   ...lookahead': True}        2            3.76182   0.374263   0.815129   0.822345 │
│ exploitation_train_85dbf_00335   TERMINATED   ...ookahead': False}        1            2.02261   0.393212   0.830894   0.814678 │
│ exploitation_train_85dbf_00336   TERMINATED   ...ookahead': False}        4            8.08761   0.399178   0.823421   0.825213 │
│ exploitation_train_85dbf_00337   TERMINATED   ...lookahead': True}        2            3.76926   0.382227   0.824649   0.820173 │
│ exploitation_train_85dbf_00338   TERMINATED   ...lookahead': True}        1            2.05808   0.614147   0.857201   0.76572  │
│ exploitation_train_85dbf_00339   TERMINATED   ...lookahead': True}        2            4.21632   0.377507   0.821886   0.821634 │
│ exploitation_train_85dbf_00340   TERMINATED   ...lookahead': True}        2            4.04926   0.377392   0.821886   0.821079 │
│ exploitation_train_85dbf_00341   TERMINATED   ...lookahead': True}        1            1.88852   0.399125   0.826901   0.819236 │
│ exploitation_train_85dbf_00342   TERMINATED   ...lookahead': True}        1            3.60566   0.443588   0.856075   0.783595 │
│ exploitation_train_85dbf_00343   TERMINATED   ...lookahead': True}        1            2.91952   0.450707   0.855461   0.778501 │
│ exploitation_train_85dbf_00344   TERMINATED   ...lookahead': True}        1            2.83354   0.450707   0.855461   0.778501 │
│ exploitation_train_85dbf_00345   TERMINATED   ...ookahead': False}        2            3.10129   0.379766   0.819019   0.822787 │
│ exploitation_train_85dbf_00346   TERMINATED   ...ookahead': False}        4            5.59487   0.380678   0.819019   0.824889 │
│ exploitation_train_85dbf_00347   TERMINATED   ...lookahead': True}        2            4.10858   0.396933   0.821988   0.821137 │
│ exploitation_train_85dbf_00348   TERMINATED   ...lookahead': True}        1            1.80445   0.380805   0.829358   0.818506 │
│ exploitation_train_85dbf_00349   TERMINATED   ...ookahead': False}        1            2.84779   0.405041   0.830382   0.817273 │
│ exploitation_train_85dbf_00350   TERMINATED   ...lookahead': True}        1            2.13363   0.414659   0.852697   0.797497 │
│ exploitation_train_85dbf_00351   TERMINATED   ...ookahead': False}        2            4.18595   0.383116   0.829563   0.821341 │
│ exploitation_train_85dbf_00352   TERMINATED   ...lookahead': True}        1            2.14581   0.415471   0.851469   0.795957 │
│ exploitation_train_85dbf_00353   TERMINATED   ...ookahead': False}        1            2.50051   0.385453   0.824854   0.817158 │
│ exploitation_train_85dbf_00354   TERMINATED   ...ookahead': False}        1            2.35649   0.391553   0.832941   0.819249 │
│ exploitation_train_85dbf_00355   TERMINATED   ...ookahead': False}        1            2.67597   0.388226   0.831917   0.818429 │
│ exploitation_train_85dbf_00356   TERMINATED   ...ookahead': False}        1            1.66846   0.430519   0.830791   0.81681  │
│ exploitation_train_85dbf_00357   TERMINATED   ...lookahead': True}        1            3.06174   0.444929   0.857406   0.781098 │
│ exploitation_train_85dbf_00358   TERMINATED   ...ookahead': False}        1            2.34189   0.396008   0.831405   0.812377 │
│ exploitation_train_85dbf_00359   TERMINATED   ...lookahead': True}        2            4.20515   0.380754   0.814925   0.821569 │
│ exploitation_train_85dbf_00360   TERMINATED   ...ookahead': False}        4            5.13029   0.404542   0.816972   0.825879 │
│ exploitation_train_85dbf_00361   TERMINATED   ...lookahead': True}        2            4.15601   0.375813   0.814925   0.822188 │
│ exploitation_train_85dbf_00362   TERMINATED   ...lookahead': True}        4            7.19683   0.37845    0.822602   0.823621 │
│ exploitation_train_85dbf_00363   TERMINATED   ...lookahead': True}        1            2.98382   0.442326   0.856382   0.782624 │
│ exploitation_train_85dbf_00364   TERMINATED   ...lookahead': True}        4            8.3932    0.376323   0.818815   0.82511  │
│ exploitation_train_85dbf_00365   TERMINATED   ...lookahead': True}        1            2.58746   0.381516   0.825571   0.819241 │
│ exploitation_train_85dbf_00366   TERMINATED   ...lookahead': True}        4           12.7957    0.378226   0.827925   0.823143 │
│ exploitation_train_85dbf_00367   TERMINATED   ...lookahead': True}        2            5.19497   0.406489   0.807964   0.822765 │
│ exploitation_train_85dbf_00368   TERMINATED   ...lookahead': True}        4           10.6012    0.3777     0.83202    0.827429 │
│ exploitation_train_85dbf_00369   TERMINATED   ...lookahead': True}        1            2.1562    0.405295   0.822397   0.8195   │
│ exploitation_train_85dbf_00370   TERMINATED   ...lookahead': True}        4           10.31      0.461491   0.834272   0.82304  │
│ exploitation_train_85dbf_00371   TERMINATED   ...lookahead': True}        1            3.56943   0.434262   0.85413    0.7873   │
│ exploitation_train_85dbf_00372   TERMINATED   ...lookahead': True}        1            3.55653   0.402508   0.83591    0.816656 │
│ exploitation_train_85dbf_00373   TERMINATED   ...lookahead': True}        2            5.41759   0.380814   0.821374   0.821173 │
│ exploitation_train_85dbf_00374   TERMINATED   ...lookahead': True}        1            4.00037   0.443605   0.85628    0.778892 │
│ exploitation_train_85dbf_00375   TERMINATED   ...lookahead': True}        1            2.35329   0.38149    0.81861    0.819356 │
│ exploitation_train_85dbf_00376   TERMINATED   ...lookahead': True}        1            2.3994    0.38149    0.81861    0.819356 │
│ exploitation_train_85dbf_00377   TERMINATED   ...lookahead': True}        2            4.02807   0.375689   0.820555   0.822247 │
│ exploitation_train_85dbf_00378   TERMINATED   ...lookahead': True}        1            3.61843   0.43219    0.853721   0.790109 │
│ exploitation_train_85dbf_00379   TERMINATED   ...lookahead': True}        2            4.1668    0.376482   0.818098   0.821365 │
│ exploitation_train_85dbf_00380   TERMINATED   ...lookahead': True}        4            7.80384   0.42257    0.814822   0.82492  │
│ exploitation_train_85dbf_00381   TERMINATED   ...lookahead': True}        2            4.86115   0.377848   0.824649   0.822369 │
│ exploitation_train_85dbf_00382   TERMINATED   ...ookahead': False}        1            2.05084   0.490336   0.833146   0.817185 │
│ exploitation_train_85dbf_00383   TERMINATED   ...lookahead': True}        1            1.83258   0.384135   0.816256   0.818981 │
│ exploitation_train_85dbf_00384   TERMINATED   ...ookahead': False}        2            4.06596   0.38496    0.82383    0.822759 │
│ exploitation_train_85dbf_00385   TERMINATED   ...lookahead': True}        1            2.86312   0.438148   0.854335   0.783917 │
│ exploitation_train_85dbf_00386   TERMINATED   ...lookahead': True}        4            7.0441    0.37149    0.811649   0.826518 │
│ exploitation_train_85dbf_00387   TERMINATED   ...lookahead': True}        4            9.64531   0.383603   0.814208   0.82357  │
│ exploitation_train_85dbf_00388   TERMINATED   ...lookahead': True}        1            2.36267   0.387697   0.828949   0.818677 │
│ exploitation_train_85dbf_00389   TERMINATED   ...lookahead': True}        1            3.06166   0.401688   0.849115   0.805989 │
│ exploitation_train_85dbf_00390   TERMINATED   ...ookahead': False}        1            2.74411   0.386738   0.831713   0.817708 │
│ exploitation_train_85dbf_00391   TERMINATED   ...lookahead': True}        1            3.0778    0.439596   0.856997   0.786106 │
│ exploitation_train_85dbf_00392   TERMINATED   ...lookahead': True}        1            3.03478   0.419644   0.853107   0.796301 │
│ exploitation_train_85dbf_00393   TERMINATED   ...lookahead': True}        1            3.77973   0.434838   0.854438   0.785743 │
│ exploitation_train_85dbf_00394   TERMINATED   ...lookahead': True}        4            9.95114   0.373428   0.821783   0.827721 │
│ exploitation_train_85dbf_00395   TERMINATED   ...lookahead': True}        4            5.34542   0.410936   0.820248   0.824404 │
│ exploitation_train_85dbf_00396   TERMINATED   ...lookahead': True}        2            3.83885   0.375661   0.813287   0.822791 │
│ exploitation_train_85dbf_00397   TERMINATED   ...lookahead': True}        2            3.8349    0.376678   0.810011   0.822791 │
│ exploitation_train_85dbf_00398   TERMINATED   ...lookahead': True}        2            3.78314   0.380237   0.822807   0.821528 │
│ exploitation_train_85dbf_00399   TERMINATED   ...ookahead': False}        4            5.08235   0.406548   0.816256   0.826449 │
╰─────────────────────────────────────────────────────────────────────────────────────────────────────────────────────────────────╯

利用时间:882.4773073196411 s
------------------------------------------------------------------------------------------------------------------------------------------------------------------------------------------------------------------------------------------------------------------------------------------------------------
总时间：1546.013393163681 s
最佳配置：{'loss': 0.3688809561963175, 'acc': 0.8046882997236156, 'bacc': 0.828673243522644, 'training_iteration': 4, 'trial_id': '85dbf_00021', 'date': '2025-11-19_12-24-36', 'time_this_iter_s': 1.6748127937316895, 'time_total_s': 7.608800172805786, 'config': {'use_l1': False, 'l1_lambda': 0.0, 'use_l2': False, 'l2_lambda': 0.0, 'use_dropout': False, 'drop_rate': 0.0, 'use_bn': False, 'use_ln': True, 'use_skip': False, 'skip_type': 'None', 'skip_step': 1, 'skip_drop_prob': 0.0, 'use_data_augment': True, 'da_type': 'cutout', 'cutout_ratio': 0.1, 'cutout_prob': 0.9, 'mixup_alpha': 0.0, 'mixup_prob': 0.0, 'cutmix_alpha': 0.0, 'cutmix_prob': 0.0, 'fgsm_epsilon': 0.0, 'fgsm_prob': 0.0, 'use_swa': True, 'use_lookahead': True}}