Trial status: 400 TERMINATED
Current time: 2025-11-15 11:01:39. Total running time: 15min 31s
Logical resource usage: 2.0/10 CPUs, 1.0/4 GPUs (0.0/1.0 accelerator_type:G)
╭─────────────────────────────────────────────────────────────────────────────────────────────────────────────────────────────────╮
│ Trial name                       status       config                   iter     total time (s)       loss        acc       bacc │
├─────────────────────────────────────────────────────────────────────────────────────────────────────────────────────────────────┤
│ exploitation_train_3cf6b_00000   TERMINATED   ...ookahead': False}        1            3.3366    0.442988   0.845941   0.811378 │
│ exploitation_train_3cf6b_00001   TERMINATED   ...ookahead': False}        2            5.78606   0.412965   0.797318   0.823096 │
│ exploitation_train_3cf6b_00002   TERMINATED   ...lookahead': True}        4            8.05182   0.375182   0.820452   0.824231 │
│ exploitation_train_3cf6b_00003   TERMINATED   ...lookahead': True}        1            2.89661   0.432205   0.854028   0.787233 │
│ exploitation_train_3cf6b_00004   TERMINATED   ...ookahead': False}        2            6.58524   0.398294   0.8355     0.81938  │
│ exploitation_train_3cf6b_00005   TERMINATED   ...ookahead': False}        4            7.95139   0.381396   0.821988   0.823753 │
│ exploitation_train_3cf6b_00006   TERMINATED   ...ookahead': False}        2            3.95286   0.380675   0.819531   0.820841 │
│ exploitation_train_3cf6b_00007   TERMINATED   ...lookahead': True}        1            4.20143   0.397594   0.794657   0.813871 │
│ exploitation_train_3cf6b_00008   TERMINATED   ...lookahead': True}        4            7.88304   0.374899   0.821067   0.823756 │
│ exploitation_train_3cf6b_00009   TERMINATED   ...ookahead': False}        2            4.12788   0.382546   0.827004   0.820486 │
│ exploitation_train_3cf6b_00010   TERMINATED   ...lookahead': True}        4            6.52714   0.375627   0.820657   0.823671 │
│ exploitation_train_3cf6b_00011   TERMINATED   ...ookahead': False}        2            4.20988   0.380393   0.815129   0.82021  │
│ exploitation_train_3cf6b_00012   TERMINATED   ...lookahead': True}        1            2.41707   0.386744   0.829461   0.81916  │
│ exploitation_train_3cf6b_00013   TERMINATED   ...lookahead': True}        1            2.26407   0.383028   0.824138   0.815221 │
│ exploitation_train_3cf6b_00014   TERMINATED   ...ookahead': False}        4            9.18434   0.38646    0.838366   0.823512 │
│ exploitation_train_3cf6b_00015   TERMINATED   ...lookahead': True}        1            3.61306   0.395366   0.836831   0.815503 │
│ exploitation_train_3cf6b_00016   TERMINATED   ...lookahead': True}        4            7.96966   0.376853   0.820043   0.823523 │
│ exploitation_train_3cf6b_00017   TERMINATED   ...lookahead': True}        2            4.4198    0.378728   0.821169   0.821331 │
│ exploitation_train_3cf6b_00018   TERMINATED   ...ookahead': False}        1            1.91971   0.381654   0.823012   0.817559 │
│ exploitation_train_3cf6b_00019   TERMINATED   ...lookahead': True}        1            2.32804   0.390606   0.824035   0.818671 │
│ exploitation_train_3cf6b_00020   TERMINATED   ...lookahead': True}        2            4.63778   0.378142   0.819531   0.819962 │
│ exploitation_train_3cf6b_00021   TERMINATED   ...lookahead': True}        2            4.54649   0.378593   0.823626   0.82192  │
│ exploitation_train_3cf6b_00022   TERMINATED   ...lookahead': True}        1            1.72509   0.380166   0.819941   0.818179 │
│ exploitation_train_3cf6b_00023   TERMINATED   ...lookahead': True}        1            3.04684   0.554976   0.848807   0.806959 │
│ exploitation_train_3cf6b_00024   TERMINATED   ...lookahead': True}        2            4.13244   0.377129   0.821681   0.821754 │
│ exploitation_train_3cf6b_00025   TERMINATED   ...ookahead': False}        1            2.81193   0.401862   0.831713   0.818881 │
│ exploitation_train_3cf6b_00026   TERMINATED   ...lookahead': True}        1            2.8301    0.436223   0.853209   0.788306 │
│ exploitation_train_3cf6b_00027   TERMINATED   ...lookahead': True}        4            7.92428   0.375653   0.822909   0.82272  │
│ exploitation_train_3cf6b_00028   TERMINATED   ...lookahead': True}        4            8.18649   0.377873   0.815027   0.825202 │
│ exploitation_train_3cf6b_00029   TERMINATED   ...lookahead': True}        2            5.12077   0.376474   0.820964   0.822369 │
│ exploitation_train_3cf6b_00030   TERMINATED   ...ookahead': False}        1            2.27243   0.384182   0.821783   0.818217 │
│ exploitation_train_3cf6b_00031   TERMINATED   ...lookahead': True}        1            2.93014   0.433892   0.853926   0.78526  │
│ exploitation_train_3cf6b_00032   TERMINATED   ...ookahead': False}        2            4.15928   0.379712   0.822704   0.822341 │
│ exploitation_train_3cf6b_00033   TERMINATED   ...lookahead': True}        2            5.25247   0.378161   0.818917   0.821317 │
│ exploitation_train_3cf6b_00034   TERMINATED   ...ookahead': False}        1            2.62917   0.57544    0.840414   0.809503 │
│ exploitation_train_3cf6b_00035   TERMINATED   ...lookahead': True}        1            2.22353   0.392431   0.838673   0.814809 │
│ exploitation_train_3cf6b_00036   TERMINATED   ...lookahead': True}        1            3.81349   0.429144   0.81472    0.816213 │
│ exploitation_train_3cf6b_00037   TERMINATED   ...lookahead': True}        4            7.56998   0.373817   0.821374   0.82544  │
│ exploitation_train_3cf6b_00038   TERMINATED   ...lookahead': True}        4            7.73095   0.375296   0.819224   0.823924 │
│ exploitation_train_3cf6b_00039   TERMINATED   ...lookahead': True}        1            3.62575   0.429927   0.853209   0.78728  │
│ exploitation_train_3cf6b_00040   TERMINATED   ...ookahead': False}        2            5.33244   0.41278    0.829358   0.820118 │
│ exploitation_train_3cf6b_00041   TERMINATED   ...ookahead': False}        1            4.00116   0.417243   0.838673   0.806308 │
│ exploitation_train_3cf6b_00042   TERMINATED   ...ookahead': False}        4           12.9012    0.385033   0.838673   0.823294 │
│ exploitation_train_3cf6b_00043   TERMINATED   ...lookahead': True}        1            1.79213   0.382117   0.823626   0.817376 │
│ exploitation_train_3cf6b_00044   TERMINATED   ...ookahead': False}        1            2.4552    0.389869   0.827106   0.816146 │
│ exploitation_train_3cf6b_00045   TERMINATED   ...lookahead': True}        4            5.98989   0.381274   0.821374   0.824634 │
│ exploitation_train_3cf6b_00046   TERMINATED   ...lookahead': True}        2            3.81824   0.376969   0.82076    0.821941 │
│ exploitation_train_3cf6b_00047   TERMINATED   ...lookahead': True}        1            2.39926   0.380923   0.823421   0.818121 │
│ exploitation_train_3cf6b_00048   TERMINATED   ...lookahead': True}        2            3.19507   0.3797     0.820964   0.821343 │
│ exploitation_train_3cf6b_00049   TERMINATED   ...ookahead': False}        1            2.46814   0.393018   0.767837   0.817056 │
│ exploitation_train_3cf6b_00050   TERMINATED   ...lookahead': True}        2            4.1199    0.375058   0.818712   0.822062 │
│ exploitation_train_3cf6b_00051   TERMINATED   ...ookahead': False}        1            2.59804   0.616174   0.845737   0.773281 │
│ exploitation_train_3cf6b_00052   TERMINATED   ...lookahead': True}        2            5.07162   0.377804   0.82035    0.821189 │
│ exploitation_train_3cf6b_00053   TERMINATED   ...lookahead': True}        1            2.34752   0.387448   0.822909   0.818371 │
│ exploitation_train_3cf6b_00054   TERMINATED   ...lookahead': True}        2            7.62369   0.382898   0.790255   0.820788 │
│ exploitation_train_3cf6b_00055   TERMINATED   ...ookahead': False}        2            3.98711   0.379286   0.822704   0.821492 │
│ exploitation_train_3cf6b_00056   TERMINATED   ...lookahead': True}        1            2.5045    0.562404   0.849422   0.804871 │
│ exploitation_train_3cf6b_00057   TERMINATED   ...lookahead': True}        1            3.79548   0.392674   0.832634   0.816702 │
│ exploitation_train_3cf6b_00058   TERMINATED   ...lookahead': True}        1            3.07603   0.440358   0.854949   0.782561 │
│ exploitation_train_3cf6b_00059   TERMINATED   ...ookahead': False}        4            8.75346   0.387008   0.811751   0.82247  │
│ exploitation_train_3cf6b_00060   TERMINATED   ...ookahead': False}        1            2.70591   0.387002   0.82772    0.817576 │
│ exploitation_train_3cf6b_00061   TERMINATED   ...ookahead': False}        1            2.30736   0.382104   0.818303   0.817982 │
│ exploitation_train_3cf6b_00062   TERMINATED   ...lookahead': True}        4            9.33687   0.378693   0.821783   0.824159 │
│ exploitation_train_3cf6b_00063   TERMINATED   ...lookahead': True}        2            4.07923   0.376893   0.822193   0.822004 │
│ exploitation_train_3cf6b_00064   TERMINATED   ...lookahead': True}        4            9.13369   0.37729    0.821988   0.823922 │
│ exploitation_train_3cf6b_00065   TERMINATED   ...lookahead': True}        4           10.0585    0.39       0.818098   0.825908 │
│ exploitation_train_3cf6b_00066   TERMINATED   ...ookahead': False}        4           13.1661    0.388302   0.844303   0.82312  │
│ exploitation_train_3cf6b_00067   TERMINATED   ...ookahead': False}        1            2.9894    0.402706   0.846555   0.803427 │
│ exploitation_train_3cf6b_00068   TERMINATED   ...lookahead': True}        4            7.90118   0.375291   0.818712   0.82587  │
│ exploitation_train_3cf6b_00069   TERMINATED   ...lookahead': True}        1            1.74793   0.383652   0.820248   0.817208 │
│ exploitation_train_3cf6b_00070   TERMINATED   ...lookahead': True}        1            3.18402   0.439359   0.853209   0.785228 │
│ exploitation_train_3cf6b_00071   TERMINATED   ...lookahead': True}        1            2.49448   0.379613   0.822704   0.818823 │
│ exploitation_train_3cf6b_00072   TERMINATED   ...lookahead': True}        4            9.66132   0.400967   0.817996   0.824476 │
│ exploitation_train_3cf6b_00073   TERMINATED   ...lookahead': True}        1            3.60006   0.432204   0.855154   0.78636  │
│ exploitation_train_3cf6b_00074   TERMINATED   ...lookahead': True}        4            7.52896   0.376302   0.823933   0.825319 │
│ exploitation_train_3cf6b_00075   TERMINATED   ...ookahead': False}        4           15.1136    0.412142   0.793326   0.826041 │
│ exploitation_train_3cf6b_00076   TERMINATED   ...lookahead': True}        1            1.88532   0.387973   0.825264   0.818453 │
│ exploitation_train_3cf6b_00077   TERMINATED   ...ookahead': False}        1            2.2711    0.581752   0.85454    0.766462 │
│ exploitation_train_3cf6b_00078   TERMINATED   ...lookahead': True}        2            4.1308    0.385227   0.821271   0.820226 │
│ exploitation_train_3cf6b_00079   TERMINATED   ...lookahead': True}        4            7.28379   0.378374   0.821886   0.82376  │
│ exploitation_train_3cf6b_00080   TERMINATED   ...lookahead': True}        4            7.27743   0.432924   0.824854   0.823863 │
│ exploitation_train_3cf6b_00081   TERMINATED   ...ookahead': False}        1            2.84203   0.387441   0.838571   0.813715 │
│ exploitation_train_3cf6b_00082   TERMINATED   ...lookahead': True}        2            5.28702   0.377513   0.821783   0.821415 │
│ exploitation_train_3cf6b_00083   TERMINATED   ...lookahead': True}        1            2.48266   0.569605   0.851162   0.796635 │
│ exploitation_train_3cf6b_00084   TERMINATED   ...ookahead': False}        1            2.23863   0.385617   0.827618   0.817216 │
│ exploitation_train_3cf6b_00085   TERMINATED   ...lookahead': True}        4           13.0176    0.378725   0.827413   0.826496 │
│ exploitation_train_3cf6b_00086   TERMINATED   ...lookahead': True}        2            3.8587    0.374594   0.815027   0.822381 │
│ exploitation_train_3cf6b_00087   TERMINATED   ...ookahead': False}        1            2.23281   0.381974   0.818405   0.817756 │
│ exploitation_train_3cf6b_00088   TERMINATED   ...ookahead': False}        2            5.25555   0.374623   0.823421   0.821708 │
│ exploitation_train_3cf6b_00089   TERMINATED   ...ookahead': False}        1            3.00296   0.405432   0.819634   0.817244 │
│ exploitation_train_3cf6b_00090   TERMINATED   ...lookahead': True}        2            5.11286   0.376841   0.819531   0.822013 │
│ exploitation_train_3cf6b_00091   TERMINATED   ...lookahead': True}        1            2.97459   0.434154   0.854949   0.786519 │
│ exploitation_train_3cf6b_00092   TERMINATED   ...ookahead': False}        1            3.25944   0.388649   0.818098   0.817847 │
│ exploitation_train_3cf6b_00093   TERMINATED   ...lookahead': True}        4           15.1963    0.377527   0.831405   0.824687 │
│ exploitation_train_3cf6b_00094   TERMINATED   ...ookahead': False}        1            4.85669   0.415757   0.784113   0.811778 │
│ exploitation_train_3cf6b_00095   TERMINATED   ...ookahead': False}        1            4.09305   0.438681   0.773569   0.819358 │
│ exploitation_train_3cf6b_00096   TERMINATED   ...ookahead': False}        1            3.65571   0.435749   0.753813   0.813554 │
│ exploitation_train_3cf6b_00097   TERMINATED   ...lookahead': True}        4            6.09576   0.374802   0.820145   0.824138 │
│ exploitation_train_3cf6b_00098   TERMINATED   ...ookahead': False}        2            3.4528    0.385684   0.809909   0.821991 │
│ exploitation_train_3cf6b_00099   TERMINATED   ...lookahead': True}        1            3.02808   0.421779   0.85239    0.792165 │
│ exploitation_train_3cf6b_00100   TERMINATED   ...lookahead': True}        1            2.59897   0.376789   0.813696   0.819058 │
│ exploitation_train_3cf6b_00101   TERMINATED   ...lookahead': True}        4            7.91828   0.383312   0.828949   0.824035 │
│ exploitation_train_3cf6b_00102   TERMINATED   ...lookahead': True}        4            9.02281   0.403012   0.82076    0.823997 │
│ exploitation_train_3cf6b_00103   TERMINATED   ...lookahead': True}        2            4.38019   0.389232   0.821374   0.821641 │
│ exploitation_train_3cf6b_00104   TERMINATED   ...ookahead': False}        1            2.37639   0.390739   0.834067   0.818377 │
│ exploitation_train_3cf6b_00105   TERMINATED   ...lookahead': True}        2            5.41467   0.381377   0.78053    0.821612 │
│ exploitation_train_3cf6b_00106   TERMINATED   ...lookahead': True}        2            5.00461   0.377712   0.820555   0.820754 │
│ exploitation_train_3cf6b_00107   TERMINATED   ...ookahead': False}        2            4.62852   0.38502    0.829563   0.819967 │
│ exploitation_train_3cf6b_00108   TERMINATED   ...lookahead': True}        4            5.35357   0.383229   0.822397   0.82551  │
│ exploitation_train_3cf6b_00109   TERMINATED   ...lookahead': True}        1            1.84594   0.37921    0.824138   0.819472 │
│ exploitation_train_3cf6b_00110   TERMINATED   ...lookahead': True}        4           13.2659    0.379746   0.830996   0.82615  │
│ exploitation_train_3cf6b_00111   TERMINATED   ...lookahead': True}        1            3.12321   0.442502   0.854335   0.780985 │
│ exploitation_train_3cf6b_00112   TERMINATED   ...ookahead': False}        1            2.32321   0.387223   0.824854   0.816718 │
│ exploitation_train_3cf6b_00113   TERMINATED   ...ookahead': False}        1            2.44085   0.467902   0.836933   0.812639 │
│ exploitation_train_3cf6b_00114   TERMINATED   ...lookahead': True}        1            2.45891   0.378169   0.816256   0.818981 │
│ exploitation_train_3cf6b_00115   TERMINATED   ...lookahead': True}        1            1.75875   0.477942   0.834988   0.814732 │
│ exploitation_train_3cf6b_00116   TERMINATED   ...ookahead': False}        1            2.85243   0.386376   0.82639    0.817434 │
│ exploitation_train_3cf6b_00117   TERMINATED   ...ookahead': False}        1            2.80955   0.383456   0.819122   0.818959 │
│ exploitation_train_3cf6b_00118   TERMINATED   ...ookahead': False}        1            2.74088   0.393812   0.825468   0.818734 │
│ exploitation_train_3cf6b_00119   TERMINATED   ...lookahead': True}        2            5.0896    0.376143   0.81687    0.821437 │
│ exploitation_train_3cf6b_00120   TERMINATED   ...lookahead': True}        1            2.33646   0.378148   0.819941   0.818032 │
│ exploitation_train_3cf6b_00121   TERMINATED   ...lookahead': True}        1            5.0805    0.426486   0.802334   0.811736 │
│ exploitation_train_3cf6b_00122   TERMINATED   ...ookahead': False}        1            2.2012    0.383986   0.820248   0.817355 │
│ exploitation_train_3cf6b_00123   TERMINATED   ...lookahead': True}        2            4.08565   0.37728    0.821169   0.821331 │
│ exploitation_train_3cf6b_00124   TERMINATED   ...lookahead': True}        1            2.90354   0.430828   0.853619   0.78667  │
│ exploitation_train_3cf6b_00125   TERMINATED   ...lookahead': True}        1            2.81512   0.501006   0.850138   0.723555 │
│ exploitation_train_3cf6b_00126   TERMINATED   ...lookahead': True}        1            3.01205   0.444152   0.855359   0.780485 │
│ exploitation_train_3cf6b_00127   TERMINATED   ...lookahead': True}        1            3.05632   0.417853   0.851571   0.79236  │
│ exploitation_train_3cf6b_00128   TERMINATED   ...ookahead': False}        1            5.04206   0.420395   0.798035   0.809789 │
│ exploitation_train_3cf6b_00129   TERMINATED   ...ookahead': False}        1            2.71799   0.386651   0.825878   0.81827  │
│ exploitation_train_3cf6b_00130   TERMINATED   ...lookahead': True}        1            3.79523   0.402082   0.840004   0.810847 │
│ exploitation_train_3cf6b_00131   TERMINATED   ...lookahead': True}        2            6.11161   0.384679   0.789027   0.82118  │
│ exploitation_train_3cf6b_00132   TERMINATED   ...lookahead': True}        2            3.83691   0.380544   0.82209    0.821831 │
│ exploitation_train_3cf6b_00133   TERMINATED   ...ookahead': False}        2            5.24315   0.387603   0.821578   0.822224 │
│ exploitation_train_3cf6b_00134   TERMINATED   ...lookahead': True}        2            4.25124   0.377807   0.821271   0.821105 │
│ exploitation_train_3cf6b_00135   TERMINATED   ...lookahead': True}        4            7.39226   0.376659   0.822704   0.822952 │
│ exploitation_train_3cf6b_00136   TERMINATED   ...lookahead': True}        1            2.37008   0.379871   0.817893   0.817712 │
│ exploitation_train_3cf6b_00137   TERMINATED   ...lookahead': True}        4            5.46616   0.376637   0.819429   0.823721 │
│ exploitation_train_3cf6b_00138   TERMINATED   ...ookahead': False}        1            2.26016   0.433805   0.83898    0.810907 │
│ exploitation_train_3cf6b_00139   TERMINATED   ...lookahead': True}        2            6.72298   0.38662    0.830587   0.822223 │
│ exploitation_train_3cf6b_00140   TERMINATED   ...ookahead': False}        1            2.27022   0.579237   0.851571   0.787376 │
│ exploitation_train_3cf6b_00141   TERMINATED   ...ookahead': False}        1            5.28043   0.455093   0.761388   0.815308 │
│ exploitation_train_3cf6b_00142   TERMINATED   ...lookahead': True}        2            4.27966   0.377459   0.821271   0.820812 │
│ exploitation_train_3cf6b_00143   TERMINATED   ...lookahead': True}        1            2.90404   0.378307   0.82035    0.818741 │
│ exploitation_train_3cf6b_00144   TERMINATED   ...ookahead': False}        1            3.27241   0.379549   0.798342   0.818785 │
│ exploitation_train_3cf6b_00145   TERMINATED   ...ookahead': False}        1            2.80053   0.385293   0.826083   0.817379 │
│ exploitation_train_3cf6b_00146   TERMINATED   ...lookahead': True}        2            4.12518   0.375608   0.817996   0.822253 │
│ exploitation_train_3cf6b_00147   TERMINATED   ...ookahead': False}        1            2.94128   0.392145   0.839595   0.814388 │
│ exploitation_train_3cf6b_00148   TERMINATED   ...ookahead': False}        2            7.82809   0.432979   0.784522   0.820841 │
│ exploitation_train_3cf6b_00149   TERMINATED   ...lookahead': True}        1            2.70584   0.429087   0.852697   0.789289 │
│ exploitation_train_3cf6b_00150   TERMINATED   ...ookahead': False}        1            2.34822   0.382236   0.82598    0.818191 │
│ exploitation_train_3cf6b_00151   TERMINATED   ...lookahead': True}        1            1.89308   0.380464   0.82424    0.818073 │
│ exploitation_train_3cf6b_00152   TERMINATED   ...lookahead': True}        4           14.3209    0.374414   0.803358   0.823261 │
│ exploitation_train_3cf6b_00153   TERMINATED   ...lookahead': True}        2            4.08129   0.378476   0.822397   0.822285 │
│ exploitation_train_3cf6b_00154   TERMINATED   ...lookahead': True}        4            7.77795   0.374217   0.821169   0.825988 │
│ exploitation_train_3cf6b_00155   TERMINATED   ...lookahead': True}        4            7.77449   0.374579   0.8225     0.824371 │
│ exploitation_train_3cf6b_00156   TERMINATED   ...ookahead': False}        1            2.61042   0.385916   0.829461   0.817987 │
│ exploitation_train_3cf6b_00157   TERMINATED   ...lookahead': True}        1            2.96423   0.440169   0.855461   0.784364 │
│ exploitation_train_3cf6b_00158   TERMINATED   ...lookahead': True}        1            2.99536   0.391574   0.837445   0.816053 │
│ exploitation_train_3cf6b_00159   TERMINATED   ...lookahead': True}        1            2.97745   0.433116   0.855564   0.787362 │
│ exploitation_train_3cf6b_00160   TERMINATED   ...lookahead': True}        1            3.01068   0.403028   0.842051   0.8097   │
│ exploitation_train_3cf6b_00161   TERMINATED   ...lookahead': True}        1            2.79117   0.464535   0.857611   0.763937 │
│ exploitation_train_3cf6b_00162   TERMINATED   ...lookahead': True}        1            3.78709   0.404879   0.841437   0.808564 │
│ exploitation_train_3cf6b_00163   TERMINATED   ...lookahead': True}        2            7.50766   0.381299   0.790255   0.821384 │
│ exploitation_train_3cf6b_00164   TERMINATED   ...lookahead': True}        4            5.72354   0.375313   0.822704   0.825029 │
│ exploitation_train_3cf6b_00165   TERMINATED   ...lookahead': True}        2            6.22518   0.387898   0.788105   0.819825 │
│ exploitation_train_3cf6b_00166   TERMINATED   ...lookahead': True}        2            7.73369   0.418851   0.797113   0.819697 │
│ exploitation_train_3cf6b_00167   TERMINATED   ...ookahead': False}        2            3.99001   0.380012   0.826594   0.8215   │
│ exploitation_train_3cf6b_00168   TERMINATED   ...ookahead': False}        2            3.86391   0.380814   0.827209   0.821754 │
│ exploitation_train_3cf6b_00169   TERMINATED   ...lookahead': True}        4            7.6682    0.401616   0.818815   0.824822 │
│ exploitation_train_3cf6b_00170   TERMINATED   ...lookahead': True}        4            7.23208   0.379572   0.819634   0.823359 │
│ exploitation_train_3cf6b_00171   TERMINATED   ...lookahead': True}        2            4.08168   0.377807   0.821988   0.821283 │
│ exploitation_train_3cf6b_00172   TERMINATED   ...ookahead': False}        1            2.15616   0.391218   0.825673   0.814765 │
│ exploitation_train_3cf6b_00173   TERMINATED   ...ookahead': False}        1            3.47668   0.382604   0.824445   0.817475 │
│ exploitation_train_3cf6b_00174   TERMINATED   ...lookahead': True}        1            5.11452   0.437542   0.816358   0.811573 │
│ exploitation_train_3cf6b_00175   TERMINATED   ...ookahead': False}        1            3.67156   0.417761   0.798444   0.810351 │
│ exploitation_train_3cf6b_00176   TERMINATED   ...ookahead': False}        4           12.5905    0.385608   0.85065    0.823781 │
│ exploitation_train_3cf6b_00177   TERMINATED   ...lookahead': True}        4            9.21915   0.376102   0.821681   0.824707 │
│ exploitation_train_3cf6b_00178   TERMINATED   ...lookahead': True}        4            8.80181   0.376998   0.821886   0.824813 │
│ exploitation_train_3cf6b_00179   TERMINATED   ...ookahead': False}        4           14.5397    0.402236   0.796294   0.823302 │
│ exploitation_train_3cf6b_00180   TERMINATED   ...ookahead': False}        2            4.13201   0.392074   0.823728   0.820572 │
│ exploitation_train_3cf6b_00181   TERMINATED   ...lookahead': True}        1            4.10154   0.429526   0.789334   0.816235 │
│ exploitation_train_3cf6b_00182   TERMINATED   ...lookahead': True}        2            5.65346   0.437717   0.785137   0.820365 │
│ exploitation_train_3cf6b_00183   TERMINATED   ...lookahead': True}        1            3.54551   0.410902   0.851469   0.804018 │
│ exploitation_train_3cf6b_00184   TERMINATED   ...lookahead': True}        2            4.06161   0.377667   0.821783   0.821295 │
│ exploitation_train_3cf6b_00185   TERMINATED   ...lookahead': True}        4           10.1972    0.377423   0.82639    0.824867 │
│ exploitation_train_3cf6b_00186   TERMINATED   ...lookahead': True}        4            5.57292   0.381443   0.817177   0.825899 │
│ exploitation_train_3cf6b_00187   TERMINATED   ...lookahead': True}        4            8.26764   0.376873   0.822807   0.823789 │
│ exploitation_train_3cf6b_00188   TERMINATED   ...lookahead': True}        2            3.8541    0.377581   0.816665   0.821888 │
│ exploitation_train_3cf6b_00189   TERMINATED   ...lookahead': True}        2            4.39954   0.382922   0.818405   0.821713 │
│ exploitation_train_3cf6b_00190   TERMINATED   ...ookahead': False}        1            2.41441   0.388513   0.825264   0.817134 │
│ exploitation_train_3cf6b_00191   TERMINATED   ...lookahead': True}        2            4.04775   0.384977   0.82209    0.821351 │
│ exploitation_train_3cf6b_00192   TERMINATED   ...lookahead': True}        4            5.74011   0.374927   0.821886   0.824126 │
│ exploitation_train_3cf6b_00193   TERMINATED   ...lookahead': True}        1            4.02995   0.481936   0.854745   0.772167 │
│ exploitation_train_3cf6b_00194   TERMINATED   ...lookahead': True}        1            2.82882   0.425456   0.853926   0.790976 │
│ exploitation_train_3cf6b_00195   TERMINATED   ...lookahead': True}        4            9.48253   0.380592   0.803665   0.824256 │
│ exploitation_train_3cf6b_00196   TERMINATED   ...ookahead': False}        1            2.52681   0.392795   0.824547   0.81505  │
│ exploitation_train_3cf6b_00197   TERMINATED   ...lookahead': True}        4           14.8842    0.378203   0.793633   0.822658 │
│ exploitation_train_3cf6b_00198   TERMINATED   ...ookahead': False}        1            2.31136   0.385185   0.825264   0.817867 │
│ exploitation_train_3cf6b_00199   TERMINATED   ...ookahead': False}        1            2.19887   0.382639   0.828232   0.817326 │
│ exploitation_train_3cf6b_00200   TERMINATED   ...ookahead': False}        2            4.70094   0.413008   0.830484   0.821094 │
│ exploitation_train_3cf6b_00201   TERMINATED   ...lookahead': True}        1            2.8799    0.416628   0.851367   0.792958 │
│ exploitation_train_3cf6b_00202   TERMINATED   ...ookahead': False}        4           12.9542    0.389086   0.845634   0.822456 │
│ exploitation_train_3cf6b_00203   TERMINATED   ...ookahead': False}        1            2.31735   0.387565   0.822193   0.818779 │
│ exploitation_train_3cf6b_00204   TERMINATED   ...lookahead': True}        4           12.7608    0.373845   0.829563   0.827448 │
│ exploitation_train_3cf6b_00205   TERMINATED   ...ookahead': False}        4           13.997     0.389136   0.815948   0.826965 │
│ exploitation_train_3cf6b_00206   TERMINATED   ...ookahead': False}        1            4.8665    0.412528   0.790153   0.814135 │
│ exploitation_train_3cf6b_00207   TERMINATED   ...lookahead': True}        2            4.77495   0.378672   0.821067   0.820964 │
│ exploitation_train_3cf6b_00208   TERMINATED   ...lookahead': True}        4           12.5533    0.377904   0.787082   0.825308 │
│ exploitation_train_3cf6b_00209   TERMINATED   ...ookahead': False}        1            2.94466   0.399103   0.754427   0.814983 │
│ exploitation_train_3cf6b_00210   TERMINATED   ...lookahead': True}        4            7.92382   0.375685   0.818917   0.822402 │
│ exploitation_train_3cf6b_00211   TERMINATED   ...lookahead': True}        4           10.0686    0.377887   0.822602   0.824595 │
│ exploitation_train_3cf6b_00212   TERMINATED   ...lookahead': True}        1            2.23532   0.382004   0.824854   0.81921  │
│ exploitation_train_3cf6b_00213   TERMINATED   ...lookahead': True}        1            3.05421   0.431915   0.85628    0.786661 │
│ exploitation_train_3cf6b_00214   TERMINATED   ...lookahead': True}        2            4.84553   0.378912   0.817586   0.821468 │
│ exploitation_train_3cf6b_00215   TERMINATED   ...lookahead': True}        1            2.4413    0.382936   0.81083    0.819372 │
│ exploitation_train_3cf6b_00216   TERMINATED   ...lookahead': True}        2            3.94478   0.375991   0.818917   0.821987 │
│ exploitation_train_3cf6b_00217   TERMINATED   ...lookahead': True}        4            8.07526   0.375122   0.81861    0.823157 │
│ exploitation_train_3cf6b_00218   TERMINATED   ...ookahead': False}        1            2.39158   0.389694   0.831815   0.816017 │
│ exploitation_train_3cf6b_00219   TERMINATED   ...lookahead': True}        1            2.35421   0.382008   0.824752   0.81797  │
│ exploitation_train_3cf6b_00220   TERMINATED   ...lookahead': True}        1            2.41478   0.381525   0.821783   0.818804 │
│ exploitation_train_3cf6b_00221   TERMINATED   ...lookahead': True}        1            2.8531    0.380206   0.82424    0.818659 │
│ exploitation_train_3cf6b_00222   TERMINATED   ...ookahead': False}        1            3.0631    0.409452   0.826799   0.817117 │
│ exploitation_train_3cf6b_00223   TERMINATED   ...lookahead': True}        1            3.22001   0.426005   0.851264   0.789227 │
│ exploitation_train_3cf6b_00224   TERMINATED   ...lookahead': True}        1            2.01091   0.407941   0.850343   0.803718 │
│ exploitation_train_3cf6b_00225   TERMINATED   ...ookahead': False}        1            2.38027   0.39018    0.821067   0.814668 │
│ exploitation_train_3cf6b_00226   TERMINATED   ...lookahead': True}        1            2.52044   0.38209    0.828027   0.81895  │
│ exploitation_train_3cf6b_00227   TERMINATED   ...ookahead': False}        1            2.89775   0.39907    0.833862   0.815897 │
│ exploitation_train_3cf6b_00228   TERMINATED   ...lookahead': True}        4           12.2575    0.373799   0.818405   0.827402 │
│ exploitation_train_3cf6b_00229   TERMINATED   ...lookahead': True}        1            3.65076   0.422861   0.852083   0.791524 │
│ exploitation_train_3cf6b_00230   TERMINATED   ...lookahead': True}        4            7.87152   0.37712    0.82035    0.824781 │
│ exploitation_train_3cf6b_00231   TERMINATED   ...ookahead': False}        4            7.36607   0.395692   0.822193   0.823864 │
│ exploitation_train_3cf6b_00232   TERMINATED   ...ookahead': False}        2            6.18254   0.377536   0.807964   0.821236 │
│ exploitation_train_3cf6b_00233   TERMINATED   ...lookahead': True}        1            4.97414   0.444113   0.78831    0.810725 │
│ exploitation_train_3cf6b_00234   TERMINATED   ...lookahead': True}        2            3.26025   0.377764   0.823216   0.820495 │
│ exploitation_train_3cf6b_00235   TERMINATED   ...lookahead': True}        2            6.45976   0.38741    0.788515   0.819971 │
│ exploitation_train_3cf6b_00236   TERMINATED   ...lookahead': True}        1            2.09714   0.435206   0.855052   0.786146 │
│ exploitation_train_3cf6b_00237   TERMINATED   ...ookahead': False}        1            4.78464   0.417418   0.776845   0.803336 │
│ exploitation_train_3cf6b_00238   TERMINATED   ...ookahead': False}        4            9.35022   0.380722   0.823626   0.82289  │
│ exploitation_train_3cf6b_00239   TERMINATED   ...lookahead': True}        2            2.9783    0.401195   0.824956   0.821771 │
│ exploitation_train_3cf6b_00240   TERMINATED   ...lookahead': True}        1            3.00789   0.443504   0.856485   0.783278 │
│ exploitation_train_3cf6b_00241   TERMINATED   ...lookahead': True}        1            5.15189   0.424008   0.813901   0.816554 │
│ exploitation_train_3cf6b_00242   TERMINATED   ...lookahead': True}        1            2.96504   0.442232   0.852697   0.781814 │
│ exploitation_train_3cf6b_00243   TERMINATED   ...ookahead': False}        1            2.85374   0.385242   0.826799   0.818436 │
│ exploitation_train_3cf6b_00244   TERMINATED   ...ookahead': False}        1            3.58015   0.402775   0.826594   0.816836 │
│ exploitation_train_3cf6b_00245   TERMINATED   ...lookahead': True}        1            2.93071   0.427223   0.853209   0.788453 │
│ exploitation_train_3cf6b_00246   TERMINATED   ...lookahead': True}        2            4.80296   0.376677   0.821169   0.822064 │
│ exploitation_train_3cf6b_00247   TERMINATED   ...ookahead': False}        4            9.17903   0.384398   0.840209   0.825099 │
│ exploitation_train_3cf6b_00248   TERMINATED   ...lookahead': True}        1            3.59804   0.401135   0.837957   0.812872 │
│ exploitation_train_3cf6b_00249   TERMINATED   ...lookahead': True}        4           14.8259    0.400934   0.810114   0.822771 │
│ exploitation_train_3cf6b_00250   TERMINATED   ...ookahead': False}        1            1.89834   0.482065   0.836421   0.812156 │
│ exploitation_train_3cf6b_00251   TERMINATED   ...ookahead': False}        1            2.10697   0.39504    0.827106   0.81556  │
│ exploitation_train_3cf6b_00252   TERMINATED   ...ookahead': False}        1            1.84325   0.390149   0.830587   0.816235 │
│ exploitation_train_3cf6b_00253   TERMINATED   ...lookahead': True}        1            2.1673    0.443393   0.853516   0.782059 │
│ exploitation_train_3cf6b_00254   TERMINATED   ...ookahead': False}        4           14.1425    0.416851   0.805507   0.824375 │
│ exploitation_train_3cf6b_00255   TERMINATED   ...ookahead': False}        4           18.1588    0.393267   0.811342   0.824117 │
│ exploitation_train_3cf6b_00256   TERMINATED   ...lookahead': True}        1            2.22186   0.458742   0.854438   0.76918  │
│ exploitation_train_3cf6b_00257   TERMINATED   ...ookahead': False}        1            3.25575   0.40707    0.753097   0.810591 │
│ exploitation_train_3cf6b_00258   TERMINATED   ...lookahead': True}        2            4.66185   0.380589   0.815129   0.820744 │
│ exploitation_train_3cf6b_00259   TERMINATED   ...lookahead': True}        1            2.20341   0.419864   0.85239    0.793191 │
│ exploitation_train_3cf6b_00260   TERMINATED   ...lookahead': True}        2            4.15912   0.377069   0.816563   0.821675 │
│ exploitation_train_3cf6b_00261   TERMINATED   ...lookahead': True}        1            2.66218   0.489654   0.851981   0.733267 │
│ exploitation_train_3cf6b_00262   TERMINATED   ...lookahead': True}        2            6.01737   0.387676   0.787696   0.821021 │
│ exploitation_train_3cf6b_00263   TERMINATED   ...ookahead': False}        1            2.19852   0.382621   0.822704   0.818823 │
│ exploitation_train_3cf6b_00264   TERMINATED   ...lookahead': True}        1            2.53587   0.379461   0.818508   0.818702 │
│ exploitation_train_3cf6b_00265   TERMINATED   ...lookahead': True}        1            2.29869   0.421175   0.852493   0.793698 │
│ exploitation_train_3cf6b_00266   TERMINATED   ...ookahead': False}        2            4.16433   0.388273   0.817586   0.821615 │
│ exploitation_train_3cf6b_00267   TERMINATED   ...lookahead': True}        1            5.16309   0.438242   0.787389   0.817009 │
│ exploitation_train_3cf6b_00268   TERMINATED   ...ookahead': False}        1            5.22631   0.416756   0.794861   0.812687 │
│ exploitation_train_3cf6b_00269   TERMINATED   ...lookahead': True}        1            2.56799   0.383262   0.821681   0.817124 │
│ exploitation_train_3cf6b_00270   TERMINATED   ...lookahead': True}        1            3.63854   0.443133   0.855973   0.783821 │
│ exploitation_train_3cf6b_00271   TERMINATED   ...ookahead': False}        1            3.39966   0.411896   0.847681   0.796692 │
│ exploitation_train_3cf6b_00272   TERMINATED   ...lookahead': True}        1            4.04847   0.419936   0.776845   0.809199 │
│ exploitation_train_3cf6b_00273   TERMINATED   ...ookahead': False}        2            3.8971    0.384307   0.827311   0.819875 │
│ exploitation_train_3cf6b_00274   TERMINATED   ...lookahead': True}        1            3.83429   0.403609   0.842358   0.810049 │
│ exploitation_train_3cf6b_00275   TERMINATED   ...lookahead': True}        2            4.80218   0.380216   0.823012   0.820829 │
│ exploitation_train_3cf6b_00276   TERMINATED   ...lookahead': True}        4           13.1213    0.383911   0.828846   0.824914 │
│ exploitation_train_3cf6b_00277   TERMINATED   ...lookahead': True}        4            5.04062   0.384303   0.819019   0.823067 │
│ exploitation_train_3cf6b_00278   TERMINATED   ...lookahead': True}        4            6.67177   0.37209    0.833043   0.824299 │
│ exploitation_train_3cf6b_00279   TERMINATED   ...lookahead': True}        2            4.13298   0.378573   0.824752   0.82148  │
│ exploitation_train_3cf6b_00280   TERMINATED   ...lookahead': True}        1            2.72358   0.43196    0.853209   0.786987 │
│ exploitation_train_3cf6b_00281   TERMINATED   ...lookahead': True}        1            2.78156   0.435981   0.854949   0.785493 │
│ exploitation_train_3cf6b_00282   TERMINATED   ...ookahead': False}        4            6.8735    0.438139   0.830996   0.822561 │
│ exploitation_train_3cf6b_00283   TERMINATED   ...ookahead': False}        2            4.69371   0.435012   0.831201   0.822256 │
│ exploitation_train_3cf6b_00284   TERMINATED   ...ookahead': False}        1            3.95749   0.402122   0.796499   0.813177 │
│ exploitation_train_3cf6b_00285   TERMINATED   ...lookahead': True}        1            4.3302    0.424521   0.79568    0.817475 │
│ exploitation_train_3cf6b_00286   TERMINATED   ...lookahead': True}        4            7.76006   0.380893   0.8182     0.824382 │
│ exploitation_train_3cf6b_00287   TERMINATED   ...lookahead': True}        1            2.30242   0.379099   0.8182     0.81894  │
│ exploitation_train_3cf6b_00288   TERMINATED   ...ookahead': False}        1            2.36105   0.383166   0.826287   0.8181   │
│ exploitation_train_3cf6b_00289   TERMINATED   ...ookahead': False}        1            4.13255   0.379661   0.810114   0.818608 │
│ exploitation_train_3cf6b_00290   TERMINATED   ...ookahead': False}        1            1.84219   0.385253   0.823421   0.817242 │
│ exploitation_train_3cf6b_00291   TERMINATED   ...lookahead': True}        1            3.17795   0.624055   0.847374   0.80719  │
│ exploitation_train_3cf6b_00292   TERMINATED   ...ookahead': False}        4           16.2054    0.39768    0.814515   0.82485  │
│ exploitation_train_3cf6b_00293   TERMINATED   ...lookahead': True}        4           14.6081    0.421355   0.80735    0.822478 │
│ exploitation_train_3cf6b_00294   TERMINATED   ...lookahead': True}        4            7.49633   0.37483    0.823012   0.825334 │
│ exploitation_train_3cf6b_00295   TERMINATED   ...ookahead': False}        1            2.27759   0.396481   0.832634   0.816995 │
│ exploitation_train_3cf6b_00296   TERMINATED   ...lookahead': True}        4           12.413     0.371202   0.825468   0.828993 │
│ exploitation_train_3cf6b_00297   TERMINATED   ...ookahead': False}        2            7.36167   0.378097   0.823114   0.820424 │
│ exploitation_train_3cf6b_00298   TERMINATED   ...lookahead': True}        1            2.69234   0.441293   0.856485   0.78489  │
│ exploitation_train_3cf6b_00299   TERMINATED   ...lookahead': True}        4            6.7974    0.372087   0.827413   0.826568 │
│ exploitation_train_3cf6b_00300   TERMINATED   ...ookahead': False}        1            5.5079    0.408449   0.799672   0.81453  │
│ exploitation_train_3cf6b_00301   TERMINATED   ...ookahead': False}        2            3.77351   0.383448   0.808476   0.821782 │
│ exploitation_train_3cf6b_00302   TERMINATED   ...ookahead': False}        4            7.07764   0.390367   0.823626   0.82391  │
│ exploitation_train_3cf6b_00303   TERMINATED   ...ookahead': False}        4            9.14474   0.420302   0.813799   0.824695 │
│ exploitation_train_3cf6b_00304   TERMINATED   ...ookahead': False}        1            2.73      0.38433    0.821578   0.818962 │
│ exploitation_train_3cf6b_00305   TERMINATED   ...lookahead': True}        1            4.96436   0.391408   0.815232   0.816696 │
│ exploitation_train_3cf6b_00306   TERMINATED   ...ookahead': False}        1            2.71679   0.391548   0.822909   0.818078 │
│ exploitation_train_3cf6b_00307   TERMINATED   ...lookahead': True}        4            5.69791   0.377537   0.81646    0.824106 │
│ exploitation_train_3cf6b_00308   TERMINATED   ...lookahead': True}        2            4.28483   0.38555    0.79179    0.819902 │
│ exploitation_train_3cf6b_00309   TERMINATED   ...lookahead': True}        2            6.1715    0.383589   0.787389   0.819354 │
│ exploitation_train_3cf6b_00310   TERMINATED   ...lookahead': True}        4            9.74709   0.378928   0.821374   0.823225 │
│ exploitation_train_3cf6b_00311   TERMINATED   ...lookahead': True}        1            2.537     0.391202   0.825366   0.816615 │
│ exploitation_train_3cf6b_00312   TERMINATED   ...lookahead': True}        1            1.98526   0.390629   0.82209    0.816807 │
│ exploitation_train_3cf6b_00313   TERMINATED   ...lookahead': True}        1            3.62766   0.448597   0.856382   0.781012 │
│ exploitation_train_3cf6b_00314   TERMINATED   ...ookahead': False}        1            2.85334   0.41001    0.826901   0.81821  │
│ exploitation_train_3cf6b_00315   TERMINATED   ...lookahead': True}        2            4.61328   0.385502   0.819224   0.821547 │
│ exploitation_train_3cf6b_00316   TERMINATED   ...lookahead': True}        1            2.99325   0.417348   0.853823   0.797211 │
│ exploitation_train_3cf6b_00317   TERMINATED   ...ookahead': False}        4           16.463     0.401237   0.809397   0.825407 │
│ exploitation_train_3cf6b_00318   TERMINATED   ...lookahead': True}        1            2.81273   0.559744   0.842666   0.808345 │
│ exploitation_train_3cf6b_00319   TERMINATED   ...ookahead': False}        2            4.74886   0.379806   0.827311   0.820702 │
│ exploitation_train_3cf6b_00320   TERMINATED   ...lookahead': True}        1            3.26243   0.408669   0.776743   0.8169   │
│ exploitation_train_3cf6b_00321   TERMINATED   ...ookahead': False}        4           10.113     0.420274   0.819429   0.825917 │
│ exploitation_train_3cf6b_00322   TERMINATED   ...ookahead': False}        2            7.62217   0.424086   0.779507   0.821062 │
│ exploitation_train_3cf6b_00323   TERMINATED   ...lookahead': True}        2            3.75539   0.37723    0.815437   0.821667 │
│ exploitation_train_3cf6b_00324   TERMINATED   ...ookahead': False}        2            3.45338   0.386016   0.835091   0.821677 │
│ exploitation_train_3cf6b_00325   TERMINATED   ...lookahead': True}        2            5.20468   0.37745    0.8225     0.821473 │
│ exploitation_train_3cf6b_00326   TERMINATED   ...lookahead': True}        4           11.4451    0.37665    0.791483   0.823285 │
│ exploitation_train_3cf6b_00327   TERMINATED   ...lookahead': True}        4            7.62313   0.376424   0.82424    0.823277 │
│ exploitation_train_3cf6b_00328   TERMINATED   ...ookahead': False}        4            6.03291   0.384235   0.842358   0.824389 │
│ exploitation_train_3cf6b_00329   TERMINATED   ...ookahead': False}        1            2.37579   0.384547   0.824854   0.819063 │
│ exploitation_train_3cf6b_00330   TERMINATED   ...ookahead': False}        2            7.38033   0.415661   0.773365   0.820836 │
│ exploitation_train_3cf6b_00331   TERMINATED   ...ookahead': False}        2            6.05244   0.376628   0.79179    0.820817 │
│ exploitation_train_3cf6b_00332   TERMINATED   ...ookahead': False}        1            3.93182   0.419691   0.811649   0.812582 │
│ exploitation_train_3cf6b_00333   TERMINATED   ...ookahead': False}        4            9.57156   0.401761   0.847989   0.822649 │
│ exploitation_train_3cf6b_00334   TERMINATED   ...lookahead': True}        4            7.13735   0.433833   0.826901   0.822723 │
│ exploitation_train_3cf6b_00335   TERMINATED   ...lookahead': True}        1            2.77424   0.380251   0.82035    0.819034 │
│ exploitation_train_3cf6b_00336   TERMINATED   ...lookahead': True}        1            4.0501    0.42507    0.799161   0.818297 │
│ exploitation_train_3cf6b_00337   TERMINATED   ...ookahead': False}        1            1.8058    0.390734   0.830279   0.818818 │
│ exploitation_train_3cf6b_00338   TERMINATED   ...ookahead': False}        4           13.5547    0.417859   0.81646    0.823416 │
│ exploitation_train_3cf6b_00339   TERMINATED   ...ookahead': False}        1            4.68717   0.430804   0.772239   0.807344 │
│ exploitation_train_3cf6b_00340   TERMINATED   ...lookahead': True}        1            3.95887   0.394622   0.789948   0.816785 │
│ exploitation_train_3cf6b_00341   TERMINATED   ...ookahead': False}        2            4.04001   0.386914   0.828744   0.820154 │
│ exploitation_train_3cf6b_00342   TERMINATED   ...lookahead': True}        4            7.97762   0.381844   0.817586   0.824546 │
│ exploitation_train_3cf6b_00343   TERMINATED   ...ookahead': False}        1            2.38916   0.389344   0.834886   0.817742 │
│ exploitation_train_3cf6b_00344   TERMINATED   ...ookahead': False}        1            2.71571   0.388783   0.827311   0.81804  │
│ exploitation_train_3cf6b_00345   TERMINATED   ...lookahead': True}        1            3.1542    0.409273   0.850752   0.803547 │
│ exploitation_train_3cf6b_00346   TERMINATED   ...ookahead': False}        2            5.79217   0.38142    0.823319   0.820692 │
│ exploitation_train_3cf6b_00347   TERMINATED   ...ookahead': False}        4            7.94709   0.379977   0.823319   0.825372 │
│ exploitation_train_3cf6b_00348   TERMINATED   ...lookahead': True}        2            4.6523    0.384863   0.795271   0.821017 │
│ exploitation_train_3cf6b_00349   TERMINATED   ...lookahead': True}        1            2.13867   0.415619   0.751049   0.809978 │
│ exploitation_train_3cf6b_00350   TERMINATED   ...lookahead': True}        1            2.85384   0.464517   0.854745   0.768649 │
│ exploitation_train_3cf6b_00351   TERMINATED   ...ookahead': False}        1            2.34903   0.632451   0.800901   0.587564 │
│ exploitation_train_3cf6b_00352   TERMINATED   ...lookahead': True}        2            7.65046   0.382696   0.79568    0.822019 │
│ exploitation_train_3cf6b_00353   TERMINATED   ...ookahead': False}        1            2.74469   0.394737   0.828232   0.818792 │
│ exploitation_train_3cf6b_00354   TERMINATED   ...lookahead': True}        2            5.91297   0.388187   0.786467   0.819628 │
│ exploitation_train_3cf6b_00355   TERMINATED   ...lookahead': True}        4           10.3963    0.396099   0.827004   0.822932 │
│ exploitation_train_3cf6b_00356   TERMINATED   ...ookahead': False}        4            6.30601   0.388993   0.845122   0.823584 │
│ exploitation_train_3cf6b_00357   TERMINATED   ...lookahead': True}        4            7.8207    0.376563   0.822704   0.824776 │
│ exploitation_train_3cf6b_00358   TERMINATED   ...ookahead': False}        2            3.85142   0.380497   0.829153   0.821889 │
│ exploitation_train_3cf6b_00359   TERMINATED   ...lookahead': True}        1            2.89006   0.450939   0.856485   0.779906 │
│ exploitation_train_3cf6b_00360   TERMINATED   ...lookahead': True}        1            1.86122   0.449431   0.856587   0.780413 │
│ exploitation_train_3cf6b_00361   TERMINATED   ...ookahead': False}        1            2.41861   0.398818   0.831405   0.8178   │
│ exploitation_train_3cf6b_00362   TERMINATED   ...ookahead': False}        1            3.56997   0.385433   0.784625   0.818856 │
│ exploitation_train_3cf6b_00363   TERMINATED   ...lookahead': True}        1            4.15476   0.388897   0.781349   0.817143 │
│ exploitation_train_3cf6b_00364   TERMINATED   ...ookahead': False}        1            3.10183   0.641755   0.837752   0.75191  │
│ exploitation_train_3cf6b_00365   TERMINATED   ...lookahead': True}        2            4.01368   0.376942   0.820964   0.822369 │
│ exploitation_train_3cf6b_00366   TERMINATED   ...lookahead': True}        1            2.99095   0.596329   0.8485     0.801921 │
│ exploitation_train_3cf6b_00367   TERMINATED   ...ookahead': False}        4            5.55664   0.393954   0.825571   0.825014 │
│ exploitation_train_3cf6b_00368   TERMINATED   ...lookahead': True}        1            2.15436   0.434553   0.854847   0.785865 │
│ exploitation_train_3cf6b_00369   TERMINATED   ...ookahead': False}        2            6.03877   0.391042   0.79998    0.820741 │
│ exploitation_train_3cf6b_00370   TERMINATED   ...lookahead': True}        1            3.99468   0.414454   0.815948   0.818339 │
│ exploitation_train_3cf6b_00371   TERMINATED   ...lookahead': True}        2            4.76835   0.376046   0.821783   0.821598 │
│ exploitation_train_3cf6b_00372   TERMINATED   ...ookahead': False}        2            7.89605   0.389607   0.821681   0.819957 │
│ exploitation_train_3cf6b_00373   TERMINATED   ...lookahead': True}        2            7.61791   0.425587   0.803562   0.821199 │
│ exploitation_train_3cf6b_00374   TERMINATED   ...ookahead': False}        2            3.74905   0.383756   0.825878   0.821788 │
│ exploitation_train_3cf6b_00375   TERMINATED   ...lookahead': True}        2            5.12828   0.376636   0.81861    0.820858 │
│ exploitation_train_3cf6b_00376   TERMINATED   ...lookahead': True}        4           10.3168    0.375166   0.831508   0.823609 │
│ exploitation_train_3cf6b_00377   TERMINATED   ...ookahead': False}        1            5.20966   0.41643    0.793121   0.811103 │
│ exploitation_train_3cf6b_00378   TERMINATED   ...ookahead': False}        4           10.052     0.425618   0.79609    0.823461 │
│ exploitation_train_3cf6b_00379   TERMINATED   ...ookahead': False}        4            9.89741   0.392275   0.842461   0.824103 │
│ exploitation_train_3cf6b_00380   TERMINATED   ...ookahead': False}        1            3.88937   0.452702   0.769782   0.817748 │
│ exploitation_train_3cf6b_00381   TERMINATED   ...ookahead': False}        1            3.40637   0.387451   0.830484   0.818513 │
│ exploitation_train_3cf6b_00382   TERMINATED   ...ookahead': False}        2            6.35399   0.380206   0.828744   0.821034 │
│ exploitation_train_3cf6b_00383   TERMINATED   ...lookahead': True}        1            3.62143   0.457737   0.724639   0.798481 │
│ exploitation_train_3cf6b_00384   TERMINATED   ...lookahead': True}        2            7.62877   0.376186   0.79568    0.821433 │
│ exploitation_train_3cf6b_00385   TERMINATED   ...ookahead': False}        1            2.50065   0.379973   0.797216   0.818045 │
│ exploitation_train_3cf6b_00386   TERMINATED   ...lookahead': True}        1            2.67728   0.451288   0.85669    0.779015 │
│ exploitation_train_3cf6b_00387   TERMINATED   ...lookahead': True}        4            9.392     0.378047   0.817996   0.824008 │
│ exploitation_train_3cf6b_00388   TERMINATED   ...ookahead': False}        2            7.43814   0.390609   0.832634   0.820617 │
│ exploitation_train_3cf6b_00389   TERMINATED   ...ookahead': False}        1            3.94311   0.398806   0.778892   0.810545 │
│ exploitation_train_3cf6b_00390   TERMINATED   ...lookahead': True}        1            3.30798   0.388787   0.78831    0.818787 │
│ exploitation_train_3cf6b_00391   TERMINATED   ...lookahead': True}        1            2.93326   0.411753   0.851059   0.799059 │
│ exploitation_train_3cf6b_00392   TERMINATED   ...lookahead': True}        1            3.57842   0.440808   0.856075   0.7855   │
│ exploitation_train_3cf6b_00393   TERMINATED   ...ookahead': False}        2            4.00102   0.382296   0.817279   0.821266 │
│ exploitation_train_3cf6b_00394   TERMINATED   ...lookahead': True}        1            3.61336   0.450476   0.856178   0.779265 │
│ exploitation_train_3cf6b_00395   TERMINATED   ...lookahead': True}        2            4.18428   0.380307   0.818405   0.819954 │
│ exploitation_train_3cf6b_00396   TERMINATED   ...lookahead': True}        1            3.18145   0.462748   0.820657   0.81777  │
│ exploitation_train_3cf6b_00397   TERMINATED   ...ookahead': False}        1            3.2657    0.384532   0.790153   0.818825 │
│ exploitation_train_3cf6b_00398   TERMINATED   ...ookahead': False}        1            4.23424   0.44828    0.767428   0.814002 │
│ exploitation_train_3cf6b_00399   TERMINATED   ...lookahead': True}        2            4.48829   0.377222   0.820248   0.821752 │
╰─────────────────────────────────────────────────────────────────────────────────────────────────────────────────────────────────╯

利用时间:932.3255848884583 s
------------------------------------------------------------------------------------------------------------------------------------------------------------------------------------------------------------------------------------------------------------------------------------------------------------
总时间：1508.4898254871368 s
最佳配置：{'loss': 0.3712022484712351, 'acc': 0.8254683181492476, 'bacc': 0.8289933204650879, 'training_iteration': 4, 'trial_id': '3cf6b_00296', 'date': '2025-11-15_10-57-35', 'time_this_iter_s': 2.9436488151550293, 'time_total_s': 12.412984609603882, 'config': {'use_l1': True, 'l1_lambda': 2.592943797404667e-06, 'use_l2': True, 'l2_lambda': 0.00041753189365604, 'use_dropout': False, 'drop_rate': 0.0, 'use_bn': False, 'use_ln': True, 'use_skip': False, 'skip_type': 'None', 'skip_step': 1, 'skip_drop_prob': 0.0, 'use_data_augment': False, 'da_type': 'None', 'cutout_ratio': 0.0, 'cutout_prob': 0.0, 'mixup_alpha': 0.0, 'mixup_prob': 0.0, 'cutmix_alpha': 0.0, 'cutmix_prob': 0.0, 'fgsm_epsilon': 0.0, 'fgsm_prob': 0.0, 'use_swa': False, 'use_lookahead': True}}
------------------------------------------------------------------------------------------------------------------------------------------------------------------------------------------------------------------------------------------------------------------------------------------------------------