
Trial status: 2000 TERMINATED
Current time: 2025-11-19 03:49:20. Total running time: 2hr 29min 23s
Logical resource usage: 2.0/10 CPUs, 1.0/4 GPUs (0.0/1.0 accelerator_type:G)
Current best trial: 753a110f with bacc=0.8308237791061401 and params={'use_l1': np.False_, 'l1_lambda': 0.0, 'use_l2': np.False_, 'l2_lambda': 0.0, 'use_dropout': np.False_, 'drop_rate': 0.0, 'use_bn': np.False_, 'use_ln': np.True_, 'use_skip': np.False_, 'skip_type': 'None', 'skip_step': 1, 'skip_drop_prob': 0.0, 'use_data_augment': np.True_, 'da_type': np.str_('cutmix'), 'cutout_ratio': 0.0, 'cutout_prob': 0.0, 'mixup_alpha': 0.0, 'mixup_prob': 0.0, 'cutmix_alpha': np.float64(0.1), 'cutmix_prob': np.float64(1.0), 'fgsm_epsilon': 0.0, 'fgsm_prob': 0.0, 'use_swa': np.True_, 'use_lookahead': np.True_}
╭───────────────────────────────────────────────────────────────────────────────────────────────────────────────────────────────────────────────────────────────────────────────────────────────────────────────────────────╮
│ Trial name            status       use_l1     use_l2     use_dropout     use_bn     use_ln     use_skip     use_data_augment     use_swa     use_lookahead       iter     total time (s)       loss        acc       bacc │
├───────────────────────────────────────────────────────────────────────────────────────────────────────────────────────────────────────────────────────────────────────────────────────────────────────────────────────────┤
│ bohb_train_c8f96a04   TERMINATED   True       False      True            True       False      True         False                True        True                   1            3.48027   0.413662   0.788208   0.808606 │
│ bohb_train_013793ee   TERMINATED   True       False      False           False      False      True         True                 True        False                  4           11.3036    0.390613   0.797216   0.817752 │
│ bohb_train_59797563   TERMINATED   False      False      True            False      False      False        False                False       False                  2            3.88016   0.393012   0.825161   0.81736  │
│ bohb_train_a12f07bc   TERMINATED   True       False      True            True       True       False        False                False       True                   1            3.49266   0.539366   0.643873   0.716518 │
│ bohb_train_64357ecc   TERMINATED   False      True       True            True       True       True         True                 True        True                   2            9.88102   0.622649   0.610503   0.709387 │
│ bohb_train_3e292370   TERMINATED   False      False      False           False      False      True         False                False       True                   4            6.08404   0.60865    0.831815   0.811913 │
│ bohb_train_4d459eb2   TERMINATED   True       True       False           False      False      True         False                False       True                   4           11.0145    0.46864    0.832736   0.821752 │
│ bohb_train_f2470c4f   TERMINATED   True       False      False           False      True       False        False                True        True                   4           11.2339    0.377485   0.813696   0.825214 │
│ bohb_train_0be57f51   TERMINATED   False      False      False           False      False      False        True                 False       True                   4            7.321     0.377622   0.816153   0.828587 │
│ bohb_train_3f46a7ff   TERMINATED   False      True       True            False      True       True         True                 True        False                  4           11.6741    0.376507   0.80561    0.82708  │
│ bohb_train_979e059e   TERMINATED   True       True       False           False      False      False        True                 False       False                  1            2.94296   0.693095   0.760672   0.5      │
│ bohb_train_491341e0   TERMINATED   True       True       True            True       False      True         True                 False       True                   2            8.91544   0.489383   0.742246   0.805218 │
│ bohb_train_7f3d5a12   TERMINATED   False      False      True            True       False      False        False                False       False                  4            8.92294   0.38413    0.791074   0.822949 │
│ bohb_train_28846190   TERMINATED   True       True       False           True       True       False        True                 False       True                   1            5.12755   0.501011   0.747262   0.780519 │
│ bohb_train_22a4bc98   TERMINATED   True       True       False           True       True       True         False                True        False                  2           10.3085    0.616231   0.805098   0.601902 │
│ bohb_train_ebf91484   TERMINATED   False      False      False           True       False      True         False                False       True                   4            8.09608   0.562289   0.83939    0.73188  │
│ bohb_train_b8240149   TERMINATED   True       True       True            False      False      False        True                 False       False                  4           10.5335    0.384087   0.813389   0.822667 │
│ bohb_train_35ad94f7   TERMINATED   True       True       True            True       False      True         True                 False       True                   4           15.2605    0.648523   0.837547   0.690948 │
│ bohb_train_0e3a6859   TERMINATED   False      True       True            True       False      True         True                 True        True                   4           14.1628    0.605257   0.822193   0.81834  │
│ bohb_train_f6d8908c   TERMINATED   True       True       True            True       True       True         False                False       True                   4           18.116     0.659913   0.760672   0.5      │
│ bohb_train_e8d92744   TERMINATED   False      True       True            True       True       True         False                False       True                   2            9.30683   0.643211   0.804484   0.768004 │
│ bohb_train_145e6240   TERMINATED   True       True       True            True       False      False        True                 False       False                  1            4.34262   0.511856   0.715324   0.783417 │
│ bohb_train_cd8d7b94   TERMINATED   True       True       False           False      False      False        True                 True        True                   1            3.26637   0.693094   0.760672   0.5      │
│ bohb_train_09538c49   TERMINATED   False      True       True            False      True       True         True                 True        True                   4           14.2042    0.372217   0.801413   0.826227 │
│ bohb_train_0daa8c71   TERMINATED   False      True       False           True       False      True         True                 False       True                   2            6.48126   0.388594   0.772341   0.821335 │
│ bohb_train_55fb6bb3   TERMINATED   False      False      True            False      True       False        False                False       True                   4            9.38673   0.37606    0.828846   0.824179 │
│ bohb_train_e6aec1c0   TERMINATED   False      True       False           False      True       False        True                 True        True                   4           14.2033    0.377083   0.805814   0.825309 │
│ bohb_train_af2ec647   TERMINATED   True       False      False           True       True       True         True                 False       False                  4           17.5792    0.445294   0.758419   0.800459 │
│ bohb_train_872dcc20   TERMINATED   False      False      False           True       False      False        True                 True        True                   4           11.0326    0.378075   0.816051   0.822804 │
│ bohb_train_3fc90dae   TERMINATED   False      True       False           True       False      True         True                 True        False                  4           15.0399    0.382047   0.82598    0.820536 │
│ bohb_train_c587f91e   TERMINATED   False      True       False           False      True       False        False                False       False                  2            6.73218   0.395006   0.847272   0.806683 │
│ bohb_train_3ad320bb   TERMINATED   False      False      False           False      True       True         True                 False       False                  4            9.74817   0.374332   0.818405   0.821273 │
│ bohb_train_f337d1f1   TERMINATED   True       True       False           True       False      False        True                 True        True                   1            5.12161   0.470567   0.752789   0.79793  │
│ bohb_train_19e55a53   TERMINATED   True       True       True            True       True       False        True                 True        False                  1            6.48286   0.419842   0.830689   0.806629 │
│ bohb_train_1f82ad40   TERMINATED   False      True       True            False      True       True         False                False       True                   4           13.619     0.369668   0.808885   0.825862 │
│ bohb_train_a907abc7   TERMINATED   False      False      False           True       False      True         False                True        True                   4           11.4404    0.396001   0.770089   0.81751  │
│ bohb_train_40c3c552   TERMINATED   True       False      True            True       True       True         True                 True        True                   2            9.76515   0.404889   0.756884   0.81396  │
│ bohb_train_7f93ce5b   TERMINATED   False      True       True            False      False      True         False                False       False                  4            8.76776   0.621981   0.791586   0.565611 │
│ bohb_train_0b4317af   TERMINATED   False      False      False           True       False      False        False                False       False                  4            8.32879   0.385365   0.785137   0.818313 │
│ bohb_train_8d951b16   TERMINATED   True       False      False           False      False      True         False                False       False                  4            7.93871   0.555552   0.842768   0.804016 │
│ bohb_train_cd5dbd91   TERMINATED   True       True       False           True       True       False        True                 False       False                  1            4.79398   0.524861   0.8052     0.781227 │
│ bohb_train_b6a670ea   TERMINATED   False      False      False           True       True       False        True                 False       False                  2            6.53761   0.402557   0.820657   0.818063 │
│ bohb_train_0a3777fd   TERMINATED   False      False      False           False      False      True         True                 False       True                   1            1.85681   0.6792     0.803255   0.732899 │
│ bohb_train_e6d514d3   TERMINATED   False      True       False           False      False      True         True                 True        True                   4           10.3214    0.533044   0.815846   0.823695 │
│ bohb_train_d3ab359c   TERMINATED   True       True       False           True       True       False        False                True        True                   2           11.1866    0.430395   0.822397   0.804403 │
│ bohb_train_5c2ac476   TERMINATED   True       False      False           False      False      True         True                 False       True                   4           10.1493    0.398082   0.832634   0.820366 │
│ bohb_train_4f56fe6e   TERMINATED   True       False      True            True       True       False        True                 False       True                   4           15.1491    0.389099   0.825775   0.817177 │
│ bohb_train_132db2c4   TERMINATED   False      True       True            False      True       False        True                 False       True                   4           13.3807    0.396089   0.800082   0.818463 │
│ bohb_train_67260681   TERMINATED   False      False      True            False      True       False        True                 False       True                   4            8.68555   0.372569   0.827209   0.822223 │
│ bohb_train_a136efba   TERMINATED   True       True       False           False      False      True         False                False       False                  4           10.9032    0.378242   0.819634   0.819296 │
│ bohb_train_ce46dcc9   TERMINATED   True       False      True            True       True       False        True                 True        False                  2           10.6611    0.397745   0.81687    0.81147  │
│ bohb_train_82227668   TERMINATED   False      True       True            False      True       False        True                 True        True                   4           14.6719    0.37839    0.813799   0.824108 │
│ bohb_train_e85a4468   TERMINATED   False      True       True            False      False      False        True                 False       False                  1            2.7201    0.693097   0.760672   0.5      │
│ bohb_train_26d4d1f9   TERMINATED   False      True       False           True       False      True         True                 False       False                  1            4.35546   0.631801   0.763845   0.50663  │
│ bohb_train_0fd3cca5   TERMINATED   False      True       True            False      True       False        True                 False       True                   4           13.7514    0.405815   0.82987    0.810781 │
│ bohb_train_195c35ea   TERMINATED   False      True       True            False      False      False        True                 False       False                  4            9.91838   0.387484   0.82639    0.820805 │
│ bohb_train_3a07d9f1   TERMINATED   False      True       True            False      False      False        True                 False       False                  2            5.83494   0.386181   0.827516   0.815536 │
│ bohb_train_b00a8faf   TERMINATED   True       True       True            True       True       False        False                False       False                  4           19.6596    0.493924   0.777766   0.793828 │
│ bohb_train_5fd85196   TERMINATED   False      True       True            False      True       True         True                 True        True                   4           13.8423    0.374266   0.801413   0.828279 │
│ bohb_train_313ff1ac   TERMINATED   False      True       True            False      True       True         True                 True        True                   4           12.9066    0.369865   0.801822   0.826496 │
│ bohb_train_35e54fc0   TERMINATED   False      True       True            False      True       True         True                 True        True                   1            4.00569   0.550592   0.852697   0.743559 │
│ bohb_train_6623c27b   TERMINATED   False      True       True            False      True       True         True                 True        True                   1            4.11867   0.653295   0.789231   0.560546 │
│ bohb_train_0e96a577   TERMINATED   False      True       True            False      True       True         True                 True        True                   2            6.76989   0.476889   0.855461   0.778647 │
│ bohb_train_cff43b04   TERMINATED   False      True       True            False      True       True         True                 True        True                   4           14.9746    0.37672    0.812366   0.821408 │
│ bohb_train_17e3d8b7   TERMINATED   False      True       True            False      True       False        True                 False       True                   2            6.78482   0.392162   0.824138   0.816394 │
│ bohb_train_45faaf9a   TERMINATED   False      True       True            False      True       True         True                 True        True                   4           13.981     0.392451   0.816563   0.824313 │
│ bohb_train_4e03e106   TERMINATED   False      True       True            False      True       True         True                 True        True                   4           13.3967    0.373353   0.805917   0.825963 │
│ bohb_train_934b952f   TERMINATED   False      True       False           False      True       False        True                 True        True                   4           13.3944    0.383153   0.793633   0.81613  │
│ bohb_train_19e6f37f   TERMINATED   False      True       False           False      True       False        True                 True        True                   4           13.2586    0.382743   0.805405   0.827972 │
│ bohb_train_e854437e   TERMINATED   True       False      False           False      True       False        False                False       False                  4           10.2056    0.381114   0.838162   0.815938 │
│ bohb_train_b3400aee   TERMINATED   False      True       False           False      True       False        True                 True        True                   2            6.52547   0.375718   0.797011   0.824799 │
│ bohb_train_9ae15c85   TERMINATED   False      False      False           False      True       False        True                 True        True                   1            2.55012   0.390897   0.827413   0.817667 │
│ bohb_train_958ce8a1   TERMINATED   False      False      False           False      True       False        True                 True        True                   4            9.88015   0.373073   0.802232   0.828964 │
│ bohb_train_569dadfd   TERMINATED   False      False      False           False      True       False        True                 True        True                   1            2.14165   0.408244   0.789845   0.820676 │
│ bohb_train_5968e5df   TERMINATED   True       True       False           False      True       True         False                True        False                  2            8.4175    0.386193   0.813901   0.818459 │
│ bohb_train_015eab18   TERMINATED   False      False      False           False      True       False        True                 True        True                   4            9.08585   0.378628   0.806531   0.828419 │
│ bohb_train_d3b3775e   TERMINATED   False      False      False           False      True       False        True                 True        True                   4            8.37168   0.372876   0.813185   0.823705 │
│ bohb_train_aa74c2a8   TERMINATED   True       True       True            False      True       True         False                False       False                  4           15.0563    0.389627   0.816256   0.819421 │
│ bohb_train_52615c76   TERMINATED   False      True       False           False      True       False        True                 True        True                   4           12.3998    0.379723   0.801106   0.821481 │
│ bohb_train_1c81ce1c   TERMINATED   False      False      False           False      True       False        True                 True        True                   4            7.47579   0.377532   0.801515   0.828346 │
│ bohb_train_7df82a14   TERMINATED   False      False      False           False      True       False        True                 True        True                   4           11.0283    0.371676   0.803869   0.823591 │
│ bohb_train_a5d8b2c7   TERMINATED   False      False      False           False      True       False        True                 True        True                   2            5.12734   0.396045   0.785137   0.811424 │
│ bohb_train_6a29ccd9   TERMINATED   True       False      True            True       False      False        True                 False       True                   1            3.1606    0.500293   0.792609   0.784384 │
│ bohb_train_eb4486a1   TERMINATED   True       True       False           True       True       False        False                False       False                  1            5.3643    0.481112   0.776231   0.778894 │
│ bohb_train_968f652d   TERMINATED   False      False      False           False      False      False        False                True        False                  4            6.13369   0.390179   0.80561    0.822683 │
│ bohb_train_7dbc8398   TERMINATED   False      False      False           False      True       False        True                 True        True                   2            3.88351   0.39567    0.775412   0.820862 │
│ bohb_train_75ad7a1e   TERMINATED   False      False      False           False      True       False        True                 True        True                   4            7.71302   0.368066   0.811342   0.826158 │
│ bohb_train_fab61e75   TERMINATED   False      False      False           False      True       False        True                 True        True                   4            8.45829   0.368154   0.813082   0.827741 │
│ bohb_train_2d189b77   TERMINATED   False      False      False           False      True       False        True                 True        True                   4            7.47838   0.36994    0.804381   0.829497 │
│ bohb_train_17723f4a   TERMINATED   False      True       True            False      False      True         False                False       True                   4            9.32321   0.526776   0.852288   0.784476 │
│ bohb_train_297a5ed0   TERMINATED   True       True       True            True       True       False        False                False       True                   2           11.5336    0.4257     0.817484   0.821547 │
│ bohb_train_f01104fb   TERMINATED   False      False      False           False      True       False        True                 True        True                   4            9.08889   0.381196   0.809807   0.825735 │
│ bohb_train_68ad26d9   TERMINATED   True       False      False           True       False      False        False                False       True                   1            3.66528   1.69276    0.255707   0.50461  │
│ bohb_train_187a2898   TERMINATED   False      False      False           False      True       False        True                 True        True                   1            2.25796   0.388973   0.788105   0.814402 │
│ bohb_train_6d5fa711   TERMINATED   False      True       True            True       True       True         True                 True        True                   2            9.25576   0.450165   0.694135   0.787078 │
│ bohb_train_b5d92fe3   TERMINATED   False      False      True            False      True       True         False                False       False                  4            7.47158   0.585101   0.854438   0.737814 │
│ bohb_train_703c3bbf   TERMINATED   False      False      False           False      True       False        True                 True        True                   4            8.91741   0.374661   0.801822   0.820487 │
│ bohb_train_0cec7aaf   TERMINATED   True       False      True            False      True       False        True                 True        True                   4           12.1892    0.410128   0.830587   0.813744 │
│ bohb_train_33e70476   TERMINATED   False      False      False           False      True       False        True                 True        True                   4            8.44958   0.368154   0.813082   0.827741 │
│ bohb_train_1a93f244   TERMINATED   True       True       False           False      False      False        False                False       False                  4           10.4643    0.693106   0.760672   0.5      │
│ bohb_train_096b3503   TERMINATED   False      True       False           False      True       True         True                 True        True                   1            4.0624    0.528655   0.846044   0.702982 │
│ bohb_train_b167ec3c   TERMINATED   False      False      False           False      True       True         True                 True        True                   1            2.31316   0.451526   0.857816   0.778876 │
│ bohb_train_2944a658   TERMINATED   False      False      False           False      True       True         True                 True        True                   4           10.2828    0.374372   0.819326   0.820853 │
│ bohb_train_7b8dbd93   TERMINATED   False      True       False           True       True       False        True                 False       True                   2            9.13133   0.434958   0.780735   0.801642 │
│ bohb_train_41cf048a   TERMINATED   False      False      False           False      True       True         True                 True        True                   4            9.17546   0.372411   0.807145   0.826477 │
│ bohb_train_6b765468   TERMINATED   False      False      False           False      True       True         True                 True        True                   4            9.14318   0.408043   0.82772    0.824025 │
│ bohb_train_c1015c8b   TERMINATED   True       False      False           False      True       True         True                 True        False                  2            6.0853    0.445358   0.840106   0.800214 │
│ bohb_train_ccbb31d1   TERMINATED   False      False      False           False      True       True         True                 True        True                   4           11.0301    0.392682   0.812673   0.813694 │
│ bohb_train_a7ecc403   TERMINATED   False      False      False           False      True       True         True                 True        True                   4            9.6736    0.658093   0.792302   0.566375 │
│ bohb_train_ad39c798   TERMINATED   False      True       True            True       True       False        True                 False       True                   4           16.5819    0.558383   0.846965   0.798126 │
│ bohb_train_201ebdf9   TERMINATED   True       False      True            False      False      True         False                True        True                   1            2.44457   0.377663   0.819838   0.820603 │
│ bohb_train_3727be2b   TERMINATED   False      False      False           False      True       False        True                 True        True                   4           10.3303    0.375724   0.797728   0.82615  │
│ bohb_train_67e04b48   TERMINATED   False      False      False           False      True       False        True                 True        True                   2            5.25678   0.399997   0.783396   0.82098  │
│ bohb_train_a001a914   TERMINATED   False      True       False           False      True       False        True                 True        False                  1            2.9679    0.402956   0.788719   0.819642 │
│ bohb_train_9dfa7b6c   TERMINATED   False      False      False           False      True       False        True                 True        True                   4            7.92738   0.376231   0.798956   0.826664 │
│ bohb_train_e6faff40   TERMINATED   False      False      True            False      True       True         True                 False       False                  2            5.07443   0.382166   0.790664   0.823559 │
│ bohb_train_d99ce904   TERMINATED   True       True       True            False      True       False        False                True        True                   4           15.6416    0.372306   0.81472    0.8253   │
│ bohb_train_18b1cf4c   TERMINATED   False      False      False           False      True       False        True                 True        True                   4            7.93569   0.373361   0.804381   0.826712 │
│ bohb_train_a27b6f45   TERMINATED   False      True       True            False      True       False        False                True        False                  4           11.9042    0.420544   0.805507   0.823202 │
│ bohb_train_9bbc74c3   TERMINATED   False      False      True            True       False      False        True                 False       True                   4            8.67045   0.388999   0.807555   0.824108 │
│ bohb_train_8ab35005   TERMINATED   False      False      False           False      True       False        True                 True        True                   2            6.13311   0.3984     0.781861   0.82129  │
│ bohb_train_37597e06   TERMINATED   False      False      False           False      True       False        True                 True        True                   4            8.40516   0.370265   0.815129   0.826449 │
│ bohb_train_edea5881   TERMINATED   False      False      False           False      True       False        True                 True        True                   1            2.46166   0.378493   0.79179    0.821808 │
│ bohb_train_1b9f629f   TERMINATED   False      False      False           False      True       False        True                 True        True                   1            3.01649   0.388269   0.777255   0.819875 │
│ bohb_train_cfbd225d   TERMINATED   False      False      False           False      True       True         False                True        True                   4            9.33853   0.370643   0.816972   0.822677 │
│ bohb_train_ef9e4e59   TERMINATED   False      False      False           False      True       False        True                 True        True                   4           10.1689    0.369689   0.806633   0.826141 │
│ bohb_train_131c78bc   TERMINATED   True       True       False           True       False      False        True                 False       True                   2            8.22211   0.644761   0.761183   0.501069 │
│ bohb_train_c0f7b6cf   TERMINATED   False      False      False           False      True       False        True                 True        True                   4            8.80216   0.368066   0.811342   0.826158 │
│ bohb_train_cbf3cd5b   TERMINATED   False      False      False           False      True       False        True                 True        True                   4            7.53793   0.371407   0.809499   0.826706 │
│ bohb_train_50a2f1ce   TERMINATED   False      False      False           False      True       False        True                 True        True                   4            7.55405   0.375508   0.802846   0.827315 │
│ bohb_train_baf6c91a   TERMINATED   False      False      False           False      True       False        True                 True        True                   1            3.49283   0.39943    0.790153   0.811204 │
│ bohb_train_16973977   TERMINATED   True       False      False           False      False      False        True                 False       False                  1            2.18832   0.693144   0.760672   0.5      │
│ bohb_train_74c4956f   TERMINATED   False      False      False           False      True       False        False                False       True                   4            9.09355   0.373183   0.823114   0.823049 │
│ bohb_train_125af7a4   TERMINATED   False      False      False           False      True       False        True                 True        True                   2            5.19962   0.388708   0.78831    0.816882 │
│ bohb_train_0375c347   TERMINATED   False      False      False           False      True       False        True                 True        True                   2            3.54624   0.389691   0.781349   0.823299 │
│ bohb_train_87c4adcd   TERMINATED   False      False      False           False      True       False        True                 True        True                   4           10.6462    0.36914    0.805814   0.826922 │
│ bohb_train_9ca44559   TERMINATED   False      False      False           False      True       False        True                 True        True                   4            8.25139   0.37074    0.823728   0.826238 │
│ bohb_train_6dfbb113   TERMINATED   False      False      True            False      False      False        False                False       True                   4            7.87877   0.379157   0.815948   0.821417 │
│ bohb_train_ae795911   TERMINATED   False      True       False           False      True       False        True                 False       True                   4           12.1826    0.373207   0.819531   0.8226   │
│ bohb_train_46a8ceae   TERMINATED   False      False      False           False      True       False        True                 True        True                   4            7.88182   0.373221   0.8052     0.828863 │
│ bohb_train_31c0ee35   TERMINATED   False      False      False           False      True       False        True                 True        True                   2            5.09547   0.384712   0.791586   0.824751 │
│ bohb_train_1b55d733   TERMINATED   False      False      False           False      True       False        True                 True        True                   1            3.06727   0.424377   0.770601   0.819165 │
│ bohb_train_2b9459e0   TERMINATED   False      False      False           False      True       False        True                 True        True                   4            9.52275   0.368235   0.810421   0.828337 │
│ bohb_train_1a096f16   TERMINATED   False      False      True            True       True       False        True                 False       False                  1            2.76213   0.414815   0.826492   0.811785 │
│ bohb_train_ed63e0e8   TERMINATED   False      False      False           False      True       False        True                 True        True                   2            4.68436   0.375744   0.808373   0.824207 │
│ bohb_train_33882d44   TERMINATED   False      False      False           False      True       False        True                 True        True                   4            9.95887   0.36914    0.805814   0.826922 │
│ bohb_train_49063cde   TERMINATED   False      False      False           False      True       False        True                 True        True                   4            7.53231   0.367409   0.808783   0.828287 │
│ bohb_train_3125ec49   TERMINATED   True       False      False           False      True       False        True                 True        True                   4           13.0223    0.371219   0.802232   0.826179 │
│ bohb_train_c9b41a57   TERMINATED   False      False      False           False      True       False        True                 True        True                   4            8.34924   0.369745   0.81083    0.827287 │
│ bohb_train_eaa4077c   TERMINATED   False      False      False           False      True       False        True                 True        True                   4            7.53539   0.38988    0.812877   0.825701 │
│ bohb_train_081d3fc4   TERMINATED   True       False      False           False      True       False        True                 True        True                   1            3.81907   0.379253   0.792712   0.823292 │
│ bohb_train_a8882fa2   TERMINATED   False      True       False           True       False      False        True                 True        True                   2            8.10355   0.390836   0.824035   0.825121 │
│ bohb_train_3929b9f3   TERMINATED   False      False      False           False      True       False        True                 True        True                   4            9.33715   0.371643   0.807145   0.828676 │
│ bohb_train_e517b831   TERMINATED   False      False      False           False      True       False        True                 True        True                   1            2.23356   0.373772   0.7922     0.824715 │
│ bohb_train_b2eba262   TERMINATED   False      False      False           False      True       False        True                 True        True                   4            8.7325    0.373441   0.807452   0.828731 │
│ bohb_train_37c045a8   TERMINATED   True       True       True            True       False      False        False                False       False                  2            7.86975   0.63375    0.717985   0.778425 │
│ bohb_train_401599e6   TERMINATED   False      False      False           True       True       False        True                 False       True                   4           10.2981    0.404488   0.806736   0.821371 │
│ bohb_train_04e43e4e   TERMINATED   False      True       True            False      True       True         False                False       True                   4           12.9464    0.408184   0.822193   0.821125 │
│ bohb_train_edb4971a   TERMINATED   False      False      False           True       True       False        True                 True        True                   4           12.2889    0.376807   0.820555   0.821221 │
│ bohb_train_99019231   TERMINATED   False      False      False           False      True       False        True                 True        True                   4           10.1197    0.372177   0.804995   0.824771 │
│ bohb_train_2f781eb9   TERMINATED   True       False      True            False      True       True         True                 True        False                  1            3.07557   0.384542   0.793428   0.818633 │
│ bohb_train_e8a50c37   TERMINATED   False      False      False           False      True       False        True                 True        True                   4            9.61015   0.37193    0.804893   0.827195 │
│ bohb_train_2ae43134   TERMINATED   False      False      False           False      True       False        True                 True        True                   1            2.19105   0.378473   0.823523   0.82112  │
│ bohb_train_1f4726ab   TERMINATED   False      False      False           False      True       False        True                 True        True                   2            3.88747   0.386187   0.787593   0.823006 │
│ bohb_train_65dcc894   TERMINATED   True       False      False           False      True       True         True                 True        True                   4           13.3432    0.377104   0.818405   0.824645 │
│ bohb_train_04686194   TERMINATED   True       True       False           False      True       True         False                True        True                   2            8.34095   0.46303    0.747364   0.810487 │
│ bohb_train_bf88671a   TERMINATED   False      False      False           False      True       False        True                 True        True                   4            9.34748   0.369323   0.813492   0.824786 │
│ bohb_train_aa2201c5   TERMINATED   False      False      False           False      True       False        True                 True        True                   4            7.61959   0.370474   0.810933   0.829553 │
│ bohb_train_e37e698b   TERMINATED   False      False      False           False      True       False        True                 True        True                   4            8.27395   0.369958   0.813492   0.827864 │
│ bohb_train_1b7ef4ce   TERMINATED   False      False      False           False      True       False        True                 True        True                   4            7.36748   0.373191   0.809602   0.828385 │
│ bohb_train_ed5e18e7   TERMINATED   False      False      False           False      True       False        True                 True        True                   1            3.20321   0.391461   0.772648   0.81758  │
│ bohb_train_cba99675   TERMINATED   True       False      True            True       False      False        True                 False       False                  1            3.89034   0.390143   0.796397   0.816627 │
│ bohb_train_a6d0b721   TERMINATED   False      False      False           False      False      True         False                False       True                   2            3.77319   0.39908    0.823114   0.820264 │
│ bohb_train_bf50f463   TERMINATED   False      False      False           False      True       False        True                 True        True                   4            9.0914    0.36956    0.808681   0.827486 │
│ bohb_train_0b9858d9   TERMINATED   False      False      False           False      True       False        True                 True        True                   4            8.28367   0.374306   0.802129   0.82787  │
│ bohb_train_024384f4   TERMINATED   True       False      True            False      False      False        True                 False       True                   2            5.17736   0.693113   0.760672   0.5      │
│ bohb_train_026367fc   TERMINATED   False      False      False           False      True       False        True                 True        True                   4           10.2672    0.389091   0.789334   0.812864 │
│ bohb_train_5d2e76fb   TERMINATED   False      False      False           False      True       False        True                 True        True                   4            7.65284   0.377494   0.80694    0.829274 │
│ bohb_train_b6215157   TERMINATED   False      False      False           False      True       False        True                 True        True                   4            9.68468   0.370128   0.810318   0.825925 │
│ bohb_train_87183643   TERMINATED   False      False      False           False      True       False        True                 True        True                   4            8.494     0.370711   0.806326   0.829457 │
│ bohb_train_6376b037   TERMINATED   False      False      False           False      True       False        True                 True        True                   2            4.56422   0.375938   0.794452   0.824876 │
│ bohb_train_a627f53e   TERMINATED   False      False      False           False      True       False        True                 True        True                   1            2.4778    0.388301   0.829358   0.816894 │
│ bohb_train_ae4eef1b   TERMINATED   False      False      False           False      True       False        True                 True        True                   1            2.5853    0.391154   0.788515   0.814964 │
│ bohb_train_5c1cb69d   TERMINATED   False      False      False           False      True       False        True                 True        True                   4            7.91853   0.369601   0.803972   0.827323 │
│ bohb_train_6dc07cdc   TERMINATED   False      False      False           False      True       False        True                 True        True                   2            4.30571   0.392353   0.788515   0.812619 │
│ bohb_train_90a49f65   TERMINATED   False      False      False           False      True       False        True                 True        True                   4            8.68513   0.368133   0.81646    0.824685 │
│ bohb_train_58ec0b6c   TERMINATED   False      False      False           False      True       False        True                 True        True                   4            7.38008   0.370795   0.812366   0.825072 │
│ bohb_train_389e641b   TERMINATED   False      False      False           False      True       False        True                 True        True                   4            7.09022   0.374528   0.805507   0.827746 │
│ bohb_train_3ae59e3d   TERMINATED   False      False      False           False      True       False        True                 True        True                   4            6.94653   0.372764   0.804484   0.828539 │
│ bohb_train_45c338be   TERMINATED   True       True       True            False      True       False        True                 False       True                   4           15.0682    0.40775    0.825059   0.820224 │
│ bohb_train_faa6e54e   TERMINATED   False      False      False           False      True       False        True                 True        True                   1            2.7555    0.382257   0.790357   0.819986 │
│ bohb_train_e24e0c11   TERMINATED   False      False      False           False      False      False        False                True        False                  2            3.57054   0.387526   0.80909    0.821453 │
│ bohb_train_43e051b1   TERMINATED   True       True       True            False      True       False        True                 True        True                   1            4.8142    0.391408   0.812366   0.820235 │
│ bohb_train_70dac275   TERMINATED   False      False      False           False      True       False        True                 True        True                   4            8.10602   0.374327   0.805098   0.826304 │
│ bohb_train_d4745cf8   TERMINATED   False      False      False           False      True       False        True                 True        True                   2            4.04195   0.384119   0.787184   0.8179   │
│ bohb_train_7ba92f0e   TERMINATED   False      False      False           False      False      False        False                False       True                   4            7.21976   0.380873   0.813901   0.824909 │
│ bohb_train_0f24d3df   TERMINATED   False      False      False           False      False      False        True                 False       False                  4            5.93049   0.3832     0.81646    0.822926 │
│ bohb_train_f28655ca   TERMINATED   True       True       False           False      False      False        True                 True        True                   4           10.7905    0.377225   0.818098   0.822684 │
│ bohb_train_ec070b0e   TERMINATED   False      False      False           False      True       True         True                 False       False                  4            7.51161   0.424816   0.839902   0.81459  │
│ bohb_train_9f7abb7d   TERMINATED   False      False      False           False      True       False        True                 True        True                   4           10.1096    0.397776   0.790971   0.809983 │
│ bohb_train_1d3f2a47   TERMINATED   True       False      False           True       False      False        False                False       False                  1            3.72145   0.526768   0.734466   0.755986 │
│ bohb_train_33052397   TERMINATED   False      False      False           False      True       False        False                True        True                   4            8.15968   0.368875   0.814822   0.825954 │
│ bohb_train_90fb2178   TERMINATED   False      False      False           False      True       False        True                 True        True                   1            2.9477    0.374374   0.787696   0.82278  │
│ bohb_train_375befe6   TERMINATED   False      False      False           False      True       False        True                 True        False                  2            4.53625   0.381317   0.816563   0.821528 │
│ bohb_train_f443f353   TERMINATED   False      False      False           False      True       False        True                 True        True                   4            9.14323   0.369057   0.814311   0.826057 │
│ bohb_train_1117cbef   TERMINATED   False      False      False           False      True       False        True                 True        True                   4            8.46158   0.384305   0.805405   0.824747 │
│ bohb_train_ec4b97d8   TERMINATED   False      True       False           False      True       False        False                True        True                   2            6.27174   0.37837    0.791483   0.824977 │
│ bohb_train_d3b2538b   TERMINATED   False      False      False           False      True       False        True                 True        True                   4            7.79914   0.376653   0.803665   0.829319 │
│ bohb_train_03f5061b   TERMINATED   False      False      False           False      True       False        True                 True        True                   4            8.36865   0.392064   0.805302   0.827172 │
│ bohb_train_19ea91cc   TERMINATED   False      False      False           False      True       False        True                 True        True                   4            7.48213   0.37221    0.80561    0.828399 │
│ bohb_train_ef3b610c   TERMINATED   True       True       False           False      True       False        True                 False       True                   1            3.7059    0.431359   0.835602   0.809126 │
│ bohb_train_2885bd3a   TERMINATED   False      False      False           False      True       False        True                 True        True                   4            9.41786   0.373978   0.811035   0.827129 │
│ bohb_train_5495672e   TERMINATED   False      False      False           False      True       False        True                 True        True                   1            3.25807   0.398681   0.793633   0.810413 │
│ bohb_train_d0f147aa   TERMINATED   False      True       True            True       False      True         False                True        True                   2            7.677     0.388202   0.768963   0.82146  │
│ bohb_train_ed7ee572   TERMINATED   False      True       False           False      True       True         False                True        False                  2            6.68807   0.37135    0.808988   0.821679 │
│ bohb_train_e18aa6d2   TERMINATED   False      False      False           False      True       True         False                False       True                   4            9.26842   0.370359   0.808783   0.825648 │
│ bohb_train_d83f69ac   TERMINATED   False      False      False           False      True       False        True                 True        True                   4            8.8422    0.372781   0.803869   0.823591 │
│ bohb_train_6bed5a10   TERMINATED   True       False      False           False      True       False        True                 True        True                   4           13.1371    0.374946   0.800901   0.823692 │
│ bohb_train_4e10b724   TERMINATED   True       False      False           False      True       False        True                 False       True                   4           11.1764    0.376246   0.823114   0.821437 │
│ bohb_train_d2b217d8   TERMINATED   False      False      False           False      True       False        True                 True        True                   4            8.40656   0.367409   0.808783   0.828287 │
│ bohb_train_8a0a43a0   TERMINATED   False      False      False           False      True       False        True                 True        True                   4            9.40015   0.370005   0.80735    0.827052 │
│ bohb_train_fcac92c1   TERMINATED   True       True       False           True       False      True         False                False       True                   1            3.69196   0.444526   0.760774   0.789694 │
│ bohb_train_5123f0f3   TERMINATED   True       False      False           True       False      True         False                True        False                  2            7.64045   0.402575   0.800491   0.810671 │
│ bohb_train_63f9bd04   TERMINATED   False      False      False           False      True       False        True                 True        True                   1            2.23418   0.396268   0.78268    0.811275 │
│ bohb_train_36ac2949   TERMINATED   False      False      False           False      True       False        True                 True        True                   4            9.04209   0.374129   0.805814   0.827801 │
│ bohb_train_2d969d35   TERMINATED   False      False      False           False      True       False        True                 True        True                   4            7.396     0.370527   0.803665   0.828    │
│ bohb_train_d73f0916   TERMINATED   False      False      False           False      True       False        True                 True        True                   2            5.1133    0.380391   0.787798   0.820796 │
│ bohb_train_a3f71679   TERMINATED   False      False      False           False      True       False        True                 True        True                   4            7.76088   0.368728   0.811137   0.827049 │
│ bohb_train_45ebc5d8   TERMINATED   True       False      True            True       False      True         True                 False       False                  4           12.7146    0.388044   0.780428   0.821521 │
│ bohb_train_9c8c19c7   TERMINATED   False      True       True            True       False      False        False                True        True                   4           14.5674    0.379488   0.801515   0.824389 │
│ bohb_train_25454a93   TERMINATED   True       True       False           False      True       True         True                 False       False                  1            4.40114   0.652446   0.629542   0.749897 │
│ bohb_train_1517c4ef   TERMINATED   False      True       False           True       True       True         False                True        True                   2            9.35591   0.426868   0.783396   0.820248 │
│ bohb_train_f87c2306   TERMINATED   False      True       True            True       False      True         True                 False       True                   1            3.41265   0.625348   0.769577   0.518606 │
│ bohb_train_1db1af88   TERMINATED   True       False      False           True       False      True         False                True        True                   4           15.8823    0.37669    0.795373   0.82255  │
│ bohb_train_d3b94a32   TERMINATED   False      False      False           False      True       False        True                 True        True                   4            9.47866   0.369492   0.813287   0.826703 │
│ bohb_train_1b8f323a   TERMINATED   False      True       True            False      True       False        False                True        True                   4           13.662     0.388877   0.786365   0.823225 │
│ bohb_train_cdda129c   TERMINATED   True       True       True            False      True       False        False                True        False                  2            8.75571   0.502403   0.713072   0.789119 │
│ bohb_train_feb4d7e1   TERMINATED   False      False      True            False      True       False        True                 True        False                  4            7.79477   0.37779    0.832531   0.822791 │
│ bohb_train_b8f87caf   TERMINATED   False      False      False           False      True       False        True                 True        True                   4            7.71448   0.368066   0.811342   0.826158 │
│ bohb_train_d1ad08ff   TERMINATED   False      False      False           False      True       False        True                 True        True                   4            9.7381    0.372177   0.804995   0.824771 │
│ bohb_train_9c1f93fc   TERMINATED   False      True       False           False      True       False        True                 True        True                   4           13.1684    0.373728   0.806838   0.827155 │
│ bohb_train_4c076c5c   TERMINATED   True       False      True            False      True       True         True                 True        True                   1            3.16234   0.414524   0.848193   0.80465  │
│ bohb_train_0b63ea24   TERMINATED   True       True       True            True       True       True         False                True        False                  1            5.89294   0.564177   0.782475   0.746502 │
│ bohb_train_92efb15a   TERMINATED   False      True       False           False      True       False        True                 True        True                   2            6.45125   0.38032    0.782475   0.823893 │
│ bohb_train_bdf43fd2   TERMINATED   False      True       False           False      True       False        True                 True        True                   4           13.118     0.3804     0.806736   0.826355 │
│ bohb_train_542e08c6   TERMINATED   False      True       False           False      True       False        True                 True        True                   4           14.5422    0.374545   0.809602   0.82604  │
│ bohb_train_05831c90   TERMINATED   True       True       True            False      False      True         False                True        True                   2            6.16623   0.526588   0.813901   0.799991 │
│ bohb_train_af5ca5ce   TERMINATED   False      True       False           False      True       False        True                 True        True                   4           12.1621    0.377293   0.806121   0.825365 │
│ bohb_train_7906fc3e   TERMINATED   False      True       False           False      True       False        True                 True        True                   4           13.217     0.400215   0.793121   0.824734 │
│ bohb_train_c67d0e4a   TERMINATED   False      True       False           False      True       False        True                 True        True                   4           12.4988    0.369753   0.809909   0.824923 │
│ bohb_train_5886181d   TERMINATED   False      False      False           False      True       False        True                 True        True                   4           11.6512    0.369049   0.807862   0.827388 │
│ bohb_train_2aa093a7   TERMINATED   False      False      False           False      True       False        True                 True        True                   1            2.28302   0.388301   0.829358   0.816894 │
│ bohb_train_20ef9825   TERMINATED   False      False      False           False      True       False        True                 True        True                   2            5.41073   0.381711   0.791176   0.819645 │
│ bohb_train_482dd2e6   TERMINATED   False      False      False           False      True       False        True                 True        True                   1            3.46335   0.396247   0.781656   0.810309 │
│ bohb_train_60cdc986   TERMINATED   True       False      False           False      False      True         False                False       True                   4            9.05917   0.37845    0.820555   0.8221   │
│ bohb_train_94265f64   TERMINATED   False      True       False           False      True       False        True                 False       False                  2            7.58932   0.379807   0.839902   0.81415  │
│ bohb_train_34e1ccfb   TERMINATED   False      False      False           False      True       False        True                 True        True                   4            7.79572   0.367571   0.805917   0.829627 │
│ bohb_train_5fd306c4   TERMINATED   False      False      False           False      True       False        True                 True        True                   4            8.75681   0.368977   0.809397   0.827371 │
│ bohb_train_59bd3a23   TERMINATED   False      False      False           False      True       False        True                 True        True                   4            7.47616   0.36923    0.807145   0.82721  │
│ bohb_train_126e674a   TERMINATED   True       False      False           False      True       True         False                False       True                   4           10.8907    0.546214   0.855768   0.769029 │
│ bohb_train_0a76df81   TERMINATED   False      False      False           False      False      True         True                 True        False                  2            3.98572   0.380419   0.815027   0.821984 │
│ bohb_train_8f1b537c   TERMINATED   True       True       True            True       True       True         True                 False       True                   1            5.76176   0.516147   0.710513   0.767796 │
│ bohb_train_76e15f01   TERMINATED   False      False      False           False      False      True         True                 False       True                   4            8.58068   0.414355   0.821067   0.822876 │
│ bohb_train_bcee6200   TERMINATED   True       True       False           True       True       False        True                 False       False                  1            5.47465   0.409435   0.82639    0.812011 │
│ bohb_train_0c5b5cb9   TERMINATED   False      False      False           False      True       False        True                 True        True                   4            8.54764   0.37526    0.799468   0.828759 │
│ bohb_train_220251bd   TERMINATED   False      False      False           False      True       False        True                 True        True                   4            8.28241   0.37309    0.790255   0.825635 │
│ bohb_train_243a252d   TERMINATED   False      False      False           False      True       False        True                 True        True                   2            5.4999    0.399693   0.79005    0.81143  │
│ bohb_train_c55cb8f2   TERMINATED   False      False      False           False      True       False        True                 True        True                   4            7.68639   0.372049   0.796909   0.827957 │
│ bohb_train_ee245d52   TERMINATED   False      False      False           False      True       False        True                 True        True                   4            7.62877   0.368154   0.813082   0.827741 │
│ bohb_train_278051ee   TERMINATED   True       True       False           True       True       False        True                 False       False                  4           20.4318    0.435176   0.851264   0.791572 │
│ bohb_train_3c304ac0   TERMINATED   False      False      False           False      True       False        True                 True        True                   1            2.23382   0.384291   0.792405   0.818547 │
│ bohb_train_94a85848   TERMINATED   True       True       False           False      False      False        False                False       True                   2            6.40185   0.377472   0.817074   0.822304 │
│ bohb_train_298c0908   TERMINATED   False      False      False           False      True       False        True                 True        True                   4           10.2194    0.373605   0.814618   0.823914 │
│ bohb_train_4e5e1a28   TERMINATED   False      False      False           False      True       False        True                 True        True                   1            2.20244   0.401591   0.778585   0.821189 │
│ bohb_train_5db6bdac   TERMINATED   True       False      True            False      True       True         False                True        False                  2            5.97153   0.662336   0.856075   0.753841 │
│ bohb_train_4439d003   TERMINATED   False      False      False           False      True       False        True                 True        True                   4            7.95203   0.372198   0.795168   0.826373 │
│ bohb_train_a4a106c1   TERMINATED   False      False      False           False      True       False        True                 True        True                   4            8.67012   0.370745   0.812673   0.829378 │
│ bohb_train_718e0305   TERMINATED   False      False      False           False      True       False        True                 True        True                   4            7.94716   0.368672   0.80694    0.827515 │
│ bohb_train_1e23f5c0   TERMINATED   False      False      False           False      True       False        True                 True        True                   4            7.85984   0.370749   0.807555   0.827186 │
│ bohb_train_0e5fe9b2   TERMINATED   False      True       True            True       True       False        True                 True        False                  4           18.6312    0.379792   0.832736   0.820287 │
│ bohb_train_28a4a3a5   TERMINATED   False      False      False           False      True       False        True                 True        True                   2            4.5196    0.375411   0.802334   0.825074 │
│ bohb_train_4f3a6d92   TERMINATED   False      False      False           False      True       False        True                 True        True                   1            2.18489   0.384291   0.792405   0.818547 │
│ bohb_train_0730ceb9   TERMINATED   False      False      False           False      True       False        True                 True        True                   4            9.89286   0.377097   0.803869   0.829161 │
│ bohb_train_5a48b47c   TERMINATED   False      False      True            False      False      False        False                False       False                  1            1.76667   0.38655    0.826287   0.817513 │
│ bohb_train_c8b75bec   TERMINATED   False      True       True            True       True       False        False                True        True                   4           19.3235    0.383589   0.815539   0.82408  │
│ bohb_train_c341131b   TERMINATED   True       True       False           False      True       False        False                True        True                   2            7.61025   0.389787   0.815846   0.820031 │
│ bohb_train_aeb3b6a4   TERMINATED   True       False      False           False      True       False        False                False       True                   4           11.134     0.369296   0.829256   0.823569 │
│ bohb_train_f5a80759   TERMINATED   False      False      False           False      True       False        True                 True        True                   4            8.43339   0.368881   0.804688   0.828673 │
│ bohb_train_711d28bb   TERMINATED   True       False      True            False      True       True         False                True        True                   4           12.6351    0.369873   0.802641   0.827474 │
│ bohb_train_fa73ce26   TERMINATED   False      False      False           False      True       False        True                 True        True                   4            7.42721   0.370707   0.806428   0.828205 │
│ bohb_train_b250deb9   TERMINATED   False      False      False           False      True       False        True                 True        True                   4           10.1674    0.371418   0.815846   0.826187 │
│ bohb_train_dbe7edc7   TERMINATED   False      False      False           False      True       False        True                 True        True                   1            2.09359   0.375958   0.810625   0.82085  │
│ bohb_train_228b79ee   TERMINATED   False      False      False           False      True       False        True                 True        True                   2            5.19921   0.379435   0.806428   0.825566 │
│ bohb_train_8a4e6245   TERMINATED   True       False      True            False      True       True         True                 False       True                   1            3.16029   0.416138   0.745214   0.79471  │
│ bohb_train_1633e02f   TERMINATED   True       False      False           False      True       False        True                 False       True                   2            6.83084   0.394584   0.781554   0.814493 │
│ bohb_train_c406ed60   TERMINATED   False      True       True            False      True       False        False                True        False                  4           13.1551    0.379021   0.833555   0.820678 │
│ bohb_train_f733260b   TERMINATED   False      False      False           False      True       False        True                 True        True                   4            7.99912   0.379035   0.816767   0.822689 │
│ bohb_train_5fe997e7   TERMINATED   False      False      True            True       True       False        True                 True        True                   4           12.5302    0.38019    0.818098   0.82327  │
│ bohb_train_c4f45dbb   TERMINATED   False      True       True            True       False      True         False                False       False                  4           12.8634    0.513777   0.82639    0.813477 │
│ bohb_train_995e0f4c   TERMINATED   False      False      False           False      True       False        True                 True        True                   4            9.21723   0.373908   0.807145   0.82677  │
│ bohb_train_24aa164a   TERMINATED   True       False      False           True       True       False        True                 False       False                  2            9.2522    0.450865   0.832531   0.810039 │
│ bohb_train_e9c99586   TERMINATED   True       True       False           True       True       False        False                True        True                   1            5.60005   0.3903     0.819838   0.817965 │
│ bohb_train_eed85b06   TERMINATED   True       True       True            True       False      False        False                False       True                   1            4.36483   0.506914   0.729655   0.770558 │
│ bohb_train_83c4967a   TERMINATED   False      False      False           False      True       False        True                 True        True                   4            8.70024   0.369055   0.797932   0.827897 │
│ bohb_train_c8d64676   TERMINATED   False      False      False           False      True       False        True                 True        True                   4            8.48143   0.373631   0.805098   0.829968 │
│ bohb_train_9f96ce15   TERMINATED   False      False      False           False      True       False        True                 True        True                   4            7.58202   0.37314    0.812775   0.827246 │
│ bohb_train_8c5bd56d   TERMINATED   True       False      True            True       True       False        True                 True        True                   2            9.21556   0.458946   0.762105   0.789103 │
│ bohb_train_eda64aa5   TERMINATED   False      False      False           False      True       False        True                 True        True                   4            8.67173   0.370737   0.80561    0.825321 │
│ bohb_train_1ad6d807   TERMINATED   False      False      False           False      True       False        True                 True        True                   4            8.69431   0.370128   0.810318   0.825925 │
│ bohb_train_238e2f8c   TERMINATED   False      False      False           False      True       False        True                 True        True                   4            7.66265   0.373121   0.810933   0.824423 │
│ bohb_train_18bf4e3d   TERMINATED   True       True       True            True       True       True         False                False       True                   1            5.39215   0.569256   0.614904   0.731628 │
│ bohb_train_74ec9868   TERMINATED   False      False      False           False      True       False        True                 True        True                   4            9.01919   0.394649   0.806019   0.824711 │
│ bohb_train_46f61418   TERMINATED   True       True       True            True       True       True         False                True        False                  1            6.05883   0.409205   0.800491   0.807153 │
│ bohb_train_a2cb9e1d   TERMINATED   False      True       True            True       True       True         False                True        True                   2            9.80167   0.432936   0.780735   0.821723 │
│ bohb_train_c7692496   TERMINATED   False      False      True            False      True       False        True                 True        True                   4            8.57144   0.370432   0.808476   0.826912 │
│ bohb_train_5c54b92b   TERMINATED   False      False      False           False      True       False        True                 True        True                   4            8.95481   0.374327   0.805098   0.826304 │
│ bohb_train_1341ed48   TERMINATED   False      False      False           False      True       True         True                 True        True                   2            4.64319   0.636704   0.688504   0.782498 │
│ bohb_train_6240b1cc   TERMINATED   True       False      False           True       False      True         False                True        False                  4           13.3032    0.386865   0.817279   0.817748 │
│ bohb_train_aac174c0   TERMINATED   False      True       False           True       False      True         True                 False       False                  4           15.0287    0.422829   0.752482   0.802272 │
│ bohb_train_8277874a   TERMINATED   False      False      False           False      True       False        True                 True        True                   4            7.78943   0.376282   0.811649   0.82636  │
│ bohb_train_53ac8c53   TERMINATED   False      False      False           False      True       False        True                 True        True                   1            2.13546   0.393618   0.795475   0.822178 │
│ bohb_train_16fa8e06   TERMINATED   False      True       False           False      False      False        True                 True        False                  1            3.47499   0.405391   0.780326   0.808848 │
│ bohb_train_9d7ee652   TERMINATED   False      False      False           False      True       False        True                 True        True                   4            8.95971   0.371716   0.80305    0.82745  │
│ bohb_train_87f9be15   TERMINATED   True       False      False           False      True       False        True                 True        True                   2            6.1184    0.378777   0.790255   0.824316 │
│ bohb_train_623aff5e   TERMINATED   False      False      False           False      True       False        True                 True        False                  4            8.83195   0.374312   0.83335    0.820837 │
│ bohb_train_e3f8b4ed   TERMINATED   False      False      False           False      True       False        True                 True        True                   4            8.44159   0.375398   0.81298    0.825329 │
│ bohb_train_bba7fbe7   TERMINATED   False      True       False           True       True       True         True                 False       True                   2            8.43299   0.466996   0.734671   0.794229 │
│ bohb_train_95d3a7c7   TERMINATED   False      False      False           False      True       False        True                 True        True                   4           10.5523    0.371737   0.803562   0.826761 │
│ bohb_train_c23bee91   TERMINATED   True       False      False           False      True       False        True                 True        True                   4           12.097     0.384516   0.79783    0.824605 │
│ bohb_train_e579e2cb   TERMINATED   False      True       True            False      False      True         True                 True        False                  4           10.0683    0.62049    0.838571   0.685465 │
│ bohb_train_185a39f8   TERMINATED   True       True       True            True       False      True         True                 False       True                   1            4.88308   0.527586   0.840311   0.722372 │
│ bohb_train_e09591e4   TERMINATED   False      False      False           False      True       False        False                True        True                   4            8.00627   0.368448   0.816358   0.82623  │
│ bohb_train_4f067f5b   TERMINATED   False      False      False           False      True       False        True                 True        True                   2            5.08843   0.372342   0.804586   0.824942 │
│ bohb_train_ea2260e5   TERMINATED   False      True       True            False      False      False        False                False       True                   1            2.3342    0.379816   0.814618   0.82025  │
│ bohb_train_577ac447   TERMINATED   False      False      False           False      True       False        True                 True        True                   4            8.85645   0.377721   0.800798   0.827142 │
│ bohb_train_2ef34497   TERMINATED   False      True       False           True       False      True         False                False       False                  4           13.3284    0.430859   0.750537   0.810228 │
│ bohb_train_df899d83   TERMINATED   False      False      False           True       True       False        True                 True        True                   2            7.44875   0.399801   0.80305    0.811474 │
│ bohb_train_1a33628c   TERMINATED   False      False      False           False      True       False        True                 True        True                   4            9.39757   0.388182   0.794145   0.814707 │
│ bohb_train_01f69d06   TERMINATED   False      False      False           False      True       False        True                 True        True                   4           10.3987    0.371737   0.803562   0.826761 │
│ bohb_train_7c2580b7   TERMINATED   False      False      False           False      True       False        True                 True        True                   4            7.50553   0.371456   0.807759   0.82864  │
│ bohb_train_d0e504fa   TERMINATED   False      False      False           False      True       False        True                 True        True                   2            5.75017   0.387047   0.789334   0.817261 │
│ bohb_train_67e03733   TERMINATED   True       False      False           False      True       False        True                 True        True                   4           13.3986    0.378665   0.803255   0.826852 │
│ bohb_train_51f30462   TERMINATED   True       False      True            True       True       True         False                True        False                  1            4.13806   0.427629   0.732214   0.800382 │
│ bohb_train_84c7b00a   TERMINATED   True       False      False           False      True       True         True                 True        True                   1            3.76435   0.607754   0.855768   0.770055 │
│ bohb_train_c261a54a   TERMINATED   True       True       True            False      False      False        True                 True        True                   2            6.48813   0.693094   0.760672   0.5      │
│ bohb_train_0e9c448a   TERMINATED   False      True       False           True       True       True         False                False       True                   4           16.2966    0.426545   0.776538   0.817645 │
│ bohb_train_98e93120   TERMINATED   False      False      False           False      True       False        True                 True        True                   4            8.04383   0.37074    0.823728   0.826238 │
│ bohb_train_d11c7830   TERMINATED   False      False      False           False      True       False        True                 True        True                   4            9.71136   0.394388   0.793531   0.810932 │
│ bohb_train_04b19193   TERMINATED   False      False      False           False      True       False        True                 True        True                   4            8.8046    0.377896   0.806838   0.827448 │
│ bohb_train_d8bd058e   TERMINATED   True       False      True            True       True       True         True                 True        False                  4           19.7404    0.651453   0.778995   0.538867 │
│ bohb_train_1634036b   TERMINATED   False      True       True            False      True       True         True                 True        False                  1            4.47576   0.374316   0.812161   0.821713 │
│ bohb_train_acf5cb1e   TERMINATED   False      False      False           False      True       False        True                 True        True                   2            5.77772   0.380748   0.794759   0.825811 │
│ bohb_train_954351ab   TERMINATED   False      False      False           False      True       False        True                 True        True                   4            8.96543   0.371035   0.811137   0.828075 │
│ bohb_train_509e2997   TERMINATED   False      False      False           False      True       False        True                 True        True                   1            1.99731   0.381108   0.789231   0.822617 │
│ bohb_train_4dd07770   TERMINATED   False      False      False           False      True       False        True                 True        True                   4            7.87604   0.371317   0.803153   0.826345 │
│ bohb_train_53e71f2c   TERMINATED   False      False      False           False      True       False        True                 True        True                   4            8.32771   0.384829   0.80346    0.82728  │
│ bohb_train_5a1e14d2   TERMINATED   False      True       True            True       True       False        True                 True        False                  2            9.05679   0.391063   0.825366   0.819839 │
│ bohb_train_6d20c245   TERMINATED   False      False      False           False      True       False        True                 True        True                   4            6.76412   0.367472   0.808066   0.828255 │
│ bohb_train_89026d08   TERMINATED   False      False      False           False      True       False        True                 True        True                   4            7.34306   0.376282   0.811649   0.82636  │
│ bohb_train_7b1ccf04   TERMINATED   False      False      False           True       True       False        True                 True        True                   4           11.1296    0.382021   0.829461   0.823557 │
│ bohb_train_cf3bbda9   TERMINATED   False      False      False           False      True       False        True                 True        True                   1            2.9245    0.396653   0.776436   0.811861 │
│ bohb_train_068e11b8   TERMINATED   False      False      False           False      True       False        True                 True        True                   1            2.06048   0.378501   0.811137   0.823532 │
│ bohb_train_0b4ef83c   TERMINATED   True       False      False           True       False      False        False                False       True                   4           11.1575    0.39241    0.800696   0.81916  │
│ bohb_train_25e16ef7   TERMINATED   False      False      False           False      True       False        True                 True        True                   2            3.87638   0.379048   0.797318   0.824561 │
│ bohb_train_1fb6d81d   TERMINATED   False      False      False           False      True       False        True                 True        True                   4            8.12651   0.372755   0.800389   0.827753 │
│ bohb_train_6e5e8807   TERMINATED   False      True       False           True       True       True         False                False       True                   2            7.03293   0.460862   0.715119   0.788706 │
│ bohb_train_1813b8b6   TERMINATED   False      False      False           False      True       False        True                 True        True                   4            9.39656   0.394388   0.793531   0.810932 │
│ bohb_train_152e0eff   TERMINATED   True       False      True            False      False      False        False                True        True                   4            8.4329    0.693094   0.760672   0.5      │
│ bohb_train_fbffacc8   TERMINATED   False      True       True            False      False      True         True                 False       False                  4           10.8991    0.391716   0.80909    0.817056 │
│ bohb_train_2bddd1b3   TERMINATED   False      False      False           False      True       False        True                 True        True                   4            7.56569   0.381197   0.791995   0.827219 │
│ bohb_train_f0a943bf   TERMINATED   True       True       False           False      False      False        False                False       False                  1            3.03175   0.693097   0.760672   0.5      │
│ bohb_train_7fb037ef   TERMINATED   False      False      False           False      True       False        True                 True        True                   4            9.16045   0.370934   0.805917   0.828308 │
│ bohb_train_0b91cdde   TERMINATED   False      False      False           False      True       False        True                 True        True                   2            5.5583    0.408643   0.802436   0.825581 │
│ bohb_train_53106762   TERMINATED   False      True       False           False      True       True         False                True        True                   1            3.71441   0.610427   0.593612   0.729065 │
│ bohb_train_3bf6bcf0   TERMINATED   False      False      False           False      True       False        True                 True        True                   4            8.37671   0.375128   0.807452   0.826386 │
│ bohb_train_4f518fb0   TERMINATED   True       True       True            False      True       True         False                True        True                   4           17.5297    0.458623   0.750947   0.815481 │
│ bohb_train_9bef3389   TERMINATED   True       False      False           True       True       False        False                True        True                   2            8.99385   0.481994   0.780735   0.757817 │
│ bohb_train_d3ed0142   TERMINATED   True       False      False           False      False      False        True                 False       True                   4            8.1952    0.693113   0.760672   0.5      │
│ bohb_trai