Trial status: 400 TERMINATED
Current time: 2025-11-18 14:05:24. Total running time: 18min 43s
Logical resource usage: 2.0/10 CPUs, 1.0/4 GPUs (0.0/1.0 accelerator_type:G)
╭─────────────────────────────────────────────────────────────────────────────────────────────────────────────────────────────────╮
│ Trial name                       status       config                   iter     total time (s)       loss        acc       bacc │
├─────────────────────────────────────────────────────────────────────────────────────────────────────────────────────────────────┤
│ exploitation_train_f49b7_00000   TERMINATED   ...lookahead': True}        2            7.27065   0.60713    0.783674   0.7313   │
│ exploitation_train_f49b7_00001   TERMINATED   ...lookahead': True}        2            7.40744   0.60713    0.783674   0.7313   │
│ exploitation_train_f49b7_00002   TERMINATED   ...lookahead': True}        4           13.6543    0.637818   0.799586   0.738498 │
│ exploitation_train_f49b7_00003   TERMINATED   ...lookahead': True}        1            4.43181   0.709167   0.805802   0.678317 │
│ exploitation_train_f49b7_00004   TERMINATED   ...lookahead': True}        1            3.99904   0.647261   0.757623   0.708354 │
│ exploitation_train_f49b7_00005   TERMINATED   ...lookahead': True}        1            4.54131   0.66897    0.800696   0.694464 │
│ exploitation_train_f49b7_00006   TERMINATED   ...lookahead': True}        1            5.50228   0.688419   0.804766   0.68661  │
│ exploitation_train_f49b7_00007   TERMINATED   ...lookahead': True}        1            5.51352   0.685975   0.80743    0.689143 │
│ exploitation_train_f49b7_00008   TERMINATED   ...lookahead': True}        1            5.64822   0.683905   0.774719   0.689264 │
│ exploitation_train_f49b7_00009   TERMINATED   ...lookahead': True}        1            5.39422   0.68624    0.806838   0.691565 │
│ exploitation_train_f49b7_00010   TERMINATED   ...lookahead': True}        2            9.3167    0.608342   0.772647   0.728803 │
│ exploitation_train_f49b7_00011   TERMINATED   ...lookahead': True}        1            4.16837   0.69901    0.800844   0.681296 │
│ exploitation_train_f49b7_00012   TERMINATED   ...lookahead': True}        1            5.5724    0.679544   0.803434   0.690654 │
│ exploitation_train_f49b7_00013   TERMINATED   ...lookahead': True}        4           14.1845    0.650379   0.807134   0.736893 │
│ exploitation_train_f49b7_00014   TERMINATED   ...lookahead': True}        2            8.26013   0.632212   0.808763   0.715564 │
│ exploitation_train_f49b7_00015   TERMINATED   ...lookahead': True}        2            8.26029   0.632212   0.808763   0.715564 │
│ exploitation_train_f49b7_00016   TERMINATED   ...lookahead': True}        4           13.9779    0.650379   0.807134   0.736893 │
│ exploitation_train_f49b7_00017   TERMINATED   ...lookahead': True}        2            6.89345   0.637668   0.762655   0.714046 │
│ exploitation_train_f49b7_00018   TERMINATED   ...lookahead': True}        1            4.18164   0.727242   0.796477   0.6626   │
│ exploitation_train_f49b7_00019   TERMINATED   ...lookahead': True}        1            5.3203    0.690572   0.799808   0.684031 │
│ exploitation_train_f49b7_00020   TERMINATED   ...ookahead': False}        2            7.23271   0.645366   0.740157   0.72224  │
│ exploitation_train_f49b7_00021   TERMINATED   ...lookahead': True}        1            5.2249    0.670248   0.804544   0.693355 │
│ exploitation_train_f49b7_00022   TERMINATED   ...lookahead': True}        1            5.54122   0.713384   0.793665   0.673535 │
│ exploitation_train_f49b7_00023   TERMINATED   ...lookahead': True}        2            9.18058   0.631502   0.732608   0.716334 │
│ exploitation_train_f49b7_00024   TERMINATED   ...lookahead': True}        4           17.8912    0.587092   0.776569   0.741762 │
│ exploitation_train_f49b7_00025   TERMINATED   ...lookahead': True}        1            4.22007   0.671727   0.8004     0.693395 │
│ exploitation_train_f49b7_00026   TERMINATED   ...lookahead': True}        4           13.4136    0.625396   0.794331   0.745146 │
│ exploitation_train_f49b7_00027   TERMINATED   ...lookahead': True}        1            4.63645   0.696322   0.790705   0.68639  │
│ exploitation_train_f49b7_00028   TERMINATED   ...lookahead': True}        1            5.46782   0.683229   0.799734   0.689001 │
│ exploitation_train_f49b7_00029   TERMINATED   ...lookahead': True}        1            5.54344   0.721089   0.790557   0.667943 │
│ exploitation_train_f49b7_00030   TERMINATED   ...lookahead': True}        4           17.8581    0.599996   0.794627   0.742687 │
│ exploitation_train_f49b7_00031   TERMINATED   ...lookahead': True}        2            9.23429   0.641325   0.770722   0.71495  │
│ exploitation_train_f49b7_00032   TERMINATED   ...lookahead': True}        2            4.88346   0.606966   0.787522   0.72657  │
│ exploitation_train_f49b7_00033   TERMINATED   ...lookahead': True}        1            4.44065   0.678698   0.804322   0.691925 │
│ exploitation_train_f49b7_00034   TERMINATED   ...lookahead': True}        4           14.0817    0.636816   0.807726   0.745049 │
│ exploitation_train_f49b7_00035   TERMINATED   ...lookahead': True}        1            4.43534   0.678698   0.804322   0.691925 │
│ exploitation_train_f49b7_00036   TERMINATED   ...lookahead': True}        1            4.43283   0.678698   0.804322   0.691925 │
│ exploitation_train_f49b7_00037   TERMINATED   ...lookahead': True}        1            4.4427    0.678698   0.804322   0.691925 │
│ exploitation_train_f49b7_00038   TERMINATED   ...lookahead': True}        1            3.74169   0.67699    0.795367   0.69108  │
│ exploitation_train_f49b7_00039   TERMINATED   ...lookahead': True}        1            5.49596   0.703129   0.80151    0.679212 │
│ exploitation_train_f49b7_00040   TERMINATED   ...lookahead': True}        2            7.19312   0.617347   0.780343   0.724779 │
│ exploitation_train_f49b7_00041   TERMINATED   ...lookahead': True}        2            7.38983   0.617347   0.780343   0.724779 │
│ exploitation_train_f49b7_00042   TERMINATED   ...ookahead': False}        1            3.81574   0.696729   0.721581   0.691313 │
│ exploitation_train_f49b7_00043   TERMINATED   ...lookahead': True}        1            5.43425   0.713226   0.797069   0.670903 │
│ exploitation_train_f49b7_00044   TERMINATED   ...lookahead': True}        1            5.38818   0.738579   0.80003    0.656992 │
│ exploitation_train_f49b7_00045   TERMINATED   ...lookahead': True}        2            9.29689   0.636938   0.719287   0.714724 │
│ exploitation_train_f49b7_00046   TERMINATED   ...lookahead': True}        4           13.487     0.644432   0.808985   0.742639 │
│ exploitation_train_f49b7_00047   TERMINATED   ...lookahead': True}        1            4.33952   0.70092    0.801732   0.680104 │
│ exploitation_train_f49b7_00048   TERMINATED   ...lookahead': True}        4           13.842     0.619515   0.813129   0.743991 │
│ exploitation_train_f49b7_00049   TERMINATED   ...lookahead': True}        1            4.98994   0.681996   0.78952    0.684465 │
│ exploitation_train_f49b7_00050   TERMINATED   ...lookahead': True}        1            4.55653   0.685573   0.7873     0.682276 │
│ exploitation_train_f49b7_00051   TERMINATED   ...lookahead': True}        2            8.15442   0.635069   0.808837   0.714342 │
│ exploitation_train_f49b7_00052   TERMINATED   ...lookahead': True}        2            8.50625   0.635069   0.808837   0.714342 │
│ exploitation_train_f49b7_00053   TERMINATED   ...lookahead': True}        4           14.0817    0.638941   0.80669    0.745988 │
│ exploitation_train_f49b7_00054   TERMINATED   ...lookahead': True}        1            5.48456   0.695872   0.802842   0.689248 │
│ exploitation_train_f49b7_00055   TERMINATED   ...lookahead': True}        2            9.121     0.657904   0.814165   0.708219 │
│ exploitation_train_f49b7_00056   TERMINATED   ...lookahead': True}        2           10.0464    0.648284   0.809281   0.709098 │
│ exploitation_train_f49b7_00057   TERMINATED   ...lookahead': True}        2           10.2076    0.648284   0.809281   0.709098 │
│ exploitation_train_f49b7_00058   TERMINATED   ...lookahead': True}        1            6.9392    0.679317   0.78471    0.688475 │
│ exploitation_train_f49b7_00059   TERMINATED   ...lookahead': True}        1            6.45745   0.67996    0.780269   0.687884 │
│ exploitation_train_f49b7_00060   TERMINATED   ...lookahead': True}        1            3.35653   0.688402   0.785302   0.683571 │
│ exploitation_train_f49b7_00061   TERMINATED   ...lookahead': True}        4            9.20286   0.613644   0.799216   0.742589 │
│ exploitation_train_f49b7_00062   TERMINATED   ...lookahead': True}        1            5.71245   0.677499   0.775015   0.689398 │
│ exploitation_train_f49b7_00063   TERMINATED   ...lookahead': True}        1            5.54814   0.719001   0.798845   0.669536 │
│ exploitation_train_f49b7_00064   TERMINATED   ...lookahead': True}        2            9.10215   0.641994   0.731572   0.715605 │
│ exploitation_train_f49b7_00065   TERMINATED   ...lookahead': True}        2           12.9978    0.653674   0.812093   0.707936 │
│ exploitation_train_f49b7_00066   TERMINATED   ...ookahead': False}        1            5.76078   0.694013   0.743709   0.689854 │
│ exploitation_train_f49b7_00067   TERMINATED   ...lookahead': True}        1            5.54884   0.678301   0.798845   0.687445 │
│ exploitation_train_f49b7_00068   TERMINATED   ...lookahead': True}        1            4.59038   0.694158   0.804766   0.687578 │
│ exploitation_train_f49b7_00069   TERMINATED   ...ookahead': False}        4           12.8609    0.58219    0.786042   0.747833 │
│ exploitation_train_f49b7_00070   TERMINATED   ...lookahead': True}        2           10.2977    0.623409   0.77161    0.719518 │
│ exploitation_train_f49b7_00071   TERMINATED   ...lookahead': True}        2            8.94868   0.636043   0.713662   0.714818 │
│ exploitation_train_f49b7_00072   TERMINATED   ...lookahead': True}        2            6.50921   0.651844   0.808615   0.706584 │
│ exploitation_train_f49b7_00073   TERMINATED   ...lookahead': True}        2            6.83989   0.651844   0.808615   0.706584 │
│ exploitation_train_f49b7_00074   TERMINATED   ...lookahead': True}        2            6.7237    0.651844   0.808615   0.706584 │
│ exploitation_train_f49b7_00075   TERMINATED   ...lookahead': True}        2            7.17377   0.651844   0.808615   0.706584 │
│ exploitation_train_f49b7_00076   TERMINATED   ...lookahead': True}        1            3.17372   0.669693   0.789964   0.692375 │
│ exploitation_train_f49b7_00077   TERMINATED   ...lookahead': True}        2            6.77357   0.651844   0.808615   0.706584 │
│ exploitation_train_f49b7_00078   TERMINATED   ...lookahead': True}        1            3.12562   0.669693   0.789964   0.692375 │
│ exploitation_train_f49b7_00079   TERMINATED   ...lookahead': True}        2            6.77929   0.651844   0.808615   0.706584 │
│ exploitation_train_f49b7_00080   TERMINATED   ...lookahead': True}        2            6.87366   0.651844   0.808615   0.706584 │
│ exploitation_train_f49b7_00081   TERMINATED   ...lookahead': True}        1            3.07959   0.669693   0.789964   0.692375 │
│ exploitation_train_f49b7_00082   TERMINATED   ...lookahead': True}        2            6.83293   0.651844   0.808615   0.706584 │
│ exploitation_train_f49b7_00083   TERMINATED   ...lookahead': True}        4            9.13647   0.643625   0.811353   0.745818 │
│ exploitation_train_f49b7_00084   TERMINATED   ...lookahead': True}        4           11.2317    0.611515   0.8172     0.739597 │
│ exploitation_train_f49b7_00085   TERMINATED   ...lookahead': True}        4           11.2895    0.611515   0.8172     0.739597 │
│ exploitation_train_f49b7_00086   TERMINATED   ...lookahead': True}        4            9.18482   0.643625   0.811353   0.745818 │
│ exploitation_train_f49b7_00087   TERMINATED   ...lookahead': True}        4           11.1486    0.611515   0.8172     0.739597 │
│ exploitation_train_f49b7_00088   TERMINATED   ...lookahead': True}        4           11.2533    0.611515   0.8172     0.739597 │
│ exploitation_train_f49b7_00089   TERMINATED   ...lookahead': True}        4           11.1923    0.611515   0.8172     0.739597 │
│ exploitation_train_f49b7_00090   TERMINATED   ...lookahead': True}        4            9.30933   0.643625   0.811353   0.745818 │
│ exploitation_train_f49b7_00091   TERMINATED   ...lookahead': True}        4           11.468     0.611515   0.8172     0.739597 │
│ exploitation_train_f49b7_00092   TERMINATED   ...lookahead': True}        4            9.37172   0.643625   0.811353   0.745818 │
│ exploitation_train_f49b7_00093   TERMINATED   ...lookahead': True}        4           11.3355    0.611515   0.8172     0.739597 │
│ exploitation_train_f49b7_00094   TERMINATED   ...ookahead': False}        4            9.28605   0.597466   0.755403   0.742002 │
│ exploitation_train_f49b7_00095   TERMINATED   ...lookahead': True}        4           14.7719    0.582258   0.809059   0.746126 │
│ exploitation_train_f49b7_00096   TERMINATED   ...lookahead': True}        1            3.36012   0.704452   0.751332   0.66705  │
│ exploitation_train_f49b7_00097   TERMINATED   ...lookahead': True}        1            4.96145   0.683702   0.790483   0.685019 │
│ exploitation_train_f49b7_00098   TERMINATED   ...lookahead': True}        4           14.7225    0.583268   0.770722   0.741932 │
│ exploitation_train_f49b7_00099   TERMINATED   ...lookahead': True}        4           14.7158    0.584067   0.793961   0.744539 │
│ exploitation_train_f49b7_00100   TERMINATED   ...lookahead': True}        1            2.94979   0.71473    0.76347    0.66708  │
│ exploitation_train_f49b7_00101   TERMINATED   ...lookahead': True}        1            3.34573   0.679055   0.797439   0.691672 │
│ exploitation_train_f49b7_00102   TERMINATED   ...lookahead': True}        4            9.72082   0.58901    0.795071   0.74704  │
│ exploitation_train_f49b7_00103   TERMINATED   ...lookahead': True}        1            3.20694   0.685437   0.794923   0.690956 │
│ exploitation_train_f49b7_00104   TERMINATED   ...lookahead': True}        1            3.80986   0.680329   0.788928   0.69065  │
│ exploitation_train_f49b7_00105   TERMINATED   ...lookahead': True}        1            4.59595   0.683208   0.777309   0.687712 │
│ exploitation_train_f49b7_00106   TERMINATED   ...lookahead': True}        1            4.38711   0.676655   0.782268   0.686039 │
│ exploitation_train_f49b7_00107   TERMINATED   ...lookahead': True}        4           13.6275    0.591017   0.795811   0.740893 │
│ exploitation_train_f49b7_00108   TERMINATED   ...lookahead': True}        2            5.63591   0.657228   0.819272   0.709296 │
│ exploitation_train_f49b7_00109   TERMINATED   ...lookahead': True}        2            6.80241   0.647874   0.811057   0.710137 │
│ exploitation_train_f49b7_00110   TERMINATED   ...lookahead': True}        1            4.81638   0.675673   0.796699   0.689096 │
│ exploitation_train_f49b7_00111   TERMINATED   ...lookahead': True}        4           14.8318    0.578114   0.812685   0.750851 │
│ exploitation_train_f49b7_00112   TERMINATED   ...lookahead': True}        4           14.9172    0.578114   0.812685   0.750851 │
│ exploitation_train_f49b7_00113   TERMINATED   ...lookahead': True}        1            3.05761   0.704477   0.788336   0.676131 │
│ exploitation_train_f49b7_00114   TERMINATED   ...lookahead': True}        1            5.97587   0.687218   0.790187   0.684428 │
│ exploitation_train_f49b7_00115   TERMINATED   ...lookahead': True}        4            9.83643   0.583028   0.778789   0.749309 │
│ exploitation_train_f49b7_00116   TERMINATED   ...lookahead': True}        1            3.49232   0.711092   0.736012   0.667357 │
│ exploitation_train_f49b7_00117   TERMINATED   ...lookahead': True}        4           18.4567    0.583572   0.780713   0.74774  │
│ exploitation_train_f49b7_00118   TERMINATED   ...lookahead': True}        1            5.66842   0.666974   0.790631   0.692266 │
│ exploitation_train_f49b7_00119   TERMINATED   ...lookahead': True}        1            5.33708   0.790794   0.751628   0.612272 │
│ exploitation_train_f49b7_00120   TERMINATED   ...lookahead': True}        1            4.77632   0.733811   0.699304   0.658655 │
│ exploitation_train_f49b7_00121   TERMINATED   ...lookahead': True}        4           14.7607    0.575296   0.802102   0.75214  │
│ exploitation_train_f49b7_00122   TERMINATED   ...lookahead': True}        1            2.8898    0.709637   0.737937   0.661992 │
│ exploitation_train_f49b7_00123   TERMINATED   ...lookahead': True}        1            3.44106   0.719031   0.751184   0.665042 │
│ exploitation_train_f49b7_00124   TERMINATED   ...lookahead': True}        1            3.3485    0.719031   0.751184   0.665042 │
│ exploitation_train_f49b7_00125   TERMINATED   ...lookahead': True}        4           15.0219    0.603849   0.808541   0.733932 │
│ exploitation_train_f49b7_00126   TERMINATED   ...lookahead': True}        1            3.31355   0.695141   0.797883   0.686925 │
│ exploitation_train_f49b7_00127   TERMINATED   ...ookahead': False}        1            4.38525   0.71786    0.71381    0.681598 │
│ exploitation_train_f49b7_00128   TERMINATED   ...lookahead': True}        2            7.29348   0.649733   0.736753   0.713896 │
│ exploitation_train_f49b7_00129   TERMINATED   ...lookahead': True}        1            6.13234   0.706968   0.784488   0.682262 │
│ exploitation_train_f49b7_00130   TERMINATED   ...lookahead': True}        1            6.69748   0.715399   0.787152   0.677168 │
│ exploitation_train_f49b7_00131   TERMINATED   ...lookahead': True}        1            5.01916   0.680864   0.797957   0.691192 │
│ exploitation_train_f49b7_00132   TERMINATED   ...lookahead': True}        4            8.77507   0.599185   0.783378   0.744311 │
│ exploitation_train_f49b7_00133   TERMINATED   ...lookahead': True}        4           11.0681    0.580019   0.775533   0.74724  │
│ exploitation_train_f49b7_00134   TERMINATED   ...lookahead': True}        4           10.6763    0.580019   0.775533   0.74724  │
│ exploitation_train_f49b7_00135   TERMINATED   ...lookahead': True}        4            8.76029   0.599185   0.783378   0.744311 │
│ exploitation_train_f49b7_00136   TERMINATED   ...lookahead': True}        4           10.8852    0.580019   0.775533   0.74724  │
│ exploitation_train_f49b7_00137   TERMINATED   ...lookahead': True}        4           10.9439    0.580019   0.775533   0.74724  │
│ exploitation_train_f49b7_00138   TERMINATED   ...lookahead': True}        1            3.60389   0.675025   0.791297   0.692088 │
│ exploitation_train_f49b7_00139   TERMINATED   ...lookahead': True}        2            5.81788   0.661334   0.823638   0.707028 │
│ exploitation_train_f49b7_00140   TERMINATED   ...ookahead': False}        1            3.36219   0.853501   0.778641   0.621762 │
│ exploitation_train_f49b7_00141   TERMINATED   ...lookahead': True}        1            2.93785   0.728088   0.743561   0.655427 │
│ exploitation_train_f49b7_00142   TERMINATED   ...lookahead': True}        1            2.99663   0.728088   0.743561   0.655427 │
│ exploitation_train_f49b7_00143   TERMINATED   ...lookahead': True}        1            3.18723   0.728088   0.743561   0.655427 │
│ exploitation_train_f49b7_00144   TERMINATED   ...lookahead': True}        1            4.89058   0.68463    0.797217   0.685988 │
│ exploitation_train_f49b7_00145   TERMINATED   ...lookahead': True}        2            5.79457   0.635557   0.755255   0.724222 │
│ exploitation_train_f49b7_00146   TERMINATED   ...lookahead': True}        1            3.80432   0.685134   0.791593   0.691508 │
│ exploitation_train_f49b7_00147   TERMINATED   ...lookahead': True}        1            4.74647   0.705943   0.771092   0.670831 │
│ exploitation_train_f49b7_00148   TERMINATED   ...lookahead': True}        1            4.36716   0.699058   0.80114    0.679205 │
│ exploitation_train_f49b7_00149   TERMINATED   ...lookahead': True}        1            4.73725   0.702925   0.741119   0.681991 │
│ exploitation_train_f49b7_00150   TERMINATED   ...lookahead': True}        1            6.72599   0.678989   0.791223   0.690406 │
│ exploitation_train_f49b7_00151   TERMINATED   ...lookahead': True}        1            6.04754   0.68063    0.785968   0.687788 │
│ exploitation_train_f49b7_00152   TERMINATED   ...lookahead': True}        1            6.97256   0.704683   0.786708   0.681874 │
│ exploitation_train_f49b7_00153   TERMINATED   ...ookahead': False}        1            2.95261   0.724716   0.727946   0.679848 │
│ exploitation_train_f49b7_00154   TERMINATED   ...lookahead': True}        1            5.35577   0.701594   0.776125   0.680004 │
│ exploitation_train_f49b7_00155   TERMINATED   ...lookahead': True}        1            2.78013   0.703346   0.747706   0.667041 │
│ exploitation_train_f49b7_00156   TERMINATED   ...lookahead': True}        1            2.95737   0.703346   0.747706   0.667041 │
│ exploitation_train_f49b7_00157   TERMINATED   ...lookahead': True}        1            2.82553   0.703346   0.747706   0.667041 │
│ exploitation_train_f49b7_00158   TERMINATED   ...lookahead': True}        1            2.91738   0.704717   0.74556    0.665199 │
│ exploitation_train_f49b7_00159   TERMINATED   ...lookahead': True}        1            3.04396   0.704717   0.74556    0.665199 │
│ exploitation_train_f49b7_00160   TERMINATED   ...lookahead': True}        1            2.99306   0.704717   0.74556    0.665199 │
│ exploitation_train_f49b7_00161   TERMINATED   ...lookahead': True}        4            9.52506   0.605131   0.795589   0.739936 │
│ exploitation_train_f49b7_00162   TERMINATED   ...lookahead': True}        1            3.32235   0.704237   0.804544   0.678724 │
│ exploitation_train_f49b7_00163   TERMINATED   ...lookahead': True}        1            3.00367   0.814124   0.764506   0.651919 │
│ exploitation_train_f49b7_00164   TERMINATED   ...lookahead': True}        1            3.32709   0.674031   0.78767    0.689328 │
│ exploitation_train_f49b7_00165   TERMINATED   ...lookahead': True}        1            5.85415   0.679743   0.776643   0.69168  │
│ exploitation_train_f49b7_00166   TERMINATED   ...lookahead': True}        1            4.71112   0.670541   0.777975   0.690422 │
│ exploitation_train_f49b7_00167   TERMINATED   ...lookahead': True}        1            4.934     0.692178   0.792185   0.684145 │
│ exploitation_train_f49b7_00168   TERMINATED   ...lookahead': True}        1            5.44063   0.690703   0.791593   0.689655 │
│ exploitation_train_f49b7_00169   TERMINATED   ...lookahead': True}        2           10.2976    0.639021   0.754737   0.720143 │
│ exploitation_train_f49b7_00170   TERMINATED   ...lookahead': True}        1            7.02256   0.688225   0.8004     0.690377 │
│ exploitation_train_f49b7_00171   TERMINATED   ...lookahead': True}        1            6.73179   0.713038   0.7873     0.677278 │
│ exploitation_train_f49b7_00172   TERMINATED   ...lookahead': True}        1            6.2987    0.708546   0.786412   0.678536 │
│ exploitation_train_f49b7_00173   TERMINATED   ...lookahead': True}        1            6.67074   0.713038   0.7873     0.677278 │
│ exploitation_train_f49b7_00174   TERMINATED   ...lookahead': True}        2           10.0295    0.652815   0.810687   0.710374 │
│ exploitation_train_f49b7_00175   TERMINATED   ...lookahead': True}        2            9.8561    0.652815   0.810687   0.710374 │
│ exploitation_train_f49b7_00176   TERMINATED   ...lookahead': True}        2           10.0527    0.652815   0.810687   0.710374 │
│ exploitation_train_f49b7_00177   TERMINATED   ...lookahead': True}        2            9.18744   0.662316   0.812907   0.70745  │
│ exploitation_train_f49b7_00178   TERMINATED   ...lookahead': True}        1            3.08717   0.742283   0.773683   0.654249 │
│ exploitation_train_f49b7_00179   TERMINATED   ...lookahead': True}        1            3.22011   0.742283   0.773683   0.654249 │
│ exploitation_train_f49b7_00180   TERMINATED   ...lookahead': True}        1            5.5092    0.681888   0.797587   0.691411 │
│ exploitation_train_f49b7_00181   TERMINATED   ...lookahead': True}        1            5.45198   0.681888   0.797587   0.691411 │
│ exploitation_train_f49b7_00182   TERMINATED   ...lookahead': True}        1            5.26951   0.681888   0.797587   0.691411 │
│ exploitation_train_f49b7_00183   TERMINATED   ...lookahead': True}        1            3.32005   0.708204   0.799734   0.677268 │
│ exploitation_train_f49b7_00184   TERMINATED   ...lookahead': True}        4            9.84125   0.609512   0.806468   0.743873 │
│ exploitation_train_f49b7_00185   TERMINATED   ...lookahead': True}        1            2.93106   0.69336    0.7836     0.679235 │
│ exploitation_train_f49b7_00186   TERMINATED   ...lookahead': True}        1            3.71451   0.69162    0.785376   0.680152 │
│ exploitation_train_f49b7_00187   TERMINATED   ...lookahead': True}        1            6.70572   0.678666   0.793591   0.690734 │
│ exploitation_train_f49b7_00188   TERMINATED   ...lookahead': True}        1            4.87272   0.716507   0.729278   0.682205 │
│ exploitation_train_f49b7_00189   TERMINATED   ...lookahead': True}        1            5.4692    0.708435   0.734902   0.687133 │
│ exploitation_train_f49b7_00190   TERMINATED   ...lookahead': True}        1            3.44138   0.708217   0.754589   0.660284 │
│ exploitation_train_f49b7_00191   TERMINATED   ...lookahead': True}        1            5.21191   0.677996   0.792703   0.689054 │
│ exploitation_train_f49b7_00192   TERMINATED   ...lookahead': True}        1            5.16554   0.677996   0.792703   0.689054 │
│ exploitation_train_f49b7_00193   TERMINATED   ...lookahead': True}        4            9.61703   0.573726   0.780639   0.751094 │
│ exploitation_train_f49b7_00194   TERMINATED   ...lookahead': True}        4           12.1451    0.575325   0.771906   0.748576 │
│ exploitation_train_f49b7_00195   TERMINATED   ...lookahead': True}        4           11.9047    0.575325   0.771906   0.748576 │
│ exploitation_train_f49b7_00196   TERMINATED   ...lookahead': True}        4           11.9969    0.575325   0.771906   0.748576 │
│ exploitation_train_f49b7_00197   TERMINATED   ...lookahead': True}        4            9.6587    0.573726   0.780639   0.751094 │
│ exploitation_train_f49b7_00198   TERMINATED   ...lookahead': True}        4           11.7078    0.575325   0.771906   0.748576 │
│ exploitation_train_f49b7_00199   TERMINATED   ...lookahead': True}        1            2.30868   0.744718   0.759621   0.645444 │
│ exploitation_train_f49b7_00200   TERMINATED   ...lookahead': True}        2            9.62124   0.640552   0.7668     0.717599 │
│ exploitation_train_f49b7_00201   TERMINATED   ...lookahead': True}        1            5.4014    0.716918   0.77087    0.665067 │
│ exploitation_train_f49b7_00202   TERMINATED   ...lookahead': True}        1            2.981     0.706444   0.747558   0.662435 │
│ exploitation_train_f49b7_00203   TERMINATED   ...lookahead': True}        1            2.90271   0.706444   0.747558   0.662435 │
│ exploitation_train_f49b7_00204   TERMINATED   ...lookahead': True}        1            3.01503   0.706444   0.747558   0.662435 │
│ exploitation_train_f49b7_00205   TERMINATED   ...lookahead': True}        1            3.65774   0.682595   0.757327   0.690467 │
│ exploitation_train_f49b7_00206   TERMINATED   ...lookahead': True}        1            3.0636    0.68707    0.756957   0.686641 │
│ exploitation_train_f49b7_00207   TERMINATED   ...lookahead': True}        1            2.83262   0.71758    0.734606   0.652979 │
│ exploitation_train_f49b7_00208   TERMINATED   ...lookahead': True}        1            6.83611   0.701965   0.734458   0.688845 │
│ exploitation_train_f49b7_00209   TERMINATED   ...lookahead': True}        2           12.5926    0.650644   0.810243   0.708131 │
│ exploitation_train_f49b7_00210   TERMINATED   ...lookahead': True}        2           11.4137    0.659643   0.813129   0.708861 │
│ exploitation_train_f49b7_00211   TERMINATED   ...lookahead': True}        2           12.7706    0.647478   0.807134   0.709276 │
│ exploitation_train_f49b7_00212   TERMINATED   ...lookahead': True}        4           17.9258    0.629323   0.800992   0.742801 │
│ exploitation_train_f49b7_00213   TERMINATED   ...lookahead': True}        1            5.39602   0.6834     0.806468   0.688397 │
│ exploitation_train_f49b7_00214   TERMINATED   ...lookahead': True}        2           11.0209    0.654305   0.754885   0.719437 │
│ exploitation_train_f49b7_00215   TERMINATED   ...lookahead': True}        1            6.02363   0.734337   0.75259    0.661789 │
│ exploitation_train_f49b7_00216   TERMINATED   ...lookahead': True}        1            3.0961    0.714408   0.757105   0.663247 │
│ exploitation_train_f49b7_00217   TERMINATED   ...lookahead': True}        1            3.42488   0.683671   0.736901   0.687082 │
│ exploitation_train_f49b7_00218   TERMINATED   ...lookahead': True}        2            9.95131   0.621842   0.78619    0.721346 │
│ exploitation_train_f49b7_00219   TERMINATED   ...lookahead': True}        1            5.5968    0.688419   0.784562   0.684785 │
│ exploitation_train_f49b7_00220   TERMINATED   ...lookahead': True}        2           10.351     0.64531    0.810909   0.708348 │
│ exploitation_train_f49b7_00221   TERMINATED   ...lookahead': True}        2           10.2935    0.64531    0.810909   0.708348 │
│ exploitation_train_f49b7_00222   TERMINATED   ...lookahead': True}        2            8.9351    0.655958   0.816681   0.709829 │
│ exploitation_train_f49b7_00223   TERMINATED   ...lookahead': True}        1            5.16353   0.684094   0.792407   0.68807  │
│ exploitation_train_f49b7_00224   TERMINATED   ...lookahead': True}        1            5.26004   0.684094   0.792407   0.68807  │
│ exploitation_train_f49b7_00225   TERMINATED   ...lookahead': True}        1            4.63274   0.682475   0.789446   0.690695 │
│ exploitation_train_f49b7_00226   TERMINATED   ...lookahead': True}        1            2.9475    0.71195    0.75037    0.664262 │
│ exploitation_train_f49b7_00227   TERMINATED   ...lookahead': True}        1            3.0647    0.71195    0.75037    0.664262 │
│ exploitation_train_f49b7_00228   TERMINATED   ...lookahead': True}        4           10.1624    0.583144   0.809133   0.75074  │
│ exploitation_train_f49b7_00229   TERMINATED   ...lookahead': True}        1            3.39231   0.677573   0.797439   0.689537 │
│ exploitation_train_f49b7_00230   TERMINATED   ...lookahead': True}        4           10.0302    0.583144   0.809133   0.75074  │
│ exploitation_train_f49b7_00231   TERMINATED   ...lookahead': True}        1            3.48688   0.677573   0.797439   0.689537 │
│ exploitation_train_f49b7_00232   TERMINATED   ...lookahead': True}        1            4.86611   0.71269    0.713144   0.677325 │
│ exploitation_train_f49b7_00233   TERMINATED   ...lookahead': True}        1            5.46985   0.697795   0.773461   0.681463 │
│ exploitation_train_f49b7_00234   TERMINATED   ...lookahead': True}        2            9.88378   0.625372   0.755033   0.723326 │
│ exploitation_train_f49b7_00235   TERMINATED   ...lookahead': True}        4           14.3733    0.581424   0.818606   0.74315  │
│ exploitation_train_f49b7_00236   TERMINATED   ...lookahead': True}        1            4.5261    0.713589   0.800474   0.675543 │
│ exploitation_train_f49b7_00237   TERMINATED   ...lookahead': True}        1            2.83941   0.717052   0.761841   0.668371 │
│ exploitation_train_f49b7_00238   TERMINATED   ...lookahead': True}        1            2.92842   0.717052   0.761841   0.668371 │
│ exploitation_train_f49b7_00239   TERMINATED   ...lookahead': True}        2            8.35137   0.667597   0.7295     0.706951 │
│ exploitation_train_f49b7_00240   TERMINATED   ...lookahead': True}        1            2.27146   0.725493   0.757623   0.657914 │
│ exploitation_train_f49b7_00241   TERMINATED   ...lookahead': True}        1            2.09242   0.725493   0.757623   0.657914 │
│ exploitation_train_f49b7_00242   TERMINATED   ...lookahead': True}        1            3.43587   0.736149   0.767022   0.657853 │
│ exploitation_train_f49b7_00243   TERMINATED   ...lookahead': True}        1            3.42755   0.736149   0.767022   0.657853 │
│ exploitation_train_f49b7_00244   TERMINATED   ...lookahead': True}        1            3.17105   0.736149   0.767022   0.657853 │
│ exploitation_train_f49b7_00245   TERMINATED   ...lookahead': True}        1            4.00546   0.697852   0.718324   0.690166 │
│ exploitation_train_f49b7_00246   TERMINATED   ...lookahead': True}        1            4.50418   0.698523   0.727057   0.680911 │
│ exploitation_train_f49b7_00247   TERMINATED   ...lookahead': True}        1            4.49177   0.698523   0.727057   0.680911 │
│ exploitation_train_f49b7_00248   TERMINATED   ...lookahead': True}        1            3.89396   0.697852   0.718324   0.690166 │
│ exploitation_train_f49b7_00249   TERMINATED   ...lookahead': True}        1            3.28477   0.759246   0.772128   0.656072 │
│ exploitation_train_f49b7_00250   TERMINATED   ...lookahead': True}        1            6.70112   0.750186   0.718028   0.664716 │
│ exploitation_train_f49b7_00251   TERMINATED   ...lookahead': True}        1            6.10381   0.755905   0.720249   0.663252 │
│ exploitation_train_f49b7_00252   TERMINATED   ...lookahead': True}        4           10.1523    0.581279   0.812759   0.749572 │
│ exploitation_train_f49b7_00253   TERMINATED   ...lookahead': True}        1            3.4912    0.681982   0.793887   0.688287 │
│ exploitation_train_f49b7_00254   TERMINATED   ...lookahead': True}        1            4.40476   0.728646   0.797069   0.660781 │
│ exploitation_train_f49b7_00255   TERMINATED   ...lookahead': True}        1            4.95063   0.683481   0.787004   0.689706 │
│ exploitation_train_f49b7_00256   TERMINATED   ...lookahead': True}        1            5.57134   0.700726   0.793517   0.673876 │
│ exploitation_train_f49b7_00257   TERMINATED   ...ookahead': False}        2            9.05286   0.64145    0.734754   0.714762 │
│ exploitation_train_f49b7_00258   TERMINATED   ...lookahead': True}        2           10.0982    0.646418   0.76569    0.719009 │
│ exploitation_train_f49b7_00259   TERMINATED   ...lookahead': True}        2            6.08622   0.639578   0.739861   0.722884 │
│ exploitation_train_f49b7_00260   TERMINATED   ...lookahead': True}        1            4.90569   0.693826   0.740527   0.687598 │
│ exploitation_train_f49b7_00261   TERMINATED   ...lookahead': True}        1            4.81396   0.693826   0.740527   0.687598 │
│ exploitation_train_f49b7_00262   TERMINATED   ...ookahead': False}        2            7.15863   0.650455   0.747854   0.709067 │
│ exploitation_train_f49b7_00263   TERMINATED   ...lookahead': True}        1            7.17509   0.704934   0.777531   0.679245 │
│ exploitation_train_f49b7_00264   TERMINATED   ...lookahead': True}        1            5.39167   0.681406   0.78804    0.688546 │
│ exploitation_train_f49b7_00265   TERMINATED   ...lookahead': True}        1            5.1988    0.779138   0.67688    0.649176 │
│ exploitation_train_f49b7_00266   TERMINATED   ...lookahead': True}        2            7.04731   0.630564   0.744967   0.722082 │
│ exploitation_train_f49b7_00267   TERMINATED   ...lookahead': True}        2            8.16935   0.65692    0.741341   0.707515 │
│ exploitation_train_f49b7_00268   TERMINATED   ...lookahead': True}        2            8.22002   0.65692    0.741341   0.707515 │
│ exploitation_train_f49b7_00269   TERMINATED   ...lookahead': True}        1            4.80715   0.686699   0.793665   0.68494  │
│ exploitation_train_f49b7_00270   TERMINATED   ...lookahead': True}        1            4.78111   0.686699   0.793665   0.68494  │
│ exploitation_train_f49b7_00271   TERMINATED   ...lookahead': True}        1            5.08664   0.683804   0.793665   0.687818 │
│ exploitation_train_f49b7_00272   TERMINATED   ...lookahead': True}        1            6.24758   0.683157   0.768428   0.690453 │
│ exploitation_train_f49b7_00273   TERMINATED   ...lookahead': True}        1            5.17319   0.864765   0.721729   0.611741 │
│ exploitation_train_f49b7_00274   TERMINATED   ...lookahead': True}        1            5.21589   0.864765   0.721729   0.611741 │
│ exploitation_train_f49b7_00275   TERMINATED   ...ookahead': False}        2            6.93246   0.637903   0.74741    0.716843 │
│ exploitation_train_f49b7_00276   TERMINATED   ...lookahead': True}        4           10.6555    0.583598   0.805284   0.736666 │
│ exploitation_train_f49b7_00277   TERMINATED   ...lookahead': True}        1            5.64383   0.689297   0.792259   0.686024 │
│ exploitation_train_f49b7_00278   TERMINATED   ...ookahead': False}        1            2.93622   0.85648    0.775607   0.631807 │
│ exploitation_train_f49b7_00279   TERMINATED   ...lookahead': True}        2           10.3422    0.620361   0.785524   0.721656 │
│ exploitation_train_f49b7_00280   TERMINATED   ...lookahead': True}        1            5.05741   0.690684   0.76754    0.686196 │
│ exploitation_train_f49b7_00281   TERMINATED   ...lookahead': True}        1            3.12058   0.754334   0.768576   0.640421 │
│ exploitation_train_f49b7_00282   TERMINATED   ...lookahead': True}        1            5.58786   0.834135   0.735346   0.598188 │
│ exploitation_train_f49b7_00283   TERMINATED   ...lookahead': True}        2            9.69531   0.636773   0.771906   0.717019 │
│ exploitation_train_f49b7_00284   TERMINATED   ...ookahead': False}        2            6.41496   0.630301   0.781083   0.719513 │
│ exploitation_train_f49b7_00285   TERMINATED   ...lookahead': True}        1            2.91158   0.733154   0.765024   0.657997 │
│ exploitation_train_f49b7_00286   TERMINATED   ...ookahead': False}        2            9.08909   0.636216   0.741933   0.718867 │
│ exploitation_train_f49b7_00287   TERMINATED   ...lookahead': True}        2            8.91499   0.630033   0.813425   0.718659 │
│ exploitation_train_f49b7_00288   TERMINATED   ...lookahead': True}        2            8.79414   0.630033   0.813425   0.718659 │
│ exploitation_train_f49b7_00289   TERMINATED   ...lookahead': True}        1            7.02447   0.695804   0.776347   0.677934 │
│ exploitation_train_f49b7_00290   TERMINATED   ...lookahead': True}        1            5.60861   0.705751   0.78804    0.675701 │
│ exploitation_train_f49b7_00291   TERMINATED   ...lookahead': True}        1            4.73344   0.681546   0.781009   0.687104 │
│ exploitation_train_f49b7_00292   TERMINATED   ...ookahead': False}        1            5.38741   0.686429   0.724911   0.687609 │
│ exploitation_train_f49b7_00293   TERMINATED   ...ookahead': False}        1            3.49668   0.778458   0.776717   0.631927 │
│ exploitation_train_f49b7_00294   TERMINATED   ...lookahead': True}        4           14.5384    0.589151   0.818976   0.742049 │
│ exploitation_train_f49b7_00295   TERMINATED   ...ookahead': False}        4           13.4521    0.593672   0.798771   0.741065 │
│ exploitation_train_f49b7_00296   TERMINATED   ...ookahead': False}        1            4.88416   0.69463    0.763766   0.684224 │
│ exploitation_train_f49b7_00297   TERMINATED   ...ookahead': False}        2            8.54837   0.663085   0.732756   0.707159 │
│ exploitation_train_f49b7_00298   TERMINATED   ...ookahead': False}        1            3.80123   0.718351   0.73542    0.683585 │
│ exploitation_train_f49b7_00299   TERMINATED   ...lookahead': True}        1            2.3923    0.754638   0.775385   0.646892 │
│ exploitation_train_f49b7_00300   TERMINATED   ...lookahead': True}        1            2.25517   0.754638   0.775385   0.646892 │
│ exploitation_train_f49b7_00301   TERMINATED   ...lookahead': True}        1            3.43763   0.71803    0.733126   0.66079  │
│ exploitation_train_f49b7_00302   TERMINATED   ...lookahead': True}        1            3.4399    0.706023   0.741119   0.666994 │
│ exploitation_train_f49b7_00303   TERMINATED   ...lookahead': True}        1            3.16548   0.723872   0.755403   0.657973 │
│ exploitation_train_f49b7_00304   TERMINATED   ...lookahead': True}        1            2.31947   0.72635    0.737049   0.654449 │
│ exploitation_train_f49b7_00305   TERMINATED   ...lookahead': True}        1            6.79565   0.724911   0.739935   0.68232  │
│ exploitation_train_f49b7_00306   TERMINATED   ...lookahead': True}        1            5.74662   0.680347   0.793221   0.685705 │
│ exploitation_train_f49b7_00307   TERMINATED   ...ookahead': False}        4           17.713     0.60539    0.799216   0.736477 │
│ exploitation_train_f49b7_00308   TERMINATED   ...lookahead': True}        1            3.37907   0.714013   0.737419   0.684999 │
│ exploitation_train_f49b7_00309   TERMINATED   ...lookahead': True}        2            7.16386   0.657261   0.758955   0.717443 │
│ exploitation_train_f49b7_00310   TERMINATED   ...lookahead': True}        1            5.73034   0.686008   0.784784   0.682697 │
│ exploitation_train_f49b7_00311   TERMINATED   ...lookahead': True}        1            2.87884   0.743803   0.767392   0.649253 │
│ exploitation_train_f49b7_00312   TERMINATED   ...lookahead': True}        1            3.01709   0.743803   0.767392   0.649253 │
│ exploitation_train_f49b7_00313   TERMINATED   ...lookahead': True}        1            2.8643    0.710732   0.767688   0.666854 │
│ exploitation_train_f49b7_00314   TERMINATED   ...lookahead': True}        2            7.66219   0.644592   0.760879   0.718555 │
│ exploitation_train_f49b7_00315   TERMINATED   ...lookahead': True}        2            8.64975   0.647042   0.751776   0.718424 │
│ exploitation_train_f49b7_00316   TERMINATED   ...lookahead': True}        1            5.39142   0.701213   0.789002   0.679885 │
│ exploitation_train_f49b7_00317   TERMINATED   ...lookahead': True}        1            4.94191   0.703999   0.787744   0.680151 │
│ exploitation_train_f49b7_00318   TERMINATED   ...lookahead': True}        1            5.28044   0.688815   0.797143   0.681646 │
│ exploitation_train_f49b7_00319   TERMINATED   ...lookahead': True}        4           16.7605    0.632858   0.783008   0.739706 │
│ exploitation_train_f49b7_00320   TERMINATED   ...lookahead': True}        4           19.2397    0.5952     0.777383   0.743619 │
│ exploitation_train_f49b7_00321   TERMINATED   ...lookahead': True}        1            2.33515   0.732407   0.770056   0.663489 │
│ exploitation_train_f49b7_00322   TERMINATED   ...lookahead': True}        1            2.26864   0.732407   0.770056   0.663489 │
│ exploitation_train_f49b7_00323   TERMINATED   ...lookahead': True}        1            2.49372   0.732407   0.770056   0.663489 │
│ exploitation_train_f49b7_00324   TERMINATED   ...lookahead': True}        1            2.9975    0.733912   0.756069   0.661443 │
│ exploitation_train_f49b7_00325   TERMINATED   ...lookahead': True}        4           18.9277    0.626459   0.768502   0.732472 │
│ exploitation_train_f49b7_00326   TERMINATED   ...lookahead': True}        2           10.0001    0.617867   0.78656    0.720036 │
│ exploitation_train_f49b7_00327   TERMINATED   ...lookahead': True}        4           17.5938    0.59382    0.790705   0.742576 │
│ exploitation_train_f49b7_00328   TERMINATED   ...lookahead': True}        2            7.81291   0.66566    0.749704   0.697352 │
│ exploitation_train_f49b7_00329   TERMINATED   ...ookahead': False}        1            2.79667   0.693742   0.721877   0.686213 │
│ exploitation_train_f49b7_00330   TERMINATED   ...ookahead': False}        1            3.2509    0.696851   0.725799   0.68612  │
│ exploitation_train_f49b7_00331   TERMINATED   ...lookahead': True}        1            5.24468   0.677791   0.776421   0.688603 │
│ exploitation_train_f49b7_00332   TERMINATED   ...lookahead': True}        1            2.77546   0.723157   0.735568   0.658381 │
│ exploitation_train_f49b7_00333   TERMINATED   ...lookahead': True}        1            2.45728   0.7246     0.761471   0.658698 │
│ exploitation_train_f49b7_00334   TERMINATED   ...lookahead': True}        1            5.80123   0.694246   0.764728   0.678426 │
│ exploitation_train_f49b7_00335   TERMINATED   ...lookahead': True}        1            3.92553   0.688766   0.725873   0.68639  │
│ exploitation_train_f49b7_00336   TERMINATED   ...lookahead': True}        1            6.88527   0.754785   0.760731   0.653277 │
│ exploitation_train_f49b7_00337   TERMINATED   ...lookahead': True}        4           15.2282    0.588292   0.767244   0.741605 │
│ exploitation_train_f49b7_00338   TERMINATED   ...lookahead': True}        4           12.9611    0.602157   0.770056   0.743101 │
│ exploitation_train_f49b7_00339   TERMINATED   ...lookahead': True}        4           15.051     0.588292   0.767244   0.741605 │
│ exploitation_train_f49b7_00340   TERMINATED   ...lookahead': True}        4           13.2283    0.602157   0.770056   0.743101 │
│ exploitation_train_f49b7_00341   TERMINATED   ...lookahead': True}        1            2.9715    0.72408    0.753404   0.659326 │
│ exploitation_train_f49b7_00342   TERMINATED   ...ookahead': False}        1            3.05972   0.967407   0.776051   0.559105 │
│ exploitation_train_f49b7_00343   TERMINATED   ...lookahead': True}        4           12.1924    0.586136   0.770648   0.746122 │
│ exploitation_train_f49b7_00344   TERMINATED   ...lookahead': True}        1            6.6084    0.728489   0.73283    0.672326 │
│ exploitation_train_f49b7_00345   TERMINATED   ...lookahead': True}        1            5.856     0.728848   0.738085   0.675015 │
│ exploitation_train_f49b7_00346   TERMINATED   ...lookahead': True}        1            4.81269   0.698295   0.792333   0.680611 │
│ exploitation_train_f49b7_00347   TERMINATED   ...lookahead': True}        1            6.12319   0.703209   0.78249    0.682892 │
│ exploitation_train_f49b7_00348   TERMINATED   ...lookahead': True}        2           10.0747    0.659678   0.756365   0.698764 │
│ exploitation_train_f49b7_00349   TERMINATED   ...ookahead': False}        1            3.25055   0.855068   0.756735   0.631188 │
│ exploitation_train_f49b7_00350   TERMINATED   ...ookahead': False}        1            3.3352    0.855068   0.756735   0.631188 │
│ exploitation_train_f49b7_00351   TERMINATED   ...lookahead': True}        1            6.72641   0.803707   0.748372   0.621611 │
│ exploitation_train_f49b7_00352   TERMINATED   ...lookahead': True}        1            4.47916   0.720922   0.768428   0.66089  │
│ exploitation_train_f49b7_00353   TERMINATED   ...lookahead': True}        2            7.53572   0.664093   0.7332     0.703557 │
│ exploitation_train_f49b7_00354   TERMINATED   ...ookahead': False}        1            2.45353   0.745016   0.774275   0.630364 │
│ exploitation_train_f49b7_00355   TERMINATED   ...lookahead': True}        4           14.9078    0.57654    0.800178   0.74477  │
│ exploitation_train_f49b7_00356   TERMINATED   ...ookahead': False}        2            7.42991   0.653938   0.779677   0.704031 │
│ exploitation_train_f49b7_00357   TERMINATED   ...lookahead': True}        2           10.1739    0.643591   0.801436   0.712454 │
│ exploitation_train_f49b7_00358   TERMINATED   ...lookahead': True}        2            8.9752    0.635829   0.806838   0.71815  │
│ exploitation_train_f49b7_00359   TERMINATED   ...lookahead': True}        4           13.8266    0.641146   0.743635   0.72588  │
│ exploitation_train_f49b7_00360   TERMINATED   ...lookahead': True}        1            3.57722   0.728858   0.739861   0.65163  │
│ exploitation_train_f49b7_00361   TERMINATED   ...lookahead': True}        1            3.65714   0.777737   0.755403   0.626321 │
│ exploitation_train_f49b7_00362   TERMINATED   ...lookahead': True}        1            4.68323   0.685615   0.738011   0.688999 │
│ exploitation_train_f49b7_00363   TERMINATED   ...ookahead': False}        1            4.56373   0.693492   0.766282   0.682413 │
│ exploitation_train_f49b7_00364   TERMINATED   ...ookahead': False}        1            4.87393   0.693492   0.766282   0.682413 │
│ exploitation_train_f49b7_00365   TERMINATED   ...ookahead': False}        1            4.77968   0.693492   0.766282   0.682413 │
│ exploitation_train_f49b7_00366   TERMINATED   ...lookahead': True}        4           19.4806    0.58361    0.772647   0.743026 │
│ exploitation_train_f49b7_00367   TERMINATED   ...lookahead': True}        1            4.57189   0.736661   0.704781   0.671034 │
│ exploitation_train_f49b7_00368   TERMINATED   ...lookahead': True}        1            5.40273   0.724137   0.718102   0.675986 │
│ exploitation_train_f49b7_00369   TERMINATED   ...lookahead': True}        4           19.6766    0.604845   0.763025   0.733217 │
│ exploitation_train_f49b7_00370   TERMINATED   ...lookahead': True}        1            5.74518   0.714215   0.793073   0.677866 │
│ exploitation_train_f49b7_00371   TERMINATED   ...lookahead': True}        2            7.71744   0.653792   0.760583   0.721184 │
│ exploitation_train_f49b7_00372   TERMINATED   ...lookahead': True}        1            2.15023   0.699466   0.738751   0.670341 │
│ exploitation_train_f49b7_00373   TERMINATED   ...lookahead': True}        1            2.13783   0.699466   0.738751   0.670341 │
│ exploitation_train_f49b7_00374   TERMINATED   ...lookahead': True}        1            2.15376   0.699466   0.738751   0.670341 │
│ exploitation_train_f49b7_00375   TERMINATED   ...lookahead': True}        1            2.33863   0.699466   0.738751   0.670341 │
│ exploitation_train_f49b7_00376   TERMINATED   ...lookahead': True}        1            2.17024   0.699466   0.738751   0.670341 │
│ exploitation_train_f49b7_00377   TERMINATED   ...lookahead': True}        1            2.24964   0.699466   0.738751   0.670341 │
│ exploitation_train_f49b7_00378   TERMINATED   ...lookahead': True}        1            2.27867   0.699466   0.738751   0.670341 │
│ exploitation_train_f49b7_00379   TERMINATED   ...ookahead': False}        2            9.19425   0.658373   0.745856   0.706604 │
│ exploitation_train_f49b7_00380   TERMINATED   ...ookahead': False}        1            5.51104   0.697115   0.719879   0.688806 │
│ exploitation_train_f49b7_00381   TERMINATED   ...lookahead': True}        1            5.41708   0.707673   0.77087    0.680171 │
│ exploitation_train_f49b7_00382   TERMINATED   ...lookahead': True}        1            4.71042   0.703521   0.763544   0.680167 │
│ exploitation_train_f49b7_00383   TERMINATED   ...lookahead': True}        4           12.8025    0.605692   0.778567   0.742006 │
│ exploitation_train_f49b7_00384   TERMINATED   ...lookahead': True}        1            2.86255   0.704196   0.753108   0.666242 │
│ exploitation_train_f49b7_00385   TERMINATED   ...lookahead': True}        1            4.92652   0.704676   0.773091   0.684061 │
│ exploitation_train_f49b7_00386   TERMINATED   ...lookahead': True}        1            6.82531   0.720272   0.787448   0.674645 │
│ exploitation_train_f49b7_00387   TERMINATED   ...lookahead': True}        1            6.02217   0.712779   0.78286    0.675725 │
│ exploitation_train_f49b7_00388   TERMINATED   ...ookahead': False}        2            8.49194   0.628784   0.780565   0.720304 │
│ exploitation_train_f49b7_00389   TERMINATED   ...ookahead': False}        2            7.35963   0.646489   0.785376   0.711142 │
│ exploitation_train_f49b7_00390   TERMINATED   ...ookahead': False}        4           19.5431    0.604855   0.759399   0.734888 │
│ exploitation_train_f49b7_00391   TERMINATED   ...ookahead': False}        2            8.93892   0.641818   0.748224   0.716917 │
│ exploitation_train_f49b7_00392   TERMINATED   ...ookahead': False}        2            8.46907   0.641416   0.744227   0.721113 │
│ exploitation_train_f49b7_00393   TERMINATED   ...lookahead': True}        1            5.62402   0.678425   0.794627   0.688113 │
│ exploitation_train_f49b7_00394   TERMINATED   ...ookahead': False}        1            5.41527   0.736781   0.722691   0.660897 │
│ exploitation_train_f49b7_00395   TERMINATED   ...ookahead': False}        4           13.1221    0.617506   0.783156   0.741659 │
│ exploitation_train_f49b7_00396   TERMINATED   ...lookahead': True}        1            3.23748   0.727257   0.756143   0.656814 │
│ exploitation_train_f49b7_00397   TERMINATED   ...lookahead': True}        4           16.0017    0.587376   0.762137   0.74474  │
│ exploitation_train_f49b7_00398   TERMINATED   ...lookahead': True}        4           13.8754    0.580732   0.779085   0.752686 │
│ exploitation_train_f49b7_00399   TERMINATED   ...lookahead': True}        1            3.31743   0.711053   0.763988   0.66489  │
╰─────────────────────────────────────────────────────────────────────────────────────────────────────────────────────────────────╯

利用时间:1124.8985087871552 s
------------------------------------------------------------------------------------------------------------------------------------------------------------------------------------------------------------------------------------------------------------------------------------------------------------
总时间：1663.3497166633606 s
最佳配置：{'loss': 0.5807320935265073, 'acc': 0.7790852575488455, 'bacc': 0.7526858448982239, 'training_iteration': 4, 'trial_id': 'f49b7_00398', 'date': '2025-11-18_14-05-23', 'time_this_iter_s': 3.3330776691436768, 'time_total_s': 13.87539029121399, 'config': {'use_l1': False, 'l1_lambda': 0.0, 'use_l2': True, 'l2_lambda': 0.0001, 'use_dropout': True, 'drop_rate': 0.1, 'use_bn': True, 'use_ln': False, 'use_skip': False, 'skip_type': 'None', 'skip_step': 1, 'skip_drop_prob': 0.0, 'use_data_augment': True, 'da_type': 'fgsm', 'cutout_ratio': 0.0, 'cutout_prob': 0.0, 'mixup_alpha': 0.0, 'mixup_prob': 0.0, 'cutmix_alpha': 0.0, 'cutmix_prob': 0.0, 'fgsm_epsilon': 0.05, 'fgsm_prob': 0.8, 'use_swa': False, 'use_lookahead': True}}