Trial status: 400 TERMINATED
Current time: 2025-11-18 09:43:16. Total running time: 32min 45s
Logical resource usage: 2.0/10 CPUs, 1.0/4 GPUs (0.0/1.0 accelerator_type:G)
╭──────────────────────────────────────────────────────────────────────────────────────────────────────────────────────────────────╮
│ Trial name                       status       config                   iter     total time (s)        loss        acc       bacc │
├──────────────────────────────────────────────────────────────────────────────────────────────────────────────────────────────────┤
│ exploitation_train_6038c_00000   TERMINATED   ...lookahead': True}        1           11.35      0.133642    0.968997   0.938632 │
│ exploitation_train_6038c_00001   TERMINATED   ...lookahead': True}        1            9.71048   0.145443    0.963397   0.935828 │
│ exploitation_train_6038c_00002   TERMINATED   ...lookahead': True}        1            6.05873   0.0625436   0.994804   0.941372 │
│ exploitation_train_6038c_00003   TERMINATED   ...lookahead': True}        4           22.8822    0.127076    0.996261   0.949714 │
│ exploitation_train_6038c_00004   TERMINATED   ...lookahead': True}        1           11.4731    0.0960332   0.974527   0.926123 │
│ exploitation_train_6038c_00005   TERMINATED   ...lookahead': True}        1            9.61872   0.0956064   0.974035   0.925876 │
│ exploitation_train_6038c_00006   TERMINATED   ...lookahead': True}        1           10.0004    0.0527822   0.998947   0.91798  │
│ exploitation_train_6038c_00007   TERMINATED   ...lookahead': True}        1           10.0929    0.0527822   0.998947   0.91798  │
│ exploitation_train_6038c_00008   TERMINATED   ...lookahead': True}        2            8.43935   0.0530544   0.995418   0.946447 │
│ exploitation_train_6038c_00009   TERMINATED   ...lookahead': True}        1            9.82583   0.0530105   0.998912   0.917963 │
│ exploitation_train_6038c_00010   TERMINATED   ...ookahead': False}        1            4.87266   0.082118    0.998157   0.932865 │
│ exploitation_train_6038c_00011   TERMINATED   ...ookahead': False}        1           14.345     0.0688104   0.998964   0.902709 │
│ exploitation_train_6038c_00012   TERMINATED   ...ookahead': False}        1            5.7128    0.0630428   0.998508   0.927947 │
│ exploitation_train_6038c_00013   TERMINATED   ...lookahead': True}        2           13.3776    0.142317    0.9944     0.947111 │
│ exploitation_train_6038c_00014   TERMINATED   ...lookahead': True}        2           19.3147    0.0781826   0.998139   0.937949 │
│ exploitation_train_6038c_00015   TERMINATED   ...lookahead': True}        2           16.2924    0.0625422   0.997314   0.942629 │
│ exploitation_train_6038c_00016   TERMINATED   ...ookahead': False}        1            5.74698   0.129774    0.985762   0.93175  │
│ exploitation_train_6038c_00017   TERMINATED   ...lookahead': True}        1           10.4686    0.0458147   0.998701   0.922951 │
│ exploitation_train_6038c_00018   TERMINATED   ...ookahead': False}        2           16.4028    0.0552838   0.995734   0.941838 │
│ exploitation_train_6038c_00019   TERMINATED   ...lookahead': True}        1            8.37403   0.0908248   0.98722    0.93248  │
│ exploitation_train_6038c_00020   TERMINATED   ...lookahead': True}        2           19.5424    0.0672058   0.99461    0.936182 │
│ exploitation_train_6038c_00021   TERMINATED   ...ookahead': False}        2           18.8795    0.0637249   0.994733   0.941336 │
│ exploitation_train_6038c_00022   TERMINATED   ...ookahead': False}        2           14.1155    0.0710072   0.993469   0.93561  │
│ exploitation_train_6038c_00023   TERMINATED   ...ookahead': False}        2            9.06553   2.821       0.990608   0.93927  │
│ exploitation_train_6038c_00024   TERMINATED   ...lookahead': True}        1           11.3149    0.0643227   0.994839   0.931203 │
│ exploitation_train_6038c_00025   TERMINATED   ...lookahead': True}        4           31.7671    0.0665821   0.998648   0.942216 │
│ exploitation_train_6038c_00026   TERMINATED   ...ookahead': False}        2           13.6418    0.0886036   0.997454   0.939235 │
│ exploitation_train_6038c_00027   TERMINATED   ...lookahead': True}        4           45.5357    0.0660042   0.997261   0.942603 │
│ exploitation_train_6038c_00028   TERMINATED   ...lookahead': True}        2           21.785     0.0628584   0.998473   0.938116 │
│ exploitation_train_6038c_00029   TERMINATED   ...ookahead': False}        2           11.3052    0.0791521   0.994856   0.940633 │
│ exploitation_train_6038c_00030   TERMINATED   ...ookahead': False}        4           23.2903    0.072853    0.994663   0.951806 │
│ exploitation_train_6038c_00031   TERMINATED   ...ookahead': False}        1            7.22011   0.0553791   0.999052   0.918033 │
│ exploitation_train_6038c_00032   TERMINATED   ...ookahead': False}        1            6.58612   0.069561    0.995945   0.916477 │
│ exploitation_train_6038c_00033   TERMINATED   ...ookahead': False}        1            5.2077    0.087831    0.991152   0.914076 │
│ exploitation_train_6038c_00034   TERMINATED   ...lookahead': True}        1           10.4117    0.107493    0.992872   0.920031 │
│ exploitation_train_6038c_00035   TERMINATED   ...ookahead': False}        4           34.4918    0.085464    0.997051   0.942497 │
│ exploitation_train_6038c_00036   TERMINATED   ...lookahead': True}        2           15.2749    0.0739914   0.998754   0.938257 │
│ exploitation_train_6038c_00037   TERMINATED   ...lookahead': True}        4           26.2658    0.0524235   0.998192   0.943069 │
│ exploitation_train_6038c_00038   TERMINATED   ...ookahead': False}        4           22.6777    0.0589617   0.992276   0.947417 │
│ exploitation_train_6038c_00039   TERMINATED   ...lookahead': True}        4           26.2638    0.0628993   0.998192   0.943069 │
│ exploitation_train_6038c_00040   TERMINATED   ...ookahead': False}        4           18.1409    1.8276      0.997402   0.944955 │
│ exploitation_train_6038c_00041   TERMINATED   ...ookahead': False}        4           18.1369    0.109419    0.997402   0.948331 │
│ exploitation_train_6038c_00042   TERMINATED   ...ookahead': False}        4           19.4828    0.140626    0.99828    0.955994 │
│ exploitation_train_6038c_00043   TERMINATED   ...ookahead': False}        1           13.2614    0.0621113   0.998841   0.917928 │
│ exploitation_train_6038c_00044   TERMINATED   ...lookahead': True}        4           17.2979    0.0971794   0.998543   0.943244 │
│ exploitation_train_6038c_00045   TERMINATED   ...ookahead': False}        4           17.2348    7.66203     0.990748   0.944434 │
│ exploitation_train_6038c_00046   TERMINATED   ...lookahead': True}        1            4.61016   0.0749516   0.996577   0.92698  │
│ exploitation_train_6038c_00047   TERMINATED   ...lookahead': True}        1            6.22697   0.0605064   0.996629   0.9321   │
│ exploitation_train_6038c_00048   TERMINATED   ...lookahead': True}        1            6.52751   0.0628268   0.99756    0.932566 │
│ exploitation_train_6038c_00049   TERMINATED   ...lookahead': True}        1            6.30672   0.0628268   0.99756    0.932566 │
│ exploitation_train_6038c_00050   TERMINATED   ...lookahead': True}        2            8.10259   0.279579    0.994347   0.941143 │
│ exploitation_train_6038c_00051   TERMINATED   ...lookahead': True}        1            6.40021   0.0499342   0.997946   0.932759 │
│ exploitation_train_6038c_00052   TERMINATED   ...lookahead': True}        1            5.20404   0.0490444   0.998876   0.923039 │
│ exploitation_train_6038c_00053   TERMINATED   ...ookahead': False}        1            5.91247   0.0474357   0.99914    0.918077 │
│ exploitation_train_6038c_00054   TERMINATED   ...ookahead': False}        1            5.69861   0.0474357   0.99914    0.918077 │
│ exploitation_train_6038c_00055   TERMINATED   ...ookahead': False}        1            8.53197   0.04654     0.998859   0.92303  │
│ exploitation_train_6038c_00056   TERMINATED   ...lookahead': True}        2           19.2236    0.129033    0.992732   0.938197 │
│ exploitation_train_6038c_00057   TERMINATED   ...ookahead': False}        4           31.8472    0.0494381   0.994786   0.955394 │
│ exploitation_train_6038c_00058   TERMINATED   ...lookahead': True}        1            9.4079    0.0598465   0.99691    0.91696  │
│ exploitation_train_6038c_00059   TERMINATED   ...ookahead': False}        2           10.7003    0.0796551   0.991608   0.939771 │
│ exploitation_train_6038c_00060   TERMINATED   ...ookahead': False}        2           16.063     0.0700516   0.994786   0.939727 │
│ exploitation_train_6038c_00061   TERMINATED   ...lookahead': True}        1            7.42958   0.0465471   0.998367   0.93297  │
│ exploitation_train_6038c_00062   TERMINATED   ...ookahead': False}        2           11.4228    0.0639064   0.998174   0.937202 │
│ exploitation_train_6038c_00063   TERMINATED   ...ookahead': False}        1            5.78696   0.0936462   0.99928    0.902868 │
│ exploitation_train_6038c_00064   TERMINATED   ...ookahead': False}        1            7.98647   0.0952734   0.987904   0.932823 │
│ exploitation_train_6038c_00065   TERMINATED   ...ookahead': False}        2           16.2854    0.0631953   0.994294   0.936023 │
│ exploitation_train_6038c_00066   TERMINATED   ...lookahead': True}        1            6.25794   0.083465    0.992153   0.929857 │
│ exploitation_train_6038c_00067   TERMINATED   ...ookahead': False}        1            5.68969   0.0936462   0.99928    0.902868 │
│ exploitation_train_6038c_00068   TERMINATED   ...lookahead': True}        1            8.8987    0.0603152   0.998613   0.922907 │
│ exploitation_train_6038c_00069   TERMINATED   ...ookahead': False}        4           23.6326    0.454452    0.995962   0.943838 │
│ exploitation_train_6038c_00070   TERMINATED   ...lookahead': True}        4           22.5945    0.0561511   0.996875   0.942409 │
│ exploitation_train_6038c_00071   TERMINATED   ...lookahead': True}        2           13.5852    0.0557214   0.994558   0.941248 │
│ exploitation_train_6038c_00072   TERMINATED   ...ookahead': False}        4           23.9281    0.0478764   0.997806   0.942875 │
│ exploitation_train_6038c_00073   TERMINATED   ...lookahead': True}        4           31.8713    0.0621843   0.995383   0.944082 │
│ exploitation_train_6038c_00074   TERMINATED   ...ookahead': False}        2           12.2296    0.0527504   0.996524   0.942233 │
│ exploitation_train_6038c_00075   TERMINATED   ...lookahead': True}        1            9.04639   0.05085     0.999263   0.918139 │
│ exploitation_train_6038c_00076   TERMINATED   ...lookahead': True}        1           10.2694    0.0554922   0.998876   0.917945 │
│ exploitation_train_6038c_00077   TERMINATED   ...ookahead': False}        2           19.1646    0.111684    0.9888     0.938364 │
│ exploitation_train_6038c_00078   TERMINATED   ...ookahead': False}        2           16.2138    0.078848    0.993996   0.938041 │
│ exploitation_train_6038c_00079   TERMINATED   ...lookahead': True}        2           19.5596    0.0732508   0.996629   0.94211  │
│ exploitation_train_6038c_00080   TERMINATED   ...ookahead': False}        1            9.59622   0.058507    0.996998   0.932284 │
│ exploitation_train_6038c_00081   TERMINATED   ...lookahead': True}        2           11.9522    0.0527309   0.99605    0.941996 │
│ exploitation_train_6038c_00082   TERMINATED   ...lookahead': True}        2           19.6144    0.048476    0.997296   0.942119 │
│ exploitation_train_6038c_00083   TERMINATED   ...ookahead': False}        1           10.3734    0.165832    0.976282   0.932095 │
│ exploitation_train_6038c_00084   TERMINATED   ...ookahead': False}        2           20.3054    0.0586686   0.998016   0.941741 │
│ exploitation_train_6038c_00085   TERMINATED   ...ookahead': False}        1           10.2596    0.070471    0.998473   0.92793  │
│ exploitation_train_6038c_00086   TERMINATED   ...lookahead': True}        1           10.559     0.0687458   0.99842    0.917717 │
│ exploitation_train_6038c_00087   TERMINATED   ...lookahead': True}        4           44.1631    0.0586009   0.99777    0.942858 │
│ exploitation_train_6038c_00088   TERMINATED   ...lookahead': True}        4           51.6243    0.0595902   0.997209   0.942576 │
│ exploitation_train_6038c_00089   TERMINATED   ...ookahead': False}        2           15.4326    0.0666873   0.992943   0.94044  │
│ exploitation_train_6038c_00090   TERMINATED   ...ookahead': False}        4           19.8726    0.0763887   0.996822   0.942383 │
│ exploitation_train_6038c_00091   TERMINATED   ...lookahead': True}        1            5.86768   0.0598038   0.998473   0.922836 │
│ exploitation_train_6038c_00092   TERMINATED   ...ookahead': False}        2           11.1523    0.0630889   0.995646   0.940352 │
│ exploitation_train_6038c_00093   TERMINATED   ...ookahead': False}        4           21.1268    0.0666459   0.995558   0.945216 │
│ exploitation_train_6038c_00094   TERMINATED   ...lookahead': True}        1            8.62647   0.0751287   0.99138    0.934564 │
│ exploitation_train_6038c_00095   TERMINATED   ...lookahead': True}        1           10.5319    0.0631782   0.999298   0.918156 │
│ exploitation_train_6038c_00096   TERMINATED   ...ookahead': False}        1            7.06134   0.0887276   0.998315   0.932944 │
│ exploitation_train_6038c_00097   TERMINATED   ...ookahead': False}        4           35.7089    0.0677132   0.997103   0.942523 │
│ exploitation_train_6038c_00098   TERMINATED   ...ookahead': False}        4           26.0765    0.074625    0.996963   0.942453 │
│ exploitation_train_6038c_00099   TERMINATED   ...lookahead': True}        2           17.1537    0.0554823   0.997437   0.937597 │
│ exploitation_train_6038c_00100   TERMINATED   ...ookahead': False}        1           13.2395    0.0923942   0.987167   0.917174 │
│ exploitation_train_6038c_00101   TERMINATED   ...lookahead': True}        2           21.8114    0.0548223   0.99619    0.936973 │
│ exploitation_train_6038c_00102   TERMINATED   ...lookahead': True}        1           12.4078    0.0608845   0.998596   0.917805 │
│ exploitation_train_6038c_00103   TERMINATED   ...lookahead': True}        1           12.9027    0.0576279   0.99856    0.92288  │
│ exploitation_train_6038c_00104   TERMINATED   ...lookahead': True}        2           19.467     0.0588348   0.997788   0.941794 │
│ exploitation_train_6038c_00105   TERMINATED   ...lookahead': True}        2           13.9024    0.0930735   0.985236   0.941673 │
│ exploitation_train_6038c_00106   TERMINATED   ...ookahead': False}        2           15.0182    0.0580417   0.995997   0.94197  │
│ exploitation_train_6038c_00107   TERMINATED   ...ookahead': False}        2           23.1566    0.0544356   0.997419   0.937588 │
│ exploitation_train_6038c_00108   TERMINATED   ...ookahead': False}        1            7.69255   0.0955632   0.992785   0.914894 │
│ exploitation_train_6038c_00109   TERMINATED   ...lookahead': True}        4           38.4126    0.0505785   0.998543   0.943244 │
│ exploitation_train_6038c_00110   TERMINATED   ...lookahead': True}        1            6.28408   0.0613085   0.998332   0.927859 │
│ exploitation_train_6038c_00111   TERMINATED   ...lookahead': True}        1            8.01338   0.0685697   0.993346   0.935549 │
│ exploitation_train_6038c_00112   TERMINATED   ...ookahead': False}        1            8.95812   0.0901773   0.99361    0.915307 │
│ exploitation_train_6038c_00113   TERMINATED   ...ookahead': False}        4           28.6405    0.0662415   0.994365   0.94417  │
│ exploitation_train_6038c_00114   TERMINATED   ...ookahead': False}        2           13.3635    0.087568    0.990801   0.939367 │
│ exploitation_train_6038c_00115   TERMINATED   ...ookahead': False}        2           11.5021    0.0595338   0.9944     0.941769 │
│ exploitation_train_6038c_00116   TERMINATED   ...ookahead': False}        2           15.8407    0.0675742   0.994979   0.94146  │
│ exploitation_train_6038c_00117   TERMINATED   ...ookahead': False}        2           11.3852    0.0553093   0.993838   0.940888 │
│ exploitation_train_6038c_00118   TERMINATED   ...ookahead': False}        2           16.6718    0.0616522   0.997683   0.940923 │
│ exploitation_train_6038c_00119   TERMINATED   ...ookahead': False}        2           11.4567    0.0532075   0.99375    0.940844 │
│ exploitation_train_6038c_00120   TERMINATED   ...lookahead': True}        1            7.27277   0.0513248   0.998929   0.928158 │
│ exploitation_train_6038c_00121   TERMINATED   ...ookahead': False}        1            9.80103   0.0956508   0.992995   0.915    │
│ exploitation_train_6038c_00122   TERMINATED   ...ookahead': False}        2           10.3782    0.0509505   0.997086   0.941169 │
│ exploitation_train_6038c_00123   TERMINATED   ...lookahead': True}        2           21.0848    0.071888    0.991152   0.939543 │
│ exploitation_train_6038c_00124   TERMINATED   ...lookahead': True}        1            9.96818   0.0634741   0.99512    0.931343 │
│ exploitation_train_6038c_00125   TERMINATED   ...lookahead': True}        1           11.294     0.0604437   0.996138   0.931853 │
│ exploitation_train_6038c_00126   TERMINATED   ...lookahead': True}        2           16.8706    0.0579931   0.99612    0.937925 │
│ exploitation_train_6038c_00127   TERMINATED   ...lookahead': True}        1            5.90877   0.0598038   0.998473   0.922836 │
│ exploitation_train_6038c_00128   TERMINATED   ...lookahead': True}        1            5.88043   0.0642801   0.998929   0.928158 │
│ exploitation_train_6038c_00129   TERMINATED   ...ookahead': False}        4           27.047     0.0592642   0.998648   0.943297 │
│ exploitation_train_6038c_00130   TERMINATED   ...ookahead': False}        4           39.081     0.0573637   0.992662   0.945392 │
│ exploitation_train_6038c_00131   TERMINATED   ...ookahead': False}        1            9.91414   0.0499852   0.998912   0.923056 │
│ exploitation_train_6038c_00132   TERMINATED   ...ookahead': False}        1            9.93765   0.0562542   0.99749    0.93253  │
│ exploitation_train_6038c_00133   TERMINATED   ...ookahead': False}        4           31.0835    0.0622199   0.991415   0.944768 │
│ exploitation_train_6038c_00134   TERMINATED   ...ookahead': False}        1            9.66398   0.0843564   0.996559   0.876039 │
│ exploitation_train_6038c_00135   TERMINATED   ...lookahead': True}        4           34.4555    0.0720352   0.996893   0.947212 │
│ exploitation_train_6038c_00136   TERMINATED   ...lookahead': True}        4           21.4498    0.0604394   0.996296   0.949712 │
│ exploitation_train_6038c_00137   TERMINATED   ...lookahead': True}        4           20.9885    0.0951824   0.995172   0.953723 │
│ exploitation_train_6038c_00138   TERMINATED   ...lookahead': True}        1            7.76871   0.0586013   0.996331   0.926857 │
│ exploitation_train_6038c_00139   TERMINATED   ...lookahead': True}        1            9.31991   0.0571048   0.998596   0.917805 │
│ exploitation_train_6038c_00140   TERMINATED   ...lookahead': True}        1            5.54915   0.0486739   0.998525   0.933049 │
│ exploitation_train_6038c_00141   TERMINATED   ...lookahead': True}        4           21.7541    0.392489    0.996296   0.943719 │
│ exploitation_train_6038c_00142   TERMINATED   ...lookahead': True}        2           11.4902    0.307036    0.993662   0.9408   │
│ exploitation_train_6038c_00143   TERMINATED   ...lookahead': True}        1            7.19395   0.0613141   0.998824   0.923012 │
│ exploitation_train_6038c_00144   TERMINATED   ...lookahead': True}        4           20.9549    0.580627    0.995172   0.949098 │
│ exploitation_train_6038c_00145   TERMINATED   ...lookahead': True}        1            5.57408   0.0473372   0.998999   0.9231   │
│ exploitation_train_6038c_00146   TERMINATED   ...ookahead': False}        4           35.7969    0.073441    0.997051   0.942497 │
│ exploitation_train_6038c_00147   TERMINATED   ...ookahead': False}        4           36.1805    0.0691018   0.997174   0.942559 │
│ exploitation_train_6038c_00148   TERMINATED   ...ookahead': False}        2           15.6793    0.0637117   0.995436   0.939455 │
│ exploitation_train_6038c_00149   TERMINATED   ...lookahead': True}        1            6.94508   0.0540592   0.998069   0.927727 │
│ exploitation_train_6038c_00150   TERMINATED   ...lookahead': True}        1            5.73923   0.0541236   0.996752   0.932161 │
│ exploitation_train_6038c_00151   TERMINATED   ...lookahead': True}        1            5.8646    0.0541236   0.996752   0.932161 │
│ exploitation_train_6038c_00152   TERMINATED   ...lookahead': True}        1            6.96123   0.0606507   0.998929   0.917972 │
│ exploitation_train_6038c_00153   TERMINATED   ...ookahead': False}        4           34.3749    0.069325    0.997718   0.942831 │
│ exploitation_train_6038c_00154   TERMINATED   ...lookahead': True}        4           24.1812    0.207011    0.996963   0.952967 │
│ exploitation_train_6038c_00155   TERMINATED   ...lookahead': True}        4           34.7202    0.0611399   0.997402   0.942673 │
│ exploitation_train_6038c_00156   TERMINATED   ...lookahead': True}        1            6.38043   0.0628805   0.997788   0.93268  │
│ exploitation_train_6038c_00157   TERMINATED   ...lookahead': True}        1            8.91064   0.0624167   0.995857   0.931713 │
│ exploitation_train_6038c_00158   TERMINATED   ...lookahead': True}        2           20.961     0.0687467   0.994909   0.941424 │
│ exploitation_train_6038c_00159   TERMINATED   ...lookahead': True}        1           10.1621    0.0573956   0.997454   0.92742  │
│ exploitation_train_6038c_00160   TERMINATED   ...ookahead': False}        4           30.6787    0.0779878   0.996875   0.942409 │
│ exploitation_train_6038c_00161   TERMINATED   ...lookahead': True}        2           12.8252    0.295153    0.996664   0.93721  │
│ exploitation_train_6038c_00162   TERMINATED   ...ookahead': False}        1            9.83628   0.0558007   0.999017   0.923109 │
│ exploitation_train_6038c_00163   TERMINATED   ...ookahead': False}        1           10.2454    0.151822    0.984955   0.931345 │
│ exploitation_train_6038c_00164   TERMINATED   ...ookahead': False}        4           26.3457    0.0650061   0.997016   0.942479 │
│ exploitation_train_6038c_00165   TERMINATED   ...lookahead': True}        4           28.606     0.060749    0.99849    0.942392 │
│ exploitation_train_6038c_00166   TERMINATED   ...ookahead': False}        2           18.3624    0.0662235   0.995681   0.941811 │
│ exploitation_train_6038c_00167   TERMINATED   ...ookahead': False}        1            9.71453   0.0966577   0.994804   0.931185 │
│ exploitation_train_6038c_00168   TERMINATED   ...lookahead': True}        1            9.88344   0.069193    0.993908   0.930737 │
│ exploitation_train_6038c_00169   TERMINATED   ...ookahead': False}        2           22.1427    0.0712279   0.997402   0.942084 │
│ exploitation_train_6038c_00170   TERMINATED   ...lookahead': True}        2           19.5588    0.0651497   0.994172   0.938171 │
│ exploitation_train_6038c_00171   TERMINATED   ...lookahead': True}        1           11.1825    0.061785    0.995664   0.921429 │
│ exploitation_train_6038c_00172   TERMINATED   ...ookahead': False}        2           14.6561    0.0723249   0.995242   0.940774 │
│ exploitation_train_6038c_00173   TERMINATED   ...lookahead': True}        1            7.75988   0.0795009   0.992908   0.935329 │
│ exploitation_train_6038c_00174   TERMINATED   ...lookahead': True}        2           19.0473    0.0598672   0.997332   0.937544 │
│ exploitation_train_6038c_00175   TERMINATED   ...ookahead': False}        1            7.89366   0.104067    0.993171   0.935461 │
│ exploitation_train_6038c_00176   TERMINATED   ...lookahead': True}        2           24.6375    0.0709091   0.992802   0.940369 │
│ exploitation_train_6038c_00177   TERMINATED   ...lookahead': True}        4           43.6813    0.0536758   0.998736   0.943341 │
│ exploitation_train_6038c_00178   TERMINATED   ...lookahead': True}        1           10.2211    0.0968958   0.989625   0.933684 │
│ exploitation_train_6038c_00179   TERMINATED   ...ookahead': False}        2           19.6891    0.0699208   0.99619    0.942066 │
│ exploitation_train_6038c_00180   TERMINATED   ...lookahead': True}        1           11.6624    0.0819153   0.992574   0.935162 │
│ exploitation_train_6038c_00181   TERMINATED   ...lookahead': True}        2           19.9455    0.0553633   0.995155   0.941547 │
│ exploitation_train_6038c_00182   TERMINATED   ...lookahead': True}        1            6.53252   0.0635807   0.998806   0.91791  │
│ exploitation_train_6038c_00183   TERMINATED   ...ookahead': False}        2           14.7968    0.0685881   0.996155   0.942049 │
│ exploitation_train_6038c_00184   TERMINATED   ...lookahead': True}        1            8.48623   0.0719292   0.994014   0.935883 │
│ exploitation_train_6038c_00185   TERMINATED   ...ookahead': False}        2           17.513     0.0780365   0.996489   0.940615 │
│ exploitation_train_6038c_00186   TERMINATED   ...lookahead': True}        1            8.62876   0.103082    0.991363   0.924368 │
│ exploitation_train_6038c_00187   TERMINATED   ...ookahead': False}        4           30.5455    0.0574018   0.99691    0.942427 │
│ exploitation_train_6038c_00188   TERMINATED   ...lookahead': True}        2           11.3805    0.0539661   0.99777    0.941758 │
│ exploitation_train_6038c_00189   TERMINATED   ...ookahead': False}        4           37.2535    0.120324    0.997525   0.942734 │
│ exploitation_train_6038c_00190   TERMINATED   ...lookahead': True}        4           23.6447    0.0498699   0.998525   0.942532 │
│ exploitation_train_6038c_00191   TERMINATED   ...ookahead': False}        4           31.9412    0.0620322   0.999192   0.942884 │
│ exploitation_train_6038c_00192   TERMINATED   ...lookahead': True}        1            5.94255   0.0602495   0.994891   0.936322 │
│ exploitation_train_6038c_00193   TERMINATED   ...lookahead': True}        1            6.16693   0.0504758   0.998315   0.922757 │
│ exploitation_train_6038c_00194   TERMINATED   ...lookahead': True}        1           10.1366    0.104149    0.989993   0.933869 │
│ exploitation_train_6038c_00195   TERMINATED   ...lookahead': True}        1           11.5498    0.0959521   0.991398   0.934572 │
│ exploitation_train_6038c_00196   TERMINATED   ...lookahead': True}        1           10.2416    0.0711089   0.994242   0.935997 │
│ exploitation_train_6038c_00197   TERMINATED   ...lookahead': True}        1            7.86521   0.0916879   0.992153   0.919671 │
│ exploitation_train_6038c_00198   TERMINATED   ...lookahead': True}        1            9.32087   0.0654629   0.996419   0.916714 │
│ exploitation_train_6038c_00199   TERMINATED   ...lookahead': True}        1            9.67594   0.0765199   0.994698   0.926039 │
│ exploitation_train_6038c_00200   TERMINATED   ...lookahead': True}        1            8.13494   0.0505844   0.998964   0.923082 │
│ exploitation_train_6038c_00201   TERMINATED   ...ookahead': False}        2           15.8246    0.0653671   0.990854   0.939393 │
│ exploitation_train_6038c_00202   TERMINATED   ...lookahead': True}        1            8.68585   0.0551826   0.996032   0.916521 │
│ exploitation_train_6038c_00203   TERMINATED   ...ookahead': False}        4           31.2099    0.0663858   0.994014   0.944302 │
│ exploitation_train_6038c_00204   TERMINATED   ...ookahead': False}        2           19.5395    0.080787    0.995752   0.936753 │
│ exploitation_train_6038c_00205   TERMINATED   ...ookahead': False}        2           18.6932    0.0569007   0.99591    0.941926 │
│ exploitation_train_6038c_00206   TERMINATED   ...ookahead': False}        1            8.25975   0.0878835   0.994505   0.936129 │
│ exploitation_train_6038c_00207   TERMINATED   ...lookahead': True}        1           10.6428    0.0569008   0.998718   0.922959 │
│ exploitation_train_6038c_00208   TERMINATED   ...ookahead': False}        1            8.07021   0.0499857   0.99684    0.932205 │
│ exploitation_train_6038c_00209   TERMINATED   ...lookahead': True}        2           20.0825    0.0582047   0.997823   0.937791 │
│ exploitation_train_6038c_00210   TERMINATED   ...lookahead': True}        1           10.2674    0.0590717   0.998754   0.907697 │
│ exploitation_train_6038c_00211   TERMINATED   ...ookahead': False}        4           29.9223    0.0519471   0.997595   0.942383 │
│ exploitation_train_6038c_00212   TERMINATED   ...lookahead': True}        1            9.58087   0.068681    0.993013   0.920102 │
│ exploitation_train_6038c_00213   TERMINATED   ...ookahead': False}        1           10.1682    0.0559997   0.997226   0.932398 │
│ exploitation_train_6038c_00214   TERMINATED   ...ookahead': False}        1            9.54985   0.0544427   0.997823   0.932697 │
│ exploitation_train_6038c_00215   TERMINATED   ...lookahead': True}        2           11.5044    0.0533182   0.994856   0.941398 │
│ exploitation_train_6038c_00216   TERMINATED   ...lookahead': True}        1           11.6361    0.0545015   0.998174   0.917594 │
│ exploitation_train_6038c_00217   TERMINATED   ...ookahead': False}        1           10.6995    0.055984    0.998771   0.917893 │
│ exploitation_train_6038c_00218   TERMINATED   ...ookahead': False}        4           19.5721    0.0927091   0.997437   0.956996 │
│ exploitation_train_6038c_00219   TERMINATED   ...ookahead': False}        1           11.3591    0.0581972   0.998508   0.907574 │
│ exploitation_train_6038c_00220   TERMINATED   ...ookahead': False}        4           28.8386    0.111121    0.997595   0.955915 │
│ exploitation_train_6038c_00221   TERMINATED   ...ookahead': False}        1            9.16078   0.0602483   0.998367   0.93297  │
│ exploitation_train_6038c_00222   TERMINATED   ...lookahead': True}        4           22.6272    0.0586238   0.998543   0.942734 │
│ exploitation_train_6038c_00223   TERMINATED   ...lookahead': True}        4           22.7498    0.0683584   0.998438   0.943042 │
│ exploitation_train_6038c_00224   TERMINATED   ...ookahead': False}        1            9.65685   0.0699806   0.994505   0.915756 │
│ exploitation_train_6038c_00225   TERMINATED   ...lookahead': True}        1            9.69598   0.140034    0.997296   0.912061 │
│ exploitation_train_6038c_00226   TERMINATED   ...lookahead': True}        1            9.81634   0.081384    0.993083   0.920137 │
│ exploitation_train_6038c_00227   TERMINATED   ...ookahead': False}        1           10.3333    0.186514    0.974808   0.931356 │
│ exploitation_train_6038c_00228   TERMINATED   ...ookahead': False}        2           20.05      0.0546244   0.997279   0.939595 │
│ exploitation_train_6038c_00229   TERMINATED   ...lookahead': True}        2           12.871     0.0603111   0.998771   0.941855 │
│ exploitation_train_6038c_00230   TERMINATED   ...lookahead': True}        1           11.7173    0.0655132   0.995945   0.931757 │
│ exploitation_train_6038c_00231   TERMINATED   ...lookahead': True}        1           10.1868    0.0703659   0.993627   0.935689 │
│ exploitation_train_6038c_00232   TERMINATED   ...lookahead': True}        4           28.0401    0.0630868   0.99763    0.942787 │
│ exploitation_train_6038c_00233   TERMINATED   ...lookahead': True}        4           22.0782    0.0640098   0.997033   0.942321 │
│ exploitation_train_6038c_00234   TERMINATED   ...lookahead': True}        1            5.33965   0.0510005   0.999052   0.918033 │
│ exploitation_train_6038c_00235   TERMINATED   ...lookahead': True}        4           19.5478    0.0637226   0.99835    0.943148 │
│ exploitation_train_6038c_00236   TERMINATED   ...ookahead': False}        1            9.62993   0.102475    0.99224    0.924808 │
│ exploitation_train_6038c_00237   TERMINATED   ...ookahead': False}        1           11.1441    0.107047    0.990309   0.934027 │
│ exploitation_train_6038c_00238   TERMINATED   ...ookahead': False}        4           48.3048    0.0666326   0.991363   0.948287 │
│ exploitation_train_6038c_00239   TERMINATED   ...lookahead': True}        2           11.5274    0.0551808   0.99598    0.941961 │
│ exploitation_train_6038c_00240   TERMINATED   ...lookahead': True}        4           23.2038    0.561038    0.99282    0.943633 │
│ exploitation_train_6038c_00241   TERMINATED   ...ookahead': False}        1            8.42844   0.0998174   0.993118   0.935434 │
│ exploitation_train_6038c_00242   TERMINATED   ...ookahead': False}        4           22.6072    0.11248     0.994084   0.957612 │
│ exploitation_train_6038c_00243   TERMINATED   ...lookahead': True}        4           24.6335    0.0482208   0.998244   0.943095 │
│ exploitation_train_6038c_00244   TERMINATED   ...ookahead': False}        4           22.7092    0.0565358   0.995752   0.949087 │
│ exploitation_train_6038c_00245   TERMINATED   ...lookahead': True}        1            5.15396   0.202537    0.997296   0.922247 │
│ exploitation_train_6038c_00246   TERMINATED   ...lookahead': True}        1            5.00308   0.202537    0.997296   0.922247 │
│ exploitation_train_6038c_00247   TERMINATED   ...ookahead': False}        1           10.4604    0.0964195   0.986394   0.92188  │
│ exploitation_train_6038c_00248   TERMINATED   ...lookahead': True}        1            8.15953   0.0576932   0.998876   0.933225 │
│ exploitation_train_6038c_00249   TERMINATED   ...lookahead': True}        2           18.4449    0.0606521   0.996085   0.93692  │
│ exploitation_train_6038c_00250   TERMINATED   ...lookahead': True}        1           10.0651    0.0649866   0.995822   0.931695 │
│ exploitation_train_6038c_00251   TERMINATED   ...lookahead': True}        4           22.0369    0.150998    0.99591    0.946271 │
│ exploitation_train_6038c_00252   TERMINATED   ...lookahead': True}        2           11.0571    0.261677    0.992504   0.94022  │
│ exploitation_train_6038c_00253   TERMINATED   ...lookahead': True}        4           22.473     0.439145    0.995049   0.946623 │
│ exploitation_train_6038c_00254   TERMINATED   ...lookahead': True}        4           26.0539    0.0509671   0.997138   0.942541 │
│ exploitation_train_6038c_00255   TERMINATED   ...lookahead': True}        1            5.52195   0.0847224   0.99921    0.913019 │
│ exploitation_train_6038c_00256   TERMINATED   ...lookahead': True}        1            7.03846   0.0742361   0.999315   0.918165 │
│ exploitation_train_6038c_00257   TERMINATED   ...lookahead': True}        1            5.61687   0.0847224   0.99921    0.913019 │
│ exploitation_train_6038c_00258   TERMINATED   ...lookahead': True}        4           20.8252    0.0570059   0.997384   0.942664 │
│ exploitation_train_6038c_00259   TERMINATED   ...lookahead': True}        4           31.5806    0.0633542   0.996875   0.942409 │
│ exploitation_train_6038c_00260   TERMINATED   ...lookahead': True}        2           15.7503    0.051707    0.998455   0.941943 │
│ exploitation_train_6038c_00261   TERMINATED   ...lookahead': True}        4           21.5858    0.207551    0.9967     0.952308 │
│ exploitation_train_6038c_00262   TERMINATED   ...lookahead': True}        1            4.87225   0.136641    0.994979   0.936366 │
│ exploitation_train_6038c_00263   TERMINATED   ...lookahead': True}        1            6.82711   0.0680411   0.998912   0.917963 │
│ exploitation_train_6038c_00264   TERMINATED   ...lookahead': True}        1           11.1337    0.0590554   0.998982   0.923091 │
│ exploitation_train_6038c_00265   TERMINATED   ...lookahead': True}        1            8.97316   0.0703922   0.998999   0.912914 │
│ exploitation_train_6038c_00266   TERMINATED   ...lookahead': True}        4           26.9644    0.0558954   0.996542   0.945603 │
│ exploitation_train_6038c_00267   TERMINATED   ...lookahead': True}        4           27.3663    0.110157    0.993083   0.945603 │
│ exploitation_train_6038c_00268   TERMINATED   ...ookahead': False}        1           11.1656    0.066043    0.996208   0.916609 │
│ exploitation_train_6038c_00269   TERMINATED   ...lookahead': True}        2           16.0207    0.0753986   0.988203   0.937744 │
│ exploitation_train_6038c_00270   TERMINATED   ...lookahead': True}        1            4.97758   0.132021    0.993645   0.930605 │
│ exploitation_train_6038c_00271   TERMINATED   ...lookahead': True}        1            9.53036   0.0515876   0.998192   0.927789 │
│ exploitation_train_6038c_00272   TERMINATED   ...lookahead': True}        4           21.2503    0.0523605   0.997384   0.942664 │
│ exploitation_train_6038c_00273   TERMINATED   ...ookahead': False}        4           24.2158    0.122593    0.996331   0.946634 │
│ exploitation_train_6038c_00274   TERMINATED   ...lookahead': True}        1            5.85227   0.0517958   0.998297   0.932935 │
│ exploitation_train_6038c_00275   TERMINATED   ...ookahead': False}        1            8.14349   0.0475329   0.997577   0.932574 │
│ exploitation_train_6038c_00276   TERMINATED   ...lookahead': True}        1            5.61482   0.0593374   0.997595   0.917303 │
│ exploitation_train_6038c_00277   TERMINATED   ...lookahead': True}        1            6.90865   0.0591268   0.99777    0.917391 │
│ exploitation_train_6038c_00278   TERMINATED   ...lookahead': True}        1            5.98336   0.0521505   0.997981   0.932777 │
│ exploitation_train_6038c_00279   TERMINATED   ...lookahead': True}        1           11.6597    0.30686     0.935922   0.92716  │
│ exploitation_train_6038c_00280   TERMINATED   ...lookahead': True}        1            6.37493   0.072148    0.998929   0.917972 │
│ exploitation_train_6038c_00281   TERMINATED   ...ookahead': False}        4           23.5951    0.186489    0.997296   0.943379 │
│ exploitation_train_6038c_00282   TERMINATED   ...ookahead': False}        4           24.3098    9.34254     0.988642   0.943379 │
│ exploitation_train_6038c_00283   TERMINATED   ...lookahead': True}        1            9.87941   0.0539213   0.997893   0.922546 │
│ exploitation_train_6038c_00284   TERMINATED   ...lookahead': True}        1           10.4394    0.28408     0.99828    0.5      │
│ exploitation_train_6038c_00285   TERMINATED   ...lookahead': True}        2           19.5268    0.0483097   0.997332   0.941838 │
│ exploitation_train_6038c_00286   TERMINATED   ...ookahead': False}        4           48.166     0.0545746   0.998402   0.943174 │
│ exploitation_train_6038c_00287   TERMINATED   ...ookahead': False}        4           47.1153    0.0535399   0.997911   0.942928 │
│ exploitation_train_6038c_00288   TERMINATED   ...lookahead': True}        2           10.8147    0.181543    0.994084   0.941011 │
│ exploitation_train_6038c_00289   TERMINATED   ...lookahead': True}        4           45.1711    0.0568769   0.997946   0.942945 │
│ exploitation_train_6038c_00290   TERMINATED   ...lookahead': True}        1            7.22724   0.0715618   0.998771   0.922986 │
│ exploitation_train_6038c_00291   TERMINATED   ...lookahead': True}        1            5.86177   0.0704617   0.997454   0.932513 │
│ exploitation_train_6038c_00292   TERMINATED   ...lookahead': True}        1           13.2523    0.0544264   0.998683   0.917849 │
│ exploitation_train_6038c_00293   TERMINATED   ...ookahead': False}        2           16.0495    0.0962571   0.995436   0.941688 │
│ exploitation_train_6038c_00294   TERMINATED   ...lookahead': True}        2           19.8871    0.0558108   0.998244   0.940932 │
│ exploitation_train_6038c_00295   TERMINATED   ...ookahead': False}        2           16.0375    0.0910783   0.993592   0.939692 │
│ exploitation_train_6038c_00296   TERMINATED   ...ookahead': False}        2           13.8218    0.0641954   0.997437   0.940976 │
│ exploitation_train_6038c_00297   TERMINATED   ...ookahead': False}        1           11.1974    0.0833894   0.99512    0.921157 │
│ exploitation_train_6038c_00298   TERMINATED   ...ookahead': False}        2           21.6949    0.0702896   0.995172   0.941556 │
│ exploitation_train_6038c_00299   TERMINATED   ...lookahead': True}        2           16.2009    0.0663768   0.995629   0.941785 │
│ exploitation_train_6038c_00300   TERMINATED   ...lookahead': True}        1            8.04884   0.0766666   0.989677   0.918431 │
│ exploitation_train_6038c_00301   TERMINATED   ...ookahead': False}        4           15.3664    0.147319    0.99454    0.949131 │
│ exploitation_train_6038c_00302   TERMINATED   ...lookahead': True}        1            6.19476   0.0568072   0.997612   0.922405 │
│ exploitation_train_6038c_00303   TERMINATED   ...ookahead': False}        4           28.8194    0.0566195   0.998157   0.942339 │
│ exploitation_train_6038c_00304   TERMINATED   ...lookahead': True}        4           20.8198    0.0594924   0.994084   0.948709 │
│ exploitation_train_6038c_00305   TERMINATED   ...lookahead': True}        4           16.9011    0.137272    0.991363   0.949391 │
│ exploitation_train_6038c_00306   TERMINATED   ...lookahead': True}        1           10.0796    0.0719173   0.993926   0.935839 │
│ exploitation_train_6038c_00307   TERMINATED   ...lookahead': True}        1            7.56316   0.0711259   0.994049   0.9359   │
│ exploitation_train_6038c_00308   TERMINATED   ...lookahead': True}        1            6.13288   0.0770231   0.992925   0.935337 │
│ exploitation_train_6038c_00309   TERMINATED   ...lookahead': True}        2           18.9027    0.0603788   0.996436   0.941838 │
│ exploitation_train_6038c_00310   TERMINATED   ...lookahead': True}        2           15.8227    0.0575601   0.995857   0.941328 │
│ exploitation_train_6038c_00311   TERMINATED   ...lookahead': True}        4           28.8867    0.0494059   0.99849    0.943033 │
│ exploitation_train_6038c_00312   TERMINATED   ...ookahead': False}        1           11.9014    0.0635277   0.994979   0.921087 │
│ exploitation_train_6038c_00313   TERMINATED   ...lookahead': True}        2           16.6225    0.0579825   0.994663   0.941301 │
│ exploitation_train_6038c_00314   TERMINATED   ...ookahead': False}        2           17.3702    0.055522    0.997033   0.937395 │
│ exploitation_train_6038c_00315   TERMINATED   ...lookahead': True}        2           20.533     0.0668657   0.995857   0.941899 │
│ exploitation_train_6038c_00316   TERMINATED   ...ookahead': False}        4           26.8118    0.144345    0.990713   0.949092 │
│ exploitation_train_6038c_00317   TERMINATED   ...lookahead': True}        1            5.9964    0.136403    0.964503   0.910915 │
│ exploitation_train_6038c_00318   TERMINATED   ...lookahead': True}        2           19.7684    0.0695102   0.995225   0.941583 │
│ exploitation_train_6038c_00319   TERMINATED   ...ookahead': False}        4           22.7039    5.94176     0.983937   0.946115 │
│ exploitation_train_6038c_00320   TERMINATED   ...lookahead': True}        1            6.98506   0.0655816   0.994452   0.920823 │
│ exploitation_train_6038c_00321   TERMINATED   ...lookahead': True}        2           12.4476    0.057286    0.997841   0.940914 │
│ exploitation_train_6038c_00322   TERMINATED   ...ookahead': False}        1            4.17357   0.104495    0.99856    0.907601 │
│ exploitation_train_6038c_00323   TERMINATED   ...ookahead': False}        2            8.87341   0.160245    0.994733   0.941336 │
│ exploitation_train_6038c_00324   TERMINATED   ...lookahead': True}        4           23.2385    0.0943663   0.991889   0.952969 │
│ exploitation_train_6038c_00325   TERMINATED   ...lookahead': True}        4           37.1404    0.0654442   0.996542   0.942242 │
│ exploitation_train_6038c_00326   TERMINATED   ...lookahead': True}        1            5.5271    0.0478867   0.998982   0.923091 │
│ exploitation_train_6038c_00327   TERMINATED   ...ookahead': False}        4           16.48      0.275673    0.994733   0.945946 │
│ exploitation_train_6038c_00328   TERMINATED   ...lookahead': True}        4           31.453     0.0469197   0.997068   0.952174 │
│ exploitation_train_6038c_00329   TERMINATED   ...lookahead': True}        4           22.2926    0.131668    0.991731   0.948105 │
│ exploitation_train_6038c_00330   TERMINATED   ...ookahead': False}        1            7.59821   0.104069    0.980496   0.924019 │
│ exploitation_train_6038c_00331   TERMINATED   ...lookahead': True}        1            5.12629   0.101415    0.997577   0.932574 │
│ exploitation_train_6038c_00332   TERMINATED   ...lookahead': True}        2           11.9047    0.0745984   0.992627   0.941066 │
│ exploitation_train_6038c_00333   TERMINATED   ...lookahead': True}        1            8.15552   0.0865831   0.994242   0.935997 │
│ exploitation_train_6038c_00334   TERMINATED   ...lookahead': True}        1            5.86716   0.075206    0.990836   0.934291 │
│ exploitation_train_6038c_00335   TERMINATED   ...ookahead': False}        2           13.2278    0.0536253   0.995927   0.941934 │
│ exploitation_train_6038c_00336   TERMINATED   ...lookahead': True}        4           22.4003    0.0542244   0.994084   0.94592  │
│ exploitation_train_6038c_00337   TERMINATED   ...lookahead': True}        1            8.2525    0.0703794   0.991521   0.934634 │
│ exploitation_train_6038c_00338   TERMINATED   ...lookahead': True}        1            6.43591   0.0661647   0.998894   0.923047 │
│ exploitation_train_6038c_00339   TERMINATED   ...ookahead': False}        1           11.6302    0.0751513   0.989238   0.923304 │
│ exploitation_train_6038c_00340   TERMINATED   ...lookahead': True}        4           27.7229    0.0595109   0.995084   0.946043 │
│ exploitation_train_6038c_00341   TERMINATED   ...ookahead': False}        2           16.393     0.0535133   0.996331   0.942137 │
│ exploitation_train_6038c_00342   TERMINATED   ...lookahead': True}        1            5.63006   0.0497466   0.998824   0.917919 │
│ exploitation_train_6038c_00343   TERMINATED   ...ookahead': False}        4           30.9226    0.0805849   0.996489   0.954772 │
│ exploitation_train_6038c_00344   TERMINATED   ...ookahead': False}        1            8.29666   0.050624    0.998455   0.933014 │
│ exploitation_train_6038c_00345   TERMINATED   ...lookahead': True}        4           21.3847    0.0718925   0.996945   0.952642 │
│ exploitation_train_6038c_00346   TERMINATED   ...ookahead': False}        4           25.3367    0.116902    0.99131    0.949254 │
│ exploitation_train_6038c_00347   TERMINATED   ...ookahead': False}        4           18.9163    0.10153     0.990748   0.949527 │
│ exploitation_train_6038c_00348   TERMINATED   ...lookahead': True}        1            7.83954   0.0463919   0.997999   0.932785 │
│ exploitation_train_6038c_00349   TERMINATED   ...lookahead': True}        4           31.9317    0.0556735   0.997525   0.945269 │
│ exploitation_train_6038c_00350   TERMINATED   ...lookahead': True}        1            5.8748    0.0646544   0.998402   0.922801 │
│ exploitation_train_6038c_00351   TERMINATED   ...lookahead': True}        1            9.98477   0.0467873   0.997911   0.927648 │
│ exploitation_train_6038c_00352   TERMINATED   ...ookahead': False}        4           28.7768    0.0478154   0.995102   0.946535 │
│ exploitation_train_6038c_00353   TERMINATED   ...lookahead': True}        1           10.7558    0.0613647   0.997279   0.922238 │
│ exploitation_train_6038c_00354   TERMINATED   ...ookahead': False}        4           15.8608    0.102366    0.99124    0.949773 │
│ exploitation_train_6038c_00355   TERMINATED   ...ookahead': False}        1            7.29169   0.0626368   0.999105   0.91806  │
│ exploitation_train_6038c_00356   TERMINATED   ...lookahead': True}        1            7.61827   0.0598028   0.998543   0.933058 │
│ exploitation_train_6038c_00357   TERMINATED   ...lookahead': True}        4           22.7913    0.0501348   0.998262   0.943104 │
│ exploitation_train_6038c_00358   TERMINATED   ...lookahead': True}        1            9.1998    0.0585105   0.999333   0.902894 │
│ exploitation_train_6038c_00359   TERMINATED   ...lookahead': True}        1            6.82072   0.061537    0.993346   0.925362 │
│ exploitation_train_6038c_00360   TERMINATED   ...lookahead': True}        1            5.39205   0.0481891   0.998578   0.927982 │
│ exploitation_train_6038c_00361   TERMINATED   ...lookahead': True}        1            5.4481    0.0481891   0.998578   0.927982 │
│ exploitation_train_6038c_00362   TERMINATED   ...lookahead': True}        1           10.0814    0.0633806   0.996296   0.921746 │
│ exploitation_train_6038c_00363   TERMINATED   ...lookahead': True}        1           11.9642    0.0648322   0.997367   0.912096 │
│ exploitation_train_6038c_00364   TERMINATED   ...lookahead': True}        2           10.5994    0.0483004   0.99777    0.941838 │
│ exploitation_train_6038c_00365   TERMINATED   ...ookahead': False}        1            9.69398   0.0561235   0.995822   0.931695 │
│ exploitation_train_6038c_00366   TERMINATED   ...lookahead': True}        1            8.26911   0.07429     0.993943   0.935847 │
│ exploitation_train_6038c_00367   TERMINATED   ...ookahead': False}        4           22.097     0.474645    0.985183   0.94293  │
│ exploitation_train_6038c_00368   TERMINATED   ...ookahead': False}        4           22.0008    0.0736592   0.995049   0.955209 │
│ exploitation_train_6038c_00369   TERMINATED   ...lookahead': True}        1            9.81558   0.0591039   0.999298   0.918156 │
│ exploitation_train_6038c_00370   TERMINATED   ...ookahead': False}        4           18.1033    0.0827782   0.997016   0.95375  │
│ exploitation_train_6038c_00371   TERMINATED   ...lookahead': True}        1            8.08879   0.0603225   0.997893   0.91236  │
│ exploitation_train_6038c_00372   TERMINATED   ...lookahead': True}        1           11.3709    0.0562645   0.998209   0.912518 │
│ exploitation_train_6038c_00373   TERMINATED   ...lookahead': True}        1            4.96704   0.0865525   0.99921    0.923206 │
│ exploitation_train_6038c_00374   TERMINATED   ...lookahead': True}        1            4.87407   0.0865525   0.99921    0.923206 │
│ exploitation_train_6038c_00375   TERMINATED   ...lookahead': True}        1            6.66223   0.0573175   0.99289    0.92004  │
│ exploitation_train_6038c_00376   TERMINATED   ...lookahead': True}        4           23.5534    0.0642718   0.99598    0.950389 │
│ exploitation_train_6038c_00377   TERMINATED   ...ookahead': False}        1            6.58183   0.0760746   0.997016   0.932293 │
│ exploitation_train_6038c_00378   TERMINATED   ...lookahead': True}        2           14.6629    0.071997    0.995576   0.941758 │
│ exploitation_train_6038c_00379   TERMINATED   ...lookahead': True}        1           10.0136    0.0628928   0.998613   0.907627 │
│ exploitation_train_6038c_00380   TERMINATED   ...ookahead': False}        1            5.83226   0.184039    0.973632   0.930767 │
│ exploitation_train_6038c_00381   TERMINATED   ...lookahead': True}        2            9.2186    0.0578578   0.998754   0.938257 │
│ exploitation_train_6038c_00382   TERMINATED   ...lookahead': True}        4           16.4136    0.316692    0.995155   0.951147 │
│ exploitation_train_6038c_00383   TERMINATED   ...lookahead': True}        4           16.2142    0.0733065   0.996348   0.958166 │
│ exploitation_train_6038c_00384   TERMINATED   ...lookahead': True}        4           22.7408    0.307561    0.990415   0.946313 │
│ exploitation_train_6038c_00385   TERMINATED   ...lookahead': True}        2           12.7883    0.175869    0.997683   0.93772  │
│ exploitation_train_6038c_00386   TERMINATED   ...lookahead': True}        2           20.0103    0.0576498   0.994628   0.941284 │
│ exploitation_train_6038c_00387   TERMINATED   ...lookahead': True}        1           11.9079    0.092829    0.991644   0.934696 │
│ exploitation_train_6038c_00388   TERMINATED   ...lookahead': True}        1           14.5523    0.061773    0.998209   0.912518 │
│ exploitation_train_6038c_00389   TERMINATED   ...ookahead': False}        2           26.3691    0.0630425   0.995365   0.941653 │
│ exploitation_train_6038c_00390   TERMINATED   ...ookahead': False}        4           46.2847    0.0526045   0.996928   0.942436 │
│ exploitation_train_6038c_00391   TERMINATED   ...lookahead': True}        1            8.12263   0.0472479   0.997964   0.932768 │
│ exploitation_train_6038c_00392   TERMINATED   ...lookahead': True}        1            8.07422   0.0472479   0.997964   0.932768 │
│ exploitation_train_6038c_00393   TERMINATED   ...lookahead': True}        2           15.9898    0.0510349   0.99907    0.941767 │
│ exploitation_train_6038c_00394   TERMINATED   ...lookahead': True}        1            6.62087   0.0558525   0.99763    0.922414 │
│ exploitation_train_6038c_00395   TERMINATED   ...lookahead': True}        1            5.04194   0.0489094   0.998543   0.933058 │
│ exploitation_train_6038c_00396   TERMINATED   ...lookahead': True}        1            5.9956    0.0759706   0.999298   0.902877 │
│ exploitation_train_6038c_00397   TERMINATED   ...lookahead': True}        1            5.19805   0.0489094   0.998543   0.933058 │
│ exploitation_train_6038c_00398   TERMINATED   ...ookahead': False}        1            8.14171   0.048604    0.999263   0.918139 │
│ exploitation_train_6038c_00399   TERMINATED   ...lookahead': True}        4           28.8159    0.049037    0.996893   0.951602 │
╰──────────────────────────────────────────────────────────────────────────────────────────────────────────────────────────────────╯

利用时间:1970.4448244571686 s
------------------------------------------------------------------------------------------------------------------------------------------------------------------------------------------------------------------------------------------------------------------------------------------------------------
总时间：2649.839356660843 s
最佳配置：{'loss': 0.0733065311724999, 'acc': 0.9963484428215301, 'bacc': 0.9581658244132996, 'training_iteration': 4, 'trial_id': '6038c_00383', 'date': '2025-11-18_09-41-43', 'time_this_iter_s': 3.79946231842041, 'time_total_s': 16.214163780212402, 'config': {'use_l1': False, 'l1_lambda': 0.0, 'use_l2': False, 'l2_lambda': 0.0, 'use_dropout': False, 'drop_rate': 0.0, 'use_bn': False, 'use_ln': False, 'use_skip': False, 'skip_type': 'None', 'skip_step': 1, 'skip_drop_prob': 0.0, 'use_data_augment': True, 'da_type': 'mixup', 'cutout_ratio': 0.0, 'cutout_prob': 0.0, 'mixup_alpha': 0.8, 'mixup_prob': 0.5, 'cutmix_alpha': 0.0, 'cutmix_prob': 0.0, 'fgsm_epsilon': 0.0, 'fgsm_prob': 0.0, 'use_swa': False, 'use_lookahead': True}}